11-10 16:10:57.514   968   968 W ziparchive: Unable to open '/data/user_de/0/com.google.android.gms/app_chimera/m/00000005/GoogleCertificates.dm': No such file or directory
11-10 16:10:57.515   968   970 W ziparchive: Unable to open '/data/user_de/0/com.google.android.gms/app_chimera/m/0000000d/dl-VisionOcrDynamite.integ_231602402100000.dm': No such file or directory
11-10 16:10:57.515   968   970 W ziparchive: Unable to open '/data/user_de/0/com.google.android.gms/app_chimera/m/0000000d/dl-VisionOcrDynamite.integ_231602402100000.dm': No such file or directory
11-10 16:10:57.516   968   970 W ziparchive: Unable to open '/data/user_de/0/com.google.android.gms/app_chimera/m/0000001f/dl-AdsFdrDynamite.integ_233702200100000.dm': No such file or directory
11-10 16:10:57.516   968   970 W ziparchive: Unable to open '/data/user_de/0/com.google.android.gms/app_chimera/m/0000001f/dl-AdsFdrDynamite.integ_233702200100000.dm': No such file or directory
11-10 16:10:57.519   968   970 W ziparchive: Unable to open '/data/user_de/0/com.google.android.gms/app_chimera/m/00000000/AdsDynamite.dm': No such file or directory
11-10 16:10:57.519   968   970 W ziparchive: Unable to open '/data/user_de/0/com.google.android.gms/app_chimera/m/00000000/AdsDynamite.dm': No such file or directory
11-10 16:10:57.520   968   970 W ziparchive: Unable to open '/data/user_de/0/com.google.android.gms/app_chimera/m/00000017/MeasurementDynamite.dm': No such file or directory
11-10 16:10:57.520   968   970 W ziparchive: Unable to open '/data/user_de/0/com.google.android.gms/app_chimera/m/00000017/MeasurementDynamite.dm': No such file or directory
11-10 16:10:57.521   968   970 W ziparchive: Unable to open '/data/user_de/0/com.google.android.gms/app_chimera/m/0000000c/dl-PlayCloudSearch.optional_231818100000.dm': No such file or directory
11-10 16:10:57.521   968   970 W ziparchive: Unable to open '/data/user_de/0/com.google.android.gms/app_chimera/m/0000000c/dl-PlayCloudSearch.optional_231818100000.dm': No such file or directory
11-10 16:10:57.524   968   970 W ziparchive: Unable to open '/data/user_de/0/com.google.android.gms/app_chimera/m/0000001c/dl-PlayCloudSearch.optional_234212100000.dm': No such file or directory
11-10 16:10:57.524   968   970 W ziparchive: Unable to open '/data/user_de/0/com.google.android.gms/app_chimera/m/0000001c/dl-PlayCloudSearch.optional_234212100000.dm': No such file or directory
11-10 16:10:57.525   968   970 W ziparchive: Unable to open '/data/user_de/0/com.google.android.gms/app_chimera/m/00000011/CronetDynamite.dm': No such file or directory
11-10 16:10:57.525   968   970 W ziparchive: Unable to open '/data/user_de/0/com.google.android.gms/app_chimera/m/00000011/CronetDynamite.dm': No such file or directory
11-10 16:10:57.525   968   970 W ziparchive: Unable to open '/data/user_de/0/com.google.android.gms/app_chimera/m/00000012/DynamiteLoader.dm': No such file or directory
11-10 16:10:57.525   968   970 W ziparchive: Unable to open '/data/user_de/0/com.google.android.gms/app_chimera/m/00000012/DynamiteLoader.dm': No such file or directory
11-10 16:10:57.526   968   970 W ziparchive: Unable to open '/data/user_de/0/com.google.android.gms/app_chimera/m/00000007/MeasurementDynamite.dm': No such file or directory
11-10 16:10:57.526   968   970 W ziparchive: Unable to open '/data/user_de/0/com.google.android.gms/app_chimera/m/00000007/MeasurementDynamite.dm': No such file or directory
11-10 16:10:58.137   736   762 D EGL_emulation: app_time_stats: avg=283.53ms min=199.50ms max=333.33ms count=4
11-10 16:10:58.197   736   914 D BufferPoolAccessor2.0: bufferpool2 0xb400006d8cc3ee08 : 5(40960 size) total buffers - 1(8192 size) used buffers - 1836/1841 (recycle/alloc) - 13/1840 (fetch/transfer)
11-10 16:10:58.199   431   919 D BufferPoolAccessor2.0: bufferpool2 0xb400007192952c28 : 5(20480 size) total buffers - 1(4096 size) used buffers - 1832/1837 (recycle/alloc) - 6/1836 (fetch/transfer)
11-10 16:10:58.378   736   897 D BufferPoolAccessor2.0: bufferpool2 0xb400006d8cc486a8 : 5(31457280 size) total buffers - 5(31457280 size) used buffers - 1286/1291 (recycle/alloc) - 8/1290 (fetch/transfer)
11-10 16:10:58.786   857   857 D StatusBarIconController: ignoring old pipeline callback because the new wifi icon is enabled
11-10 16:10:59.302   736   762 D EGL_emulation: app_time_stats: avg=291.33ms min=199.79ms max=333.27ms count=4
11-10 16:10:59.918   736   768 D MediaCodec: keep callback message for reclaim
11-10 16:10:59.919   736   886 I CCodecConfig: query failed after returning 12 values (BAD_INDEX)
11-10 16:10:59.919   736   886 W Codec2Client: query -- param skipped: index = 1342179345.
11-10 16:10:59.919   736   886 W Codec2Client: query -- param skipped: index = 2415921170.
11-10 16:10:59.919   736   886 W Codec2Client: query -- param skipped: index = 1610614798.
11-10 16:10:59.921   736   768 D MediaCodec: keep callback message for reclaim
11-10 16:10:59.921   736   914 I CCodecConfig: query failed after returning 20 values (BAD_INDEX)
11-10 16:10:59.921   736   914 W Codec2Client: query -- param skipped: index = 1342179345.
11-10 16:10:59.921   736   914 W Codec2Client: query -- param skipped: index = 2415921170.
11-10 16:10:59.921   736   914 W Codec2Client: query -- param skipped: index = 1610614798.
11-10 16:10:59.928   736   736 D PlayerUtils: entering BUFFERING
11-10 16:10:59.930   361   906 W SimpleC2Component: unknown frame index: 1331
11-10 16:10:59.931   361   906 D SimpleC2Component: work form old generation: was 1 now 0
11-10 16:10:59.931   736   887 D CCodecBufferChannel: [c2.goldfish.h264.decoder#928] flushed work; ignored.
11-10 16:10:59.931   736   887 D CCodecBufferChannel: [c2.goldfish.h264.decoder#928] Discard frames from previous generation.
11-10 16:10:59.933   736   863 D TrafficStats: tagSocket(137) with statsTag=0xffffffff, statsUid=-1
11-10 16:10:59.935   736   828 D TrafficStats: tagSocket(139) with statsTag=0xffffffff, statsUid=-1
11-10 16:10:59.937   736   984 W HTTPTest: Received request:
11-10 16:10:59.937   736   984 W HTTPTest: GET /vod.mp4 HTTP/1.1
11-10 16:10:59.937   736   984 W HTTPTest: Icy-MetaData: 1
11-10 16:10:59.937   736   984 W HTTPTest: Range: bytes=2944478-
11-10 16:10:59.937   736   984 W HTTPTest: Accept-Encoding: identity
11-10 16:10:59.937   736   984 W HTTPTest: User-Agent: Dalvik/2.1.0 (Linux; U; Android 14; sdk_gphone64_arm64 Build/UE1A.230829.030)
11-10 16:10:59.937   736   984 W HTTPTest: Host: localhost:5000
11-10 16:10:59.937   736   984 W HTTPTest: Connection: Keep-Alive
11-10 16:10:59.943   736   885 E HTTPTestConnSender: Connection closed by the client !!!
11-10 16:10:59.943   736   885 E HTTPTestConnSender: java.net.SocketException: Broken pipe
11-10 16:10:59.943   736   885 E HTTPTestConnSender: 	at java.net.SocketOutputStream.socketWrite0(Native Method)
11-10 16:10:59.943   736   885 E HTTPTestConnSender: 	at java.net.SocketOutputStream.socketWrite(SocketOutputStream.java:116)
11-10 16:10:59.943   736   885 E HTTPTestConnSender: 	at java.net.SocketOutputStream.write(SocketOutputStream.java:156)
11-10 16:10:59.943   736   885 E HTTPTestConnSender: 	at com.mux.player.media3.automatedtests.mockup.http.ConnectionSender.serveStaticData(ConnectionSender.java:332)
11-10 16:10:59.943   736   885 E HTTPTestConnSender: 	at com.mux.player.media3.automatedtests.mockup.http.ConnectionSender.run(ConnectionSender.java:163)
11-10 16:10:59.944   736   983 I HTTPTestConnSender: Got range header value: 2944478
11-10 16:10:59.948   736   983 I HTTPTestConnSender: Serving file from position: 2944478, remaining bytes: 14398056, total file size: 17342534
11-10 16:10:59.949   736   983 W HTTPTestConnSender: Sending response:
11-10 16:10:59.949   736   983 W HTTPTestConnSender: HTTP/1.1 206 Partial Content
11-10 16:10:59.949   736   983 W HTTPTestConnSender: Server: SimpleHttpServer/1.0
11-10 16:10:59.949   736   983 W HTTPTestConnSender: Content-Type: video/mp4
11-10 16:10:59.949   736   983 W HTTPTestConnSender: Content-Range: bytes 2944478-17342533/17342534
11-10 16:10:59.949   736   983 W HTTPTestConnSender: Accept-Ranges: bytes
11-10 16:10:59.949   736   983 W HTTPTestConnSender: Content-Length: 14398056
11-10 16:10:59.949   736   983 W HTTPTestConnSender: Automated-Test-File-Name: vod.mp4
11-10 16:10:59.949   736   983 W HTTPTestConnSender: Request-segment-uuid: dfdf354c-05e7-489c-8f83-834488ab3a13
11-10 16:10:59.949   736   983 W HTTPTestConnSender: Request-Delay: 0
11-10 16:10:59.949   736   983 W HTTPTestConnSender: Connection: close
11-10 16:10:59.949   736   983 W HTTPTestConnSender:
11-10 16:11:00.034   857   946 D EGL_emulation: app_time_stats: avg=45162.31ms min=45162.31ms max=45162.31ms count=1
11-10 16:11:00.035  1678  2040 I AiAiEcho: Predicting[0]:
11-10 16:11:00.035  1678  2040 I AiAiEcho: EchoTargets:
11-10 16:11:00.035  1678  2040 I AiAiEcho: Filtered by AiAi flag check:
11-10 16:11:00.036  1678  2040 I AiAiEcho: Ranked targets strategy: SORT, count: 0, ranking metadata:
11-10 16:11:00.037  1678  2040 I AiAiEcho: #postPredictionTargets: Sending updates to UISurface lockscreen with targets# 0 (types=[])
11-10 16:11:00.038   857   857 W PageIndicator: Total number of pages invalid: 0. Assuming 1 page.
11-10 16:11:00.046   383   478 D audioserver: FGS Logger Transaction failed
11-10 16:11:00.046   383   478 D audioserver: -129
11-10 16:11:00.060   383   478 D audioserver: FGS Logger Transaction failed
11-10 16:11:00.060   383   478 D audioserver: -129
11-10 16:11:00.107   736   897 D CCodecBufferChannel: [c2.goldfish.h264.decoder#928] Ignoring stale input buffer done callback: last flush index = 1336, frameIndex = 1336
11-10 16:11:00.953   736   762 D EGL_emulation: app_time_stats: avg=550.16ms min=308.19ms max=1007.67ms count=3
11-10 16:11:01.791   857   857 D StatusBarIconController: ignoring old pipeline callback because the new wifi icon is enabled
11-10 16:11:02.030   383 15355 W AudioFlinger: createTrack_l(): mismatch between requested flags (00000008) and output flags (00000002)
11-10 16:11:02.031   383 15355 D AudioFlinger: Client defaulted notificationFrames to 8024 for frameCount 16048
11-10 16:11:02.032   383 15355 D AF::TrackHandle: OpPlayAudio: track:73 usage:1 not muted
11-10 16:11:02.917   351  8021 D android.hardware.audio@7.1-impl.ranchu: threadLoop: entering standby, frames: 15268992
11-10 16:11:02.952   736   762 D EGL_emulation: app_time_stats: avg=999.68ms min=999.45ms max=999.90ms count=2
11-10 16:11:03.955   736   762 D EGL_emulation: app_time_stats: avg=1002.83ms min=1002.83ms max=1002.83ms count=1
11-10 16:11:04.133   383 15355 D audioserver: FGS Logger Transaction failed
11-10 16:11:04.133   383 15355 D audioserver: -129
11-10 16:11:04.140   736   768 D AudioTrack: getTimestamp_l(33): device stall time corrected using current time 28907499627295
11-10 16:11:04.140   736   736 D PlayerUtils: entering READY
11-10 16:11:04.165   736   897 D BufferPoolAccessor2.0: bufferpool2 0xb400006d8cc486a8 : 5(31457280 size) total buffers - 5(31457280 size) used buffers - 1431/1436 (recycle/alloc) - 8/1436 (fetch/transfer)
11-10 16:11:04.181   736   914 D BufferPoolAccessor2.0: bufferpool2 0xb400006d8cc3ee08 : 5(40960 size) total buffers - 1(8192 size) used buffers - 1939/1944 (recycle/alloc) - 17/1942 (fetch/transfer)
11-10 16:11:04.183   431   919 D BufferPoolAccessor2.0: bufferpool2 0xb400007192952c28 : 5(20480 size) total buffers - 1(4096 size) used buffers - 1932/1937 (recycle/alloc) - 10/1936 (fetch/transfer)
11-10 16:11:04.205   383   478 D AudioFlinger: mixer(0xb4000079ab52f930) throttle end: throttle time(35)
11-10 16:11:04.850   857   857 D StatusBarIconController: ignoring old pipeline callbacks, because the new mobile icons are enabled
11-10 16:11:05.037   736   762 D EGL_emulation: app_time_stats: avg=270.29ms min=198.74ms max=333.81ms count=4
11-10 16:11:06.236   736   762 D EGL_emulation: app_time_stats: avg=299.90ms min=233.92ms max=333.71ms count=4
11-10 16:11:07.035   736   773 D MuxStatsEventQueue: attempt to send 5 events, total queue size 5
11-10 16:11:07.036   736   773 D MuxStatsEventQueue:     sending hb with 15 dims
11-10 16:11:07.037   736   773 D MuxStatsEventQueue:     sending pause with 15 dims
11-10 16:11:07.038   736   773 D MuxStatsEventQueue:     sending seeking with 12 dims
11-10 16:11:07.038   736   773 D MuxStatsEventQueue:     sending seeked with 16 dims
11-10 16:11:07.039   736   773 D MuxStatsEventQueue:     sending playing with 13 dims
11-10 16:11:07.039   736   773 D MuxStatsEventQueue: submit 5 events to batch handler
11-10 16:11:07.039   736   773 D MuxStatsEventQueue:     [hb, pause, seeking, seeked, playing, ]
11-10 16:11:07.043   736   773 V MockNetworkRequest: Mock network postWithCompletion called with body
11-10 16:11:07.043   736   773 V MockNetworkRequest: {"events":[{"xid":"b3f768c1-521b-4bb7-993b-6f2df3319755","xwati":"45013","uti":"1699661458135","xsqno":"12","xctpbti":"41819","xmaphps":"41884","pinid":"72f4132e-8d48-4ea3-bc9a-7d67046dd9cd","pphti":"41884","psqno":"12","ake":"","mapve":"2.1","sex":"1699662958135","udvnm":"","udvcg":"","e":"hb"},{"xid":"b3f768c1-521b-4bb7-993b-6f2df3319755","xwati":"46796","uti":"1699661459918","xsqno":"13","xctpbti":"43628","xmaphps":"43693","pinid":"72f4132e-8d48-4ea3-bc9a-7d67046dd9cd","pphti":"43693","psqno":"13","ake":"","mapve":"2.1","sex":"1699662959918","udvnm":"","udvcg":"","e":"pause"},{"xid":"b3f768c1-521b-4bb7-993b-6f2df3319755","uti":"1699661459922","xsqno":"14","pinid":"72f4132e-8d48-4ea3-bc9a-7d67046dd9cd","pphti":"43693","psqno":"14","ake":"","mapve":"2.1","sex":"1699662959922","udvnm":"","udvcg":"","e":"seeking"},{"xid":"b3f768c1-521b-4bb7-993b-6f2df3319755","xwati":"51009","uti":"1699661464142","xsqno":"15","xskco":"1","xskdu":"4220","xmaskti":"4220","pinid":"72f4132e-8d48-4ea3-bc9a-7d67046dd9cd","pphti":"21897","psqno":"15","ake":"","mapve":"2.1","sex":"1699662964142","udvnm":"","udvcg":"","e":"seeked"},{"xid":"b3f768c1-521b-4bb7-993b-6f2df3319755","xwati":"51022","uti":"1699661464148","xsqno":"16","pinid":"72f4132e-8d48-4ea3-bc9a-7d67046dd9cd","pphti":"21897","psqno":"16","ake":"","mapve":"2.1","sex":"1699662964148","udvnm":"","udvcg":"","e":"playing"}],"metadata":{"rtt_ms":1,"transmission_timestamp":1699661467039}}
11-10 16:11:07.045   736   773 D MuxStatsEventQueue: last batch handler result true
11-10 16:11:07.269   736   762 D EGL_emulation: app_time_stats: avg=258.28ms min=199.98ms max=332.77ms count=4
11-10 16:11:07.498   968   968 W ziparchive: Unable to open '/data/user_de/0/com.google.android.gms/app_chimera/m/00000009/dl-MlkitBarcodeUi.optional_231818100000.dm': No such file or directory
11-10 16:11:07.498   968   968 W ziparchive: Unable to open '/data/user_de/0/com.google.android.gms/app_chimera/m/00000009/dl-MlkitBarcodeUi.optional_231818100000.dm': No such file or directory
11-10 16:11:07.499   968   968 W ziparchive: Unable to open '/data/user_de/0/com.google.android.gms/app_chimera/m/0000000e/dl-TfliteDynamiteDynamite.integ_231810005100400.dm': No such file or directory
11-10 16:11:07.499   968   968 W ziparchive: Unable to open '/data/user_de/0/com.google.android.gms/app_chimera/m/0000000e/dl-TfliteDynamiteDynamite.integ_231810005100400.dm': No such file or directory
11-10 16:11:07.502   968   968 W ziparchive: Unable to open '/data/user_de/0/com.google.android.gms/app_chimera/m/00000001/CronetDynamite.dm': No such file or directory
11-10 16:11:07.502   968   968 W ziparchive: Unable to open '/data/user_de/0/com.google.android.gms/app_chimera/m/00000001/CronetDynamite.dm': No such file or directory
11-10 16:11:07.503   968   968 W ziparchive: Unable to open '/data/user_de/0/com.google.android.gms/app_chimera/m/0000001a/dl-MlkitBarcodeUi.optional_234212100400.dm': No such file or directory
11-10 16:11:07.503   968   968 W ziparchive: Unable to open '/data/user_de/0/com.google.android.gms/app_chimera/m/0000001a/dl-MlkitBarcodeUi.optional_234212100400.dm': No such file or directory
11-10 16:11:07.503   968   968 W ziparchive: Unable to open '/data/user_de/0/com.google.android.gms/app_chimera/m/00000010/AdsDynamite.dm': No such file or directory
11-10 16:11:07.503   968   968 W ziparchive: Unable to open '/data/user_de/0/com.google.android.gms/app_chimera/m/00000010/AdsDynamite.dm': No such file or directory
11-10 16:11:07.504   968   968 W ziparchive: Unable to open '/data/user_de/0/com.google.android.gms/app_chimera/m/00000002/DynamiteLoader.dm': No such file or directory
11-10 16:11:07.504   968   968 W ziparchive: Unable to open '/data/user_de/0/com.google.android.gms/app_chimera/m/00000002/DynamiteLoader.dm': No such file or directory
11-10 16:11:07.507   968   968 W ziparchive: Unable to open '/data/user_de/0/com.google.android.gms/app_chimera/m/0000001e/dl-VisionOcr.optional_234212100000.dm': No such file or directory
11-10 16:11:07.507   968   968 W ziparchive: Unable to open '/data/user_de/0/com.google.android.gms/app_chimera/m/0000001e/dl-VisionOcr.optional_234212100000.dm': No such file or directory
11-10 16:11:07.509   968   968 W ziparchive: Unable to open '/data/user_de/0/com.google.android.gms/app_chimera/m/0000001b/dl-MlkitOcrCommon.optional_234212100400.dm': No such file or directory
11-10 16:11:07.509   968   968 W ziparchive: Unable to open '/data/user_de/0/com.google.android.gms/app_chimera/m/0000001b/dl-MlkitOcrCommon.optional_234212100400.dm': No such file or directory
11-10 16:11:07.509   968   968 W ziparchive: Unable to open '/data/user_de/0/com.google.android.gms/app_chimera/m/00000005/GoogleCertificates.dm': No such file or directory
11-10 16:11:07.509   968   968 W ziparchive: Unable to open '/data/user_de/0/com.google.android.gms/app_chimera/m/00000005/GoogleCertificates.dm': No such file or directory
11-10 16:11:07.510   968   968 W ziparchive: Unable to open '/data/user_de/0/com.google.android.gms/app_chimera/m/0000000d/dl-VisionOcrDynamite.integ_231602402100000.dm': No such file or directory
11-10 16:11:07.510   968   968 W ziparchive: Unable to open '/data/user_de/0/com.google.android.gms/app_chimera/m/0000000d/dl-VisionOcrDynamite.integ_231602402100000.dm': No such file or directory
11-10 16:11:07.511   968   968 W ziparchive: Unable to open '/data/user_de/0/com.google.android.gms/app_chimera/m/0000001f/dl-AdsFdrDynamite.integ_233702200100000.dm': No such file or directory
11-10 16:11:07.511   968   968 W ziparchive: Unable to open '/data/user_de/0/com.google.android.gms/app_chimera/m/0000001f/dl-AdsFdrDynamite.integ_233702200100000.dm': No such file or directory
11-10 16:11:07.517   968   968 W ziparchive: Unable to open '/data/user_de/0/com.google.android.gms/app_chimera/m/00000000/AdsDynamite.dm': No such file or directory
11-10 16:11:07.517   968   968 W ziparchive: Unable to open '/data/user_de/0/com.google.android.gms/app_chimera/m/00000000/AdsDynamite.dm': No such file or directory
11-10 16:11:07.517   968   968 W ziparchive: Unable to open '/data/user_de/0/com.google.android.gms/app_chimera/m/00000017/MeasurementDynamite.dm': No such file or directory
11-10 16:11:07.517   968   968 W ziparchive: Unable to open '/data/user_de/0/com.google.android.gms/app_chimera/m/00000017/MeasurementDynamite.dm': No such file or directory
11-10 16:11:07.519   968   968 W ziparchive: Unable to open '/data/user_de/0/com.google.android.gms/app_chimera/m/0000000c/dl-PlayCloudSearch.optional_231818100000.dm': No such file or directory
11-10 16:11:07.519   968   968 W ziparchive: Unable to open '/data/user_de/0/com.google.android.gms/app_chimera/m/0000000c/dl-PlayCloudSearch.optional_231818100000.dm': No such file or directory
11-10 16:11:07.522   968   968 W ziparchive: Unable to open '/data/user_de/0/com.google.android.gms/app_chimera/m/0000001c/dl-PlayCloudSearch.optional_234212100000.dm': No such file or directory
11-10 16:11:07.522   968   968 W ziparchive: Unable to open '/data/user_de/0/com.google.android.gms/app_chimera/m/0000001c/dl-PlayCloudSearch.optional_234212100000.dm': No such file or directory
11-10 16:11:07.523   968   968 W ziparchive: Unable to open '/data/user_de/0/com.google.android.gms/app_chimera/m/00000011/CronetDynamite.dm': No such file or directory
11-10 16:11:07.523   968   968 W ziparchive: Unable to open '/data/user_de/0/com.google.android.gms/app_chimera/m/00000011/CronetDynamite.dm': No such file or directory
11-10 16:11:07.523   968   968 W ziparchive: Unable to open '/data/user_de/0/com.google.android.gms/app_chimera/m/00000012/DynamiteLoader.dm': No such file or directory
11-10 16:11:07.523   968   968 W ziparchive: Unable to open '/data/user_de/0/com.google.android.gms/app_chimera/m/00000012/DynamiteLoader.dm': No such file or directory
11-10 16:11:07.525   968   968 W ziparchive: Unable to open '/data/user_de/0/com.google.android.gms/app_chimera/m/00000007/MeasurementDynamite.dm': No such file or directory
11-10 16:11:07.525   968   968 W ziparchive: Unable to open '/data/user_de/0/com.google.android.gms/app_chimera/m/00000007/MeasurementDynamite.dm': No such file or directory
11-10 16:11:08.438   736   762 D EGL_emulation: app_time_stats: avg=292.08ms min=201.48ms max=334.92ms count=4
11-10 16:11:09.265   431   919 D BufferPoolAccessor2.0: bufferpool2 0xb400007192952c28 : 5(20480 size) total buffers - 1(4096 size) used buffers - 2152/2157 (recycle/alloc) - 10/2156 (fetch/transfer)
11-10 16:11:09.285   736   886 D BufferPoolAccessor2.0: bufferpool2 0xb400006d8cc486a8 : 5(31457280 size) total buffers - 4(25165824 size) used buffers - 1584/1589 (recycle/alloc) - 9/1590 (fetch/transfer)
11-10 16:11:09.636   736   762 D EGL_emulation: app_time_stats: avg=299.43ms min=199.78ms max=333.07ms count=4
11-10 16:11:09.745   736   914 D BufferPoolAccessor2.0: bufferpool2 0xb400006d8cc3ee08 : 5(40960 size) total buffers - 1(8192 size) used buffers - 2179/2184 (recycle/alloc) - 21/2182 (fetch/transfer)
11-10 16:11:10.903   736   762 D EGL_emulation: app_time_stats: avg=316.82ms min=298.92ms max=333.99ms count=4
11-10 16:11:12.216   736   762 D EGL_emulation: app_time_stats: avg=328.16ms min=199.64ms max=479.73ms count=4
11-10 16:11:12.242   383   478 D AudioFlinger: mixer(0xb4000079ab52f930) throttle end: throttle time(7)
11-10 16:11:12.384   383   478 D AudioFlinger: mixer(0xb4000079ab52f930) throttle end: throttle time(42)
11-10 16:11:13.236   736   762 D EGL_emulation: app_time_stats: avg=250.26ms min=90.22ms max=312.74ms count=4
11-10 16:11:13.708  2220  2220 W adbd    : timeout expired while flushing socket, closing
11-10 16:11:14.126   383   478 D AudioFlinger: mixer(0xb4000079ab52f930) throttle end: throttle time(7)
11-10 16:11:14.371   736   897 D BufferPoolAccessor2.0: bufferpool2 0xb400006d8cc486a8 : 5(31457280 size) total buffers - 5(31457280 size) used buffers - 1735/1740 (recycle/alloc) - 9/1740 (fetch/transfer)
11-10 16:11:14.403   736   762 D EGL_emulation: app_time_stats: avg=291.74ms min=197.40ms max=337.94ms count=4
11-10 16:11:14.629   431   919 D BufferPoolAccessor2.0: bufferpool2 0xb400007192952c28 : 5(20480 size) total buffers - 1(4096 size) used buffers - 2381/2386 (recycle/alloc) - 10/2385 (fetch/transfer)
11-10 16:11:14.872   857   857 D StatusBarIconController: ignoring old pipeline callbacks, because the new mobile icons are enabled
11-10 16:11:15.179   736   914 D BufferPoolAccessor2.0: bufferpool2 0xb400006d8cc3ee08 : 5(40960 size) total buffers - 1(8192 size) used buffers - 2412/2417 (recycle/alloc) - 21/2415 (fetch/transfer)
11-10 16:11:15.606   736   762 D EGL_emulation: app_time_stats: avg=300.77ms min=234.02ms max=343.24ms count=4
11-10 16:11:16.806   736   762 D EGL_emulation: app_time_stats: avg=299.94ms min=199.14ms max=337.29ms count=4
11-10 16:11:17.067   736   774 D MuxStatsEventQueue: attempt to send 1 events, total queue size 1
11-10 16:11:17.068   736   774 D MuxStatsEventQueue:     sending hb with 14 dims
11-10 16:11:17.068   736   774 D MuxStatsEventQueue: submit 1 events to batch handler
11-10 16:11:17.068   736   774 D MuxStatsEventQueue:     [hb, ]
11-10 16:11:17.069   736   774 V MockNetworkRequest: Mock network postWithCompletion called with body
11-10 16:11:17.069   736   774 V MockNetworkRequest: {"events":[{"xid":"b3f768c1-521b-4bb7-993b-6f2df3319755","xwati":"61108","uti":"1699661474234","xsqno":"17","xctpbti":"53613","pinid":"72f4132e-8d48-4ea3-bc9a-7d67046dd9cd","pphti":"31882","psqno":"17","ake":"","mapve":"2.1","sex":"1699662974234","udvnm":"","udvcg":"","e":"hb"}],"metadata":{"rtt_ms":6,"transmission_timestamp":1699661477068}}
11-10 16:11:17.069   736   774 D MuxStatsEventQueue: last batch handler result true
11-10 16:11:17.515   968   968 W ziparchive: Unable to open '/data/user_de/0/com.google.android.gms/app_chimera/m/00000009/dl-MlkitBarcodeUi.optional_231818100000.dm': No such file or directory
11-10 16:11:17.515   968   968 W ziparchive: Unable to open '/data/user_de/0/com.google.android.gms/app_chimera/m/00000009/dl-MlkitBarcodeUi.optional_231818100000.dm': No such file or directory
11-10 16:11:17.517   968   968 W ziparchive: Unable to open '/data/user_de/0/com.google.android.gms/app_chimera/m/0000000e/dl-TfliteDynamiteDynamite.integ_231810005100400.dm': No such file or directory
11-10 16:11:17.517   968   968 W ziparchive: Unable to open '/data/user_de/0/com.google.android.gms/app_chimera/m/0000000e/dl-TfliteDynamiteDynamite.integ_231810005100400.dm': No such file or directory
11-10 16:11:17.518   968   968 W ziparchive: Unable to open '/data/user_de/0/com.google.android.gms/app_chimera/m/00000001/CronetDynamite.dm': No such file or directory
11-10 16:11:17.518   968   968 W ziparchive: Unable to open '/data/user_de/0/com.google.android.gms/app_chimera/m/00000001/CronetDynamite.dm': No such file or directory
11-10 16:11:17.520   968   968 W ziparchive: Unable to open '/data/user_de/0/com.google.android.gms/app_chimera/m/0000001a/dl-MlkitBarcodeUi.optional_234212100400.dm': No such file or directory
11-10 16:11:17.520   968   968 W ziparchive: Unable to open '/data/user_de/0/com.google.android.gms/app_chimera/m/0000001a/dl-MlkitBarcodeUi.optional_234212100400.dm': No such file or directory
11-10 16:11:17.521   968   968 W ziparchive: Unable to open '/data/user_de/0/com.google.android.gms/app_chimera/m/00000010/AdsDynamite.dm': No such file or directory
11-10 16:11:17.521   968   968 W ziparchive: Unable to open '/data/user_de/0/com.google.android.gms/app_chimera/m/00000010/AdsDynamite.dm': No such file or directory
11-10 16:11:17.522   968   968 W ziparchive: Unable to open '/data/user_de/0/com.google.android.gms/app_chimera/m/00000002/DynamiteLoader.dm': No such file or directory
11-10 16:11:17.522   968   968 W ziparchive: Unable to open '/data/user_de/0/com.google.android.gms/app_chimera/m/00000002/DynamiteLoader.dm': No such file or directory
11-10 16:11:17.526   968   968 W ziparchive: Unable to open '/data/user_de/0/com.google.android.gms/app_chimera/m/0000001e/dl-VisionOcr.optional_234212100000.dm': No such file or directory
11-10 16:11:17.526   968   968 W ziparchive: Unable to open '/data/user_de/0/com.google.android.gms/app_chimera/m/0000001e/dl-VisionOcr.optional_234212100000.dm': No such file or directory
11-10 16:11:17.527   968   970 W ziparchive: Unable to open '/data/user_de/0/com.google.android.gms/app_chimera/m/0000001b/dl-MlkitOcrCommon.optional_234212100400.dm': No such file or directory
11-10 16:11:17.527   968   970 W ziparchive: Unable to open '/data/user_de/0/com.google.android.gms/app_chimera/m/0000001b/dl-MlkitOcrCommon.optional_234212100400.dm': No such file or directory
11-10 16:11:17.528   968   970 W ziparchive: Unable to open '/data/user_de/0/com.google.android.gms/app_chimera/m/00000005/GoogleCertificates.dm': No such file or directory
11-10 16:11:17.528   968   970 W ziparchive: Unable to open '/data/user_de/0/com.google.android.gms/app_chimera/m/00000005/GoogleCertificates.dm': No such file or directory
11-10 16:11:17.529   968   970 W ziparchive: Unable to open '/data/user_de/0/com.google.android.gms/app_chimera/m/0000000d/dl-VisionOcrDynamite.integ_231602402100000.dm': No such file or directory
11-10 16:11:17.529   968   970 W ziparchive: Unable to open '/data/user_de/0/com.google.android.gms/app_chimera/m/0000000d/dl-VisionOcrDynamite.integ_231602402100000.dm': No such file or directory
11-10 16:11:17.530   968   970 W ziparchive: Unable to open '/data/user_de/0/com.google.android.gms/app_chimera/m/0000001f/dl-AdsFdrDynamite.integ_233702200100000.dm': No such file or directory
11-10 16:11:17.530   968   970 W ziparchive: Unable to open '/data/user_de/0/com.google.android.gms/app_chimera/m/0000001f/dl-AdsFdrDynamite.integ_233702200100000.dm': No such file or directory
11-10 16:11:17.534   968   970 W ziparchive: Unable to open '/data/user_de/0/com.google.android.gms/app_chimera/m/00000000/AdsDynamite.dm': No such file or directory
11-10 16:11:17.534   968   970 W ziparchive: Unable to open '/data/user_de/0/com.google.android.gms/app_chimera/m/00000000/AdsDynamite.dm': No such file or directory
11-10 16:11:17.534   968   970 W ziparchive: Unable to open '/data/user_de/0/com.google.android.gms/app_chimera/m/00000017/MeasurementDynamite.dm': No such file or directory
11-10 16:11:17.534   968   970 W ziparchive: Unable to open '/data/user_de/0/com.google.android.gms/app_chimera/m/00000017/MeasurementDynamite.dm': No such file or directory
11-10 16:11:17.535   968   970 W ziparchive: Unable to open '/data/user_de/0/com.google.android.gms/app_chimera/m/0000000c/dl-PlayCloudSearch.optional_231818100000.dm': No such file or directory
11-10 16:11:17.535   968   970 W ziparchive: Unable to open '/data/user_de/0/com.google.android.gms/app_chimera/m/0000000c/dl-PlayCloudSearch.optional_231818100000.dm': No such file or directory
11-10 16:11:17.538   968   970 W ziparchive: Unable to open '/data/user_de/0/com.google.android.gms/app_chimera/m/0000001c/dl-PlayCloudSearch.optional_234212100000.dm': No such file or directory
11-10 16:11:17.538   968   970 W ziparchive: Unable to open '/data/user_de/0/com.google.android.gms/app_chimera/m/0000001c/dl-PlayCloudSearch.optional_234212100000.dm': No such file or directory
11-10 16:11:17.539   968   970 W ziparchive: Unable to open '/data/user_de/0/com.google.android.gms/app_chimera/m/00000011/CronetDynamite.dm': No such file or directory
11-10 16:11:17.539   968   970 W ziparchive: Unable to open '/data/user_de/0/com.google.android.gms/app_chimera/m/00000011/CronetDynamite.dm': No such file or directory
11-10 16:11:17.539   968   970 W ziparchive: Unable to open '/data/user_de/0/com.google.android.gms/app_chimera/m/00000012/DynamiteLoader.dm': No such file or directory
11-10 16:11:17.539   968   970 W ziparchive: Unable to open '/data/user_de/0/com.google.android.gms/app_chimera/m/00000012/DynamiteLoader.dm': No such file or directory
11-10 16:11:17.540   968   970 W ziparchive: Unable to open '/data/user_de/0/com.google.android.gms/app_chimera/m/00000007/MeasurementDynamite.dm': No such file or directory
11-10 16:11:17.540   968   970 W ziparchive: Unable to open '/data/user_de/0/com.google.android.gms/app_chimera/m/00000007/MeasurementDynamite.dm': No such file or directory
11-10 16:11:17.972   736   762 D EGL_emulation: app_time_stats: avg=291.33ms min=216.00ms max=334.75ms count=4
11-10 16:11:18.115   383   478 D AudioFlinger: mixer(0xb4000079ab52f930) throttle end: throttle time(2)
11-10 16:11:18.972   736   762 D EGL_emulation: app_time_stats: avg=333.31ms min=331.41ms max=335.29ms count=3
11-10 16:11:18.979   383   478 D AudioFlinger: mixer(0xb4000079ab52f930) throttle end: throttle time(6)
11-10 16:11:19.466   736   886 D BufferPoolAccessor2.0: bufferpool2 0xb400006d8cc486a8 : 5(31457280 size) total buffers - 4(25165824 size) used buffers - 1888/1893 (recycle/alloc) - 9/1894 (fetch/transfer)
11-10 16:11:20.139   736   762 D EGL_emulation: app_time_stats: avg=291.70ms min=197.47ms max=334.55ms count=4
11-10 16:11:20.172   431   919 D BufferPoolAccessor2.0: bufferpool2 0xb400007192952c28 : 5(20480 size) total buffers - 1(4096 size) used buffers - 2619/2624 (recycle/alloc) - 11/2623 (fetch/transfer)
11-10 16:11:20.683   736   914 D BufferPoolAccessor2.0: bufferpool2 0xb400006d8cc3ee08 : 5(40960 size) total buffers - 1(8192 size) used buffers - 2649/2654 (recycle/alloc) - 21/2652 (fetch/transfer)
11-10 16:11:21.308   736   762 D EGL_emulation: app_time_stats: avg=292.16ms min=198.98ms max=336.83ms count=4
11-10 16:11:21.934   736   768 D MediaCodec: keep callback message for reclaim
11-10 16:11:21.935   361   906 W SimpleC2Component: unknown frame index: 1960
11-10 16:11:21.935   736   736 D PlayerUtils: entering BUFFERING
11-10 16:11:21.935   361   906 D SimpleC2Component: work form old generation: was 2 now 1
11-10 16:11:21.936   736   887 D CCodecBufferChannel: [c2.goldfish.h264.decoder#928] flushed work; ignored.
11-10 16:11:21.937   736   887 D CCodecBufferChannel: [c2.goldfish.h264.decoder#928] Discard frames from previous generation.
11-10 16:11:21.937   736   886 I CCodecConfig: query failed after returning 12 values (BAD_INDEX)
11-10 16:11:21.941   736   886 W Codec2Client: query -- param skipped: index = 1342179345.
11-10 16:11:21.941   736   886 W Codec2Client: query -- param skipped: index = 2415921170.
11-10 16:11:21.941   736   886 W Codec2Client: query -- param skipped: index = 1610614798.
11-10 16:11:21.946   383   478 D AudioFlinger: mixer(0xb4000079ab52f930) throttle end: throttle time(4)
11-10 16:11:21.946   736   914 D CCodecBuffers: [c2.android.aac.decoder#753:1D-Output.Impl[N]] Client returned a buffer it does not own according to our record: 0
11-10 16:11:21.946   736   914 D CCodecBuffers: [c2.android.aac.decoder#753:1D-Output.Impl[N]] Client returned a buffer it does not own according to our record: 1
11-10 16:11:21.947   736   768 D MediaCodec: keep callback message for reclaim
11-10 16:11:21.947   736   914 I CCodecConfig: query failed after returning 20 values (BAD_INDEX)
11-10 16:11:21.947   736   914 W Codec2Client: query -- param skipped: index = 1342179345.
11-10 16:11:21.947   736   914 W Codec2Client: query -- param skipped: index = 2415921170.
11-10 16:11:21.947   736   914 W Codec2Client: query -- param skipped: index = 1610614798.
11-10 16:11:21.965   736   863 D TrafficStats: tagSocket(137) with statsTag=0xffffffff, statsUid=-1
11-10 16:11:21.970   736   828 D TrafficStats: tagSocket(156) with statsTag=0xffffffff, statsUid=-1
11-10 16:11:21.971   736  1003 W HTTPTest: Received request:
11-10 16:11:21.971   736  1003 W HTTPTest: GET /vod.mp4 HTTP/1.1
11-10 16:11:21.971   736  1003 W HTTPTest: Icy-MetaData: 1
11-10 16:11:21.971   736  1003 W HTTPTest: Range: bytes=11654918-
11-10 16:11:21.971   736  1003 W HTTPTest: Accept-Encoding: identity
11-10 16:11:21.971   736  1003 W HTTPTest: User-Agent: Dalvik/2.1.0 (Linux; U; Android 14; sdk_gphone64_arm64 Build/UE1A.230829.030)
11-10 16:11:21.971   736  1003 W HTTPTest: Host: localhost:5000
11-10 16:11:21.971   736  1003 W HTTPTest: Connection: Keep-Alive
11-10 16:11:21.973   736   999 I HTTPTestConnSender: Got range header value: 11654918
11-10 16:11:21.973   736   999 I HTTPTestConnSender: Serving file from position: 11654918, remaining bytes: 5687616, total file size: 17342534
11-10 16:11:21.973   736   999 W HTTPTestConnSender: Sending response:
11-10 16:11:21.973   736   999 W HTTPTestConnSender: HTTP/1.1 206 Partial Content
11-10 16:11:21.973   736   999 W HTTPTestConnSender: Server: SimpleHttpServer/1.0
11-10 16:11:21.973   736   999 W HTTPTestConnSender: Content-Type: video/mp4
11-10 16:11:21.973   736   999 W HTTPTestConnSender: Content-Range: bytes 11654918-17342533/17342534
11-10 16:11:21.973   736   999 W HTTPTestConnSender: Accept-Ranges: bytes
11-10 16:11:21.973   736   999 W HTTPTestConnSender: Content-Length: 5687616
11-10 16:11:21.973   736   999 W HTTPTestConnSender: Automated-Test-File-Name: vod.mp4
11-10 16:11:21.973   736   999 W HTTPTestConnSender: Request-segment-uuid: 2b0bae21-5cc3-4e35-acee-9753fe8a864a
11-10 16:11:21.973   736   999 W HTTPTestConnSender: Request-Delay: 0
11-10 16:11:21.973   736   999 W HTTPTestConnSender: Connection: close
11-10 16:11:21.973   736   999 W HTTPTestConnSender:
11-10 16:11:21.981   736   986 E HTTPTestConnSender: Connection closed by the client !!!
11-10 16:11:21.981   736   986 E HTTPTestConnSender: java.net.SocketException: Broken pipe
11-10 16:11:21.981   736   986 E HTTPTestConnSender: 	at java.net.SocketOutputStream.socketWrite0(Native Method)
11-10 16:11:21.981   736   986 E HTTPTestConnSender: 	at java.net.SocketOutputStream.socketWrite(SocketOutputStream.java:116)
11-10 16:11:21.981   736   986 E HTTPTestConnSender: 	at java.net.SocketOutputStream.write(SocketOutputStream.java:156)
11-10 16:11:21.981   736   986 E HTTPTestConnSender: 	at com.mux.player.media3.automatedtests.mockup.http.ConnectionSender.serveStaticData(ConnectionSender.java:332)
11-10 16:11:21.981   736   986 E HTTPTestConnSender: 	at com.mux.player.media3.automatedtests.mockup.http.ConnectionSender.run(ConnectionSender.java:163)
11-10 16:11:22.033   736   775 D PlaybackTimeTracker: Playhead position jump of over 1 seconds detected.
11-10 16:11:22.061   383   478 D audioserver: FGS Logger Transaction failed
11-10 16:11:22.061   383   478 D audioserver: -129
11-10 16:11:22.075   383   478 D audioserver: FGS Logger Transaction failed
11-10 16:11:22.075   383   478 D audioserver: -129
11-10 16:11:22.185   736   897 D CCodecBufferChannel: [c2.goldfish.h264.decoder#928] Ignoring stale input buffer done callback: last flush index = 1965, frameIndex = 1965
11-10 16:11:22.830   857   857 D StatusBarIconController: ignoring old pipeline callback because the new wifi icon is enabled
11-10 16:11:22.972   736   762 D EGL_emulation: app_time_stats: avg=554.71ms min=294.38ms max=1017.46ms count=3
11-10 16:11:23.478   383 15355 W AudioFlinger: createTrack_l(): mismatch between requested flags (00000008) and output flags (00000002)
11-10 16:11:23.478   383 15355 D AudioFlinger: Client defaulted notificationFrames to 8024 for frameCount 16048
11-10 16:11:23.479   383 15355 D AF::TrackHandle: OpPlayAudio: track:74 usage:1 not muted
11-10 16:11:23.994   736   762 D EGL_emulation: app_time_stats: avg=1022.35ms min=1022.35ms max=1022.35ms count=1
11-10 16:11:24.866   857   857 D StatusBarIconController: ignoring old pipeline callbacks, because the new mobile icons are enabled
11-10 16:11:24.930   351  8021 D android.hardware.audio@7.1-impl.ranchu: threadLoop: entering standby, frames: 16267776
11-10 16:11:25.028   383 15355 D audioserver: FGS Logger Transaction failed
11-10 16:11:25.028   383 15355 D audioserver: -129
11-10 16:11:25.030   736   736 D PlayerUtils: entering READY
11-10 16:11:25.035   736   768 D AudioTrack: getTimestamp_l(34): device stall time corrected using current time 28928394438139
11-10 16:11:25.071   736   762 D EGL_emulation: app_time_stats: avg=538.03ms min=99.57ms max=976.49ms count=2
11-10 16:11:25.075   383   478 D AudioFlinger: mixer(0xb4000079ab52f930) throttle end: throttle time(33)
11-10 16:11:25.077   736   897 D BufferPoolAccessor2.0: bufferpool2 0xb400006d8cc486a8 : 5(31457280 size) total buffers - 5(31457280 size) used buffers - 2023/2028 (recycle/alloc) - 9/2030 (fetch/transfer)
11-10 16:11:25.625   431   919 D BufferPoolAccessor2.0: bufferpool2 0xb400007192952c28 : 5(20480 size) total buffers - 1(4096 size) used buffers - 2745/2750 (recycle/alloc) - 13/2749 (fetch/transfer)
11-10 16:11:26.136   736   762 D EGL_emulation: app_time_stats: avg=266.30ms min=198.41ms max=336.94ms count=4
11-10 16:11:26.192   736   914 D BufferPoolAccessor2.0: bufferpool2 0xb400006d8cc3ee08 : 5(40960 size) total buffers - 1(8192 size) used buffers - 2780/2785 (recycle/alloc) - 29/2782 (fetch/transfer)
11-10 16:11:27.094   736   774 D MuxStatsEventQueue: attempt to send 4 events, total queue size 4
11-10 16:11:27.095   736   774 D MuxStatsEventQueue:     sending pause with 14 dims
11-10 16:11:27.095   736   774 D MuxStatsEventQueue:     sending seeking with 12 dims
11-10 16:11:27.096   736   774 D MuxStatsEventQueue:     sending seeked with 15 dims
11-10 16:11:27.096   736   774 D MuxStatsEventQueue:     sending playing with 13 dims
11-10 16:11:27.096   736   774 D MuxStatsEventQueue: submit 4 events to batch handler
11-10 16:11:27.096   736   774 D MuxStatsEventQueue:     [pause, seeking, seeked, playing, ]
11-10 16:11:27.098   736   774 V MockNetworkRequest: Mock network postWithCompletion called with body
11-10 16:11:27.098   736   774 V MockNetworkRequest: {"events":[{"xid":"b3f768c1-521b-4bb7-993b-6f2df3319755","xwati":"68796","uti":"1699661481922","xsqno":"18","xctpbti":"61243","pinid":"72f4132e-8d48-4ea3-bc9a-7d67046dd9cd","pphti":"39512","psqno":"18","ake":"","mapve":"2.1","sex":"1699662981922","udvnm":"","udvcg":"","e":"pause"},{"xid":"b3f768c1-521b-4bb7-993b-6f2df3319755","uti":"1699661481928","xsqno":"19","pinid":"72f4132e-8d48-4ea3-bc9a-7d67046dd9cd","pphti":"39512","psqno":"19","ake":"","mapve":"2.1","sex":"1699662981928","udvnm":"","udvcg":"","e":"seeking"},{"xid":"b3f768c1-521b-4bb7-993b-6f2df3319755","xwati":"71802","uti":"1699661485035","xsqno":"20","xskco":"2","xskdu":"7327","pinid":"72f4132e-8d48-4ea3-bc9a-7d67046dd9cd","pphti":"83964","psqno":"20","ake":"","mapve":"2.1","sex":"1699662985030","udvnm":"","udvcg":"","e":"seeked"},{"xid":"b3f768c1-521b-4bb7-993b-6f2df3319755","xwati":"71912","uti":"1699661485044","xsqno":"21","pinid":"72f4132e-8d48-4ea3-bc9a-7d67046dd9cd","pphti":"83964","psqno":"21","ake":"","mapve":"2.1","sex":"1699662985044","udvnm":"","udvcg":"","e":"playing"}],"metadata":{"rtt_ms":1,"transmission_timestamp":1699661487096}}
11-10 16:11:27.098   736   774 D MuxStatsEventQueue: last batch handler result true
11-10 16:11:27.403   736   762 D EGL_emulation: app_time_stats: avg=316.67ms min=299.87ms max=333.60ms count=4
11-10 16:11:27.503   968   970 W ziparchive: Unable to open '/data/user_de/0/com.google.android.gms/app_chimera/m/00000009/dl-MlkitBarcodeUi.optional_231818100000.dm': No such file or directory
11-10 16:11:27.503   968   970 W ziparchive: Unable to open '/data/user_de/0/com.google.android.gms/app_chimera/m/00000009/dl-MlkitBarcodeUi.optional_231818100000.dm': No such file or directory
11-10 16:11:27.505   968   970 W ziparchive: Unable to open '/data/user_de/0/com.google.android.gms/app_chimera/m/0000000e/dl-TfliteDynamiteDynamite.integ_231810005100400.dm': No such file or directory
11-10 16:11:27.505   968   970 W ziparchive: Unable to open '/data/user_de/0/com.google.android.gms/app_chimera/m/0000000e/dl-TfliteDynamiteDynamite.integ_231810005100400.dm': No such file or directory
11-10 16:11:27.506   968   970 W ziparchive: Unable to open '/data/user_de/0/com.google.android.gms/app_chimera/m/00000001/CronetDynamite.dm': No such file or directory
11-10 16:11:27.506   968   970 W ziparchive: Unable to open '/data/user_de/0/com.google.android.gms/app_chimera/m/00000001/CronetDynamite.dm': No such file or directory
11-10 16:11:27.507   968   970 W ziparchive: Unable to open '/data/user_de/0/com.google.android.gms/app_chimera/m/0000001a/dl-MlkitBarcodeUi.optional_234212100400.dm': No such file or directory
11-10 16:11:27.507   968   970 W ziparchive: Unable to open '/data/user_de/0/com.google.android.gms/app_chimera/m/0000001a/dl-MlkitBarcodeUi.optional_234212100400.dm': No such file or directory
11-10 16:11:27.508   968   970 W ziparchive: Unable to open '/data/user_de/0/com.google.android.gms/app_chimera/m/00000010/AdsDynamite.dm': No such file or directory
11-10 16:11:27.508   968   970 W ziparchive: Unable to open '/data/user_de/0/com.google.android.gms/app_chimera/m/00000010/AdsDynamite.dm': No such file or directory
11-10 16:11:27.509   968   970 W ziparchive: Unable to open '/data/user_de/0/com.google.android.gms/app_chimera/m/00000002/DynamiteLoader.dm': No such file or directory
11-10 16:11:27.509   968   970 W ziparchive: Unable to open '/data/user_de/0/com.google.android.gms/app_chimera/m/00000002/DynamiteLoader.dm': No such file or directory
11-10 16:11:27.515   968   970 W ziparchive: Unable to open '/data/user_de/0/com.google.android.gms/app_chimera/m/0000001e/dl-VisionOcr.optional_234212100000.dm': No such file or directory
11-10 16:11:27.515   968   970 W ziparchive: Unable to open '/data/user_de/0/com.google.android.gms/app_chimera/m/0000001e/dl-VisionOcr.optional_234212100000.dm': No such file or directory
11-10 16:11:27.517   968   968 W ziparchive: Unable to open '/data/user_de/0/com.google.android.gms/app_chimera/m/0000001b/dl-MlkitOcrCommon.optional_234212100400.dm': No such file or directory
11-10 16:11:27.517   968   968 W ziparchive: Unable to open '/data/user_de/0/com.google.android.gms/app_chimera/m/0000001b/dl-MlkitOcrCommon.optional_234212100400.dm': No such file or directory
11-10 16:11:27.517   968   968 W ziparchive: Unable to open '/data/user_de/0/com.google.android.gms/app_chimera/m/00000005/GoogleCertificates.dm': No such file or directory
11-10 16:11:27.518   968   968 W ziparchive: Unable to open '/data/user_de/0/com.google.android.gms/app_chimera/m/00000005/GoogleCertificates.dm': No such file or directory
11-10 16:11:27.520   968   968 W ziparchive: Unable to open '/data/user_de/0/com.google.android.gms/app_chimera/m/0000000d/dl-VisionOcrDynamite.integ_231602402100000.dm': No such file or directory
11-10 16:11:27.520   968   968 W ziparchive: Unable to open '/data/user_de/0/com.google.android.gms/app_chimera/m/0000000d/dl-VisionOcrDynamite.integ_231602402100000.dm': No such file or directory
11-10 16:11:27.521   968   968 W ziparchive: Unable to open '/data/user_de/0/com.google.android.gms/app_chimera/m/0000001f/dl-AdsFdrDynamite.integ_233702200100000.dm': No such file or directory
11-10 16:11:27.521   968   968 W ziparchive: Unable to open '/data/user_de/0/com.google.android.gms/app_chimera/m/0000001f/dl-AdsFdrDynamite.integ_233702200100000.dm': No such file or directory
11-10 16:11:27.525   968   968 W ziparchive: Unable to open '/data/user_de/0/com.google.android.gms/app_chimera/m/00000000/AdsDynamite.dm': No such file or directory
11-10 16:11:27.525   968   968 W ziparchive: Unable to open '/data/user_de/0/com.google.android.gms/app_chimera/m/00000000/AdsDynamite.dm': No such file or directory
11-10 16:11:27.525   968   968 W ziparchive: Unable to open '/data/user_de/0/com.google.android.gms/app_chimera/m/00000017/MeasurementDynamite.dm': No such file or directory
11-10 16:11:27.525   968   968 W ziparchive: Unable to open '/data/user_de/0/com.google.android.gms/app_chimera/m/00000017/MeasurementDynamite.dm': No such file or directory
11-10 16:11:27.527   968   968 W ziparchive: Unable to open '/data/user_de/0/com.google.android.gms/app_chimera/m/0000000c/dl-PlayCloudSearch.optional_231818100000.dm': No such file or directory
11-10 16:11:27.527   968   968 W ziparchive: Unable to open '/data/user_de/0/com.google.android.gms/app_chimera/m/0000000c/dl-PlayCloudSearch.optional_231818100000.dm': No such file or directory
11-10 16:11:27.531   968   968 W ziparchive: Unable to open '/data/user_de/0/com.google.android.gms/app_chimera/m/0000001c/dl-PlayCloudSearch.optional_234212100000.dm': No such file or directory
11-10 16:11:27.531   968   968 W ziparchive: Unable to open '/data/user_de/0/com.google.android.gms/app_chimera/m/0000001c/dl-PlayCloudSearch.optional_234212100000.dm': No such file or directory
11-10 16:11:27.532   968   968 W ziparchive: Unable to open '/data/user_de/0/com.google.android.gms/app_chimera/m/00000011/CronetDynamite.dm': No such file or directory
11-10 16:11:27.532   968   968 W ziparchive: Unable to open '/data/user_de/0/com.google.android.gms/app_chimera/m/00000011/CronetDynamite.dm': No such file or directory
11-10 16:11:27.534   968   968 W ziparchive: Unable to open '/data/user_de/0/com.google.android.gms/app_chimera/m/00000012/DynamiteLoader.dm': No such file or directory
11-10 16:11:27.534   968   968 W ziparchive: Unable to open '/data/user_de/0/com.google.android.gms/app_chimera/m/00000012/DynamiteLoader.dm': No such file or directory
11-10 16:11:27.535   968   968 W ziparchive: Unable to open '/data/user_de/0/com.google.android.gms/app_chimera/m/00000007/MeasurementDynamite.dm': No such file or directory
11-10 16:11:27.535   968   968 W ziparchive: Unable to open '/data/user_de/0/com.google.android.gms/app_chimera/m/00000007/MeasurementDynamite.dm': No such file or directory
11-10 16:11:28.354   383   478 D AudioFlinger: mixer(0xb4000079ab52f930) throttle end: throttle time(11)
11-10 16:11:28.396   383   478 D AudioFlinger: mixer(0xb4000079ab52f930) throttle end: throttle time(1)
11-10 16:11:28.571   736   762 D EGL_emulation: app_time_stats: avg=292.07ms min=198.44ms max=335.52ms count=4
11-10 16:11:29.736   736   762 D EGL_emulation: app_time_stats: avg=291.33ms min=199.78ms max=332.73ms count=4
11-10 16:11:30.125   736   886 D BufferPoolAccessor2.0: bufferpool2 0xb400006d8cc486a8 : 5(31457280 size) total buffers - 4(25165824 size) used buffers - 2175/2180 (recycle/alloc) - 10/2183 (fetch/transfer)
11-10 16:11:30.631   431   919 D BufferPoolAccessor2.0: bufferpool2 0xb400007192952c28 : 5(20480 size) total buffers - 1(4096 size) used buffers - 2961/2966 (recycle/alloc) - 13/2965 (fetch/transfer)
11-10 16:11:30.714  2220  2220 W adbd    : timeout expired while flushing socket, closing
11-10 16:11:31.037   736   762 D EGL_emulation: app_time_stats: avg=325.05ms min=299.71ms max=334.32ms count=4
11-10 16:11:31.185   383   478 D AudioFlinger: mixer(0xb4000079ab52f930) throttle end: throttle time(6)
11-10 16:11:31.210   736   914 D BufferPoolAccessor2.0: bufferpool2 0xb400006d8cc3ee08 : 5(40960 size) total buffers - 1(8192 size) used buffers - 2994/2999 (recycle/alloc) - 29/2996 (fetch/transfer)
11-10 16:11:31.256   383   478 D AudioFlinger: mixer(0xb4000079ab52f930) throttle end: throttle time(4)
11-10 16:11:31.399   383   478 D AudioFlinger: mixer(0xb4000079ab52f930) throttle end: throttle time(35)
