11-10 16:10:16.271   383   478 D AudioFlinger: mixer(0xb4000079ab52f930) throttle end: throttle time(4)
11-10 16:10:16.551   736   897 D BufferPoolAccessor2.0: bufferpool2 0xb400006d8cc486a8 : 5(31457280 size) total buffers - 5(31457280 size) used buffers - 129/134 (recycle/alloc) - 6/133 (fetch/transfer)
11-10 16:10:16.678   736   914 D BufferPoolAccessor2.0: bufferpool2 0xb400006d8cc3ee08 : 5(40960 size) total buffers - 1(8192 size) used buffers - 186/191 (recycle/alloc) - 9/190 (fetch/transfer)
11-10 16:10:16.696   431   919 D BufferPoolAccessor2.0: bufferpool2 0xb400007192952c28 : 5(20480 size) total buffers - 1(4096 size) used buffers - 182/187 (recycle/alloc) - 5/186 (fetch/transfer)
11-10 16:10:16.770   383   478 D AudioFlinger: mixer(0xb4000079ab52f930) throttle end: throttle time(1)
11-10 16:10:16.941   736   774 D MuxStatsEventQueue: attempt to send 3 events, total queue size 3
11-10 16:10:16.941   736   774 D MuxStatsEventQueue:     sending play with 11 dims
11-10 16:10:16.942   736   774 D MuxStatsEventQueue:     sending renditionchange with 19 dims
11-10 16:10:16.942   736   774 D MuxStatsEventQueue:     sending playing with 14 dims
11-10 16:10:16.943   736   774 D MuxStatsEventQueue: submit 3 events to batch handler
11-10 16:10:16.943   736   774 D MuxStatsEventQueue:     [play, renditionchange, playing, ]
11-10 16:10:16.944   736   762 D EGL_emulation: app_time_stats: avg=333.81ms min=328.69ms max=341.23ms count=3
11-10 16:10:16.946   736   774 V MockNetworkRequest: Mock network postWithCompletion called with body
11-10 16:10:16.946   736   774 V MockNetworkRequest: {"events":[{"xid":"b3f768c1-521b-4bb7-993b-6f2df3319755","uti":"1699661410118","xsqno":"3","pinid":"72f4132e-8d48-4ea3-bc9a-7d67046dd9cd","pphti":"-1","psqno":"3","ake":"","mapve":"2.1","udvnm":"","udvcg":"","e":"play"},{"xid":"b3f768c1-521b-4bb7-993b-6f2df3319755","xwati":"1316","uti":"1699661411482","xsqno":"4","xrefq":"0.0","xrepe":"0.0","vsowd":"1280","vsoht":"720","vsodu":"128267","vsofp":"29.970118","pinid":"72f4132e-8d48-4ea3-bc9a-7d67046dd9cd","pphti":"0","psqno":"4","ake":"","mapve":"2.1","sex":"1699662911482","udvnm":"","udvcg":"","e":"renditionchange"},{"xid":"b3f768c1-521b-4bb7-993b-6f2df3319755","xwati":"2772","uti":"1699661412890","xsqno":"5","xtitofifr":"2772","pinid":"72f4132e-8d48-4ea3-bc9a-7d67046dd9cd","pphti":"0","psqno":"5","ake":"","mapve":"2.1","sex":"1699662912890","udvnm":"","udvcg":"","e":"playing"}],"metadata":{"rtt_ms":2,"transmission_timestamp":1699661416943}}
11-10 16:10:16.946   736   774 D MuxStatsEventQueue: last batch handler result true
11-10 16:10:17.526   859   860 W ziparchive: Unable to open '/data/user_de/0/com.google.android.gms/app_chimera/m/00000009/dl-MlkitBarcodeUi.optional_231818100000.dm': No such file or directory
11-10 16:10:17.526   859   860 W ziparchive: Unable to open '/data/user_de/0/com.google.android.gms/app_chimera/m/00000009/dl-MlkitBarcodeUi.optional_231818100000.dm': No such file or directory
11-10 16:10:17.528   859   860 W ziparchive: Unable to open '/data/user_de/0/com.google.android.gms/app_chimera/m/0000000e/dl-TfliteDynamiteDynamite.integ_231810005100400.dm': No such file or directory
11-10 16:10:17.528   859   860 W ziparchive: Unable to open '/data/user_de/0/com.google.android.gms/app_chimera/m/0000000e/dl-TfliteDynamiteDynamite.integ_231810005100400.dm': No such file or directory
11-10 16:10:17.529   859   860 W ziparchive: Unable to open '/data/user_de/0/com.google.android.gms/app_chimera/m/00000001/CronetDynamite.dm': No such file or directory
11-10 16:10:17.529   859   860 W ziparchive: Unable to open '/data/user_de/0/com.google.android.gms/app_chimera/m/00000001/CronetDynamite.dm': No such file or directory
11-10 16:10:17.530   859   860 W ziparchive: Unable to open '/data/user_de/0/com.google.android.gms/app_chimera/m/0000001a/dl-MlkitBarcodeUi.optional_234212100400.dm': No such file or directory
11-10 16:10:17.530   859   860 W ziparchive: Unable to open '/data/user_de/0/com.google.android.gms/app_chimera/m/0000001a/dl-MlkitBarcodeUi.optional_234212100400.dm': No such file or directory
11-10 16:10:17.530   859   860 W ziparchive: Unable to open '/data/user_de/0/com.google.android.gms/app_chimera/m/00000010/AdsDynamite.dm': No such file or directory
11-10 16:10:17.530   859   860 W ziparchive: Unable to open '/data/user_de/0/com.google.android.gms/app_chimera/m/00000010/AdsDynamite.dm': No such file or directory
11-10 16:10:17.530   859   860 W ziparchive: Unable to open '/data/user_de/0/com.google.android.gms/app_chimera/m/00000002/DynamiteLoader.dm': No such file or directory
11-10 16:10:17.530   859   860 W ziparchive: Unable to open '/data/user_de/0/com.google.android.gms/app_chimera/m/00000002/DynamiteLoader.dm': No such file or directory
11-10 16:10:17.535   859   860 W ziparchive: Unable to open '/data/user_de/0/com.google.android.gms/app_chimera/m/0000001e/dl-VisionOcr.optional_234212100000.dm': No such file or directory
11-10 16:10:17.535   859   860 W ziparchive: Unable to open '/data/user_de/0/com.google.android.gms/app_chimera/m/0000001e/dl-VisionOcr.optional_234212100000.dm': No such file or directory
11-10 16:10:17.539   859   860 W ziparchive: Unable to open '/data/user_de/0/com.google.android.gms/app_chimera/m/0000001b/dl-MlkitOcrCommon.optional_234212100400.dm': No such file or directory
11-10 16:10:17.539   859   860 W ziparchive: Unable to open '/data/user_de/0/com.google.android.gms/app_chimera/m/0000001b/dl-MlkitOcrCommon.optional_234212100400.dm': No such file or directory
11-10 16:10:17.540   859   860 W ziparchive: Unable to open '/data/user_de/0/com.google.android.gms/app_chimera/m/00000005/GoogleCertificates.dm': No such file or directory
11-10 16:10:17.540   859   860 W ziparchive: Unable to open '/data/user_de/0/com.google.android.gms/app_chimera/m/00000005/GoogleCertificates.dm': No such file or directory
11-10 16:10:17.542   859   860 W ziparchive: Unable to open '/data/user_de/0/com.google.android.gms/app_chimera/m/0000000d/dl-VisionOcrDynamite.integ_231602402100000.dm': No such file or directory
11-10 16:10:17.542   859   860 W ziparchive: Unable to open '/data/user_de/0/com.google.android.gms/app_chimera/m/0000000d/dl-VisionOcrDynamite.integ_231602402100000.dm': No such file or directory
11-10 16:10:17.543   859   860 W ziparchive: Unable to open '/data/user_de/0/com.google.android.gms/app_chimera/m/0000001f/dl-AdsFdrDynamite.integ_233702200100000.dm': No such file or directory
11-10 16:10:17.543   859   860 W ziparchive: Unable to open '/data/user_de/0/com.google.android.gms/app_chimera/m/0000001f/dl-AdsFdrDynamite.integ_233702200100000.dm': No such file or directory
11-10 16:10:17.551   859   860 W ziparchive: Unable to open '/data/user_de/0/com.google.android.gms/app_chimera/m/00000000/AdsDynamite.dm': No such file or directory
11-10 16:10:17.551   859   860 W ziparchive: Unable to open '/data/user_de/0/com.google.android.gms/app_chimera/m/00000000/AdsDynamite.dm': No such file or directory
11-10 16:10:17.551   859   860 W ziparchive: Unable to open '/data/user_de/0/com.google.android.gms/app_chimera/m/00000017/MeasurementDynamite.dm': No such file or directory
11-10 16:10:17.551   859   860 W ziparchive: Unable to open '/data/user_de/0/com.google.android.gms/app_chimera/m/00000017/MeasurementDynamite.dm': No such file or directory
11-10 16:10:17.554   859   860 W ziparchive: Unable to open '/data/user_de/0/com.google.android.gms/app_chimera/m/0000000c/dl-PlayCloudSearch.optional_231818100000.dm': No such file or directory
11-10 16:10:17.554   859   860 W ziparchive: Unable to open '/data/user_de/0/com.google.android.gms/app_chimera/m/0000000c/dl-PlayCloudSearch.optional_231818100000.dm': No such file or directory
11-10 16:10:17.558   859   860 W ziparchive: Unable to open '/data/user_de/0/com.google.android.gms/app_chimera/m/0000001c/dl-PlayCloudSearch.optional_234212100000.dm': No such file or directory
11-10 16:10:17.558   859   860 W ziparchive: Unable to open '/data/user_de/0/com.google.android.gms/app_chimera/m/0000001c/dl-PlayCloudSearch.optional_234212100000.dm': No such file or directory
11-10 16:10:17.558   859   860 W ziparchive: Unable to open '/data/user_de/0/com.google.android.gms/app_chimera/m/00000011/CronetDynamite.dm': No such file or directory
11-10 16:10:17.558   859   860 W ziparchive: Unable to open '/data/user_de/0/com.google.android.gms/app_chimera/m/00000011/CronetDynamite.dm': No such file or directory
11-10 16:10:17.559   859   860 W ziparchive: Unable to open '/data/user_de/0/com.google.android.gms/app_chimera/m/00000012/DynamiteLoader.dm': No such file or directory
11-10 16:10:17.559   859   860 W ziparchive: Unable to open '/data/user_de/0/com.google.android.gms/app_chimera/m/00000012/DynamiteLoader.dm': No such file or directory
11-10 16:10:17.561   859   860 W ziparchive: Unable to open '/data/user_de/0/com.google.android.gms/app_chimera/m/00000007/MeasurementDynamite.dm': No such file or directory
11-10 16:10:17.561   859   860 W ziparchive: Unable to open '/data/user_de/0/com.google.android.gms/app_chimera/m/00000007/MeasurementDynamite.dm': No such file or directory
11-10 16:10:18.103   736   762 D EGL_emulation: app_time_stats: avg=289.72ms min=199.92ms max=334.21ms count=4
11-10 16:10:18.104  6744  6744 D BoundBrokerSvc: onUnbind: Intent { act=com.google.android.contextmanager.service.ContextManagerService.START pkg=com.google.android.gms }
11-10 16:10:19.303   736   762 D EGL_emulation: app_time_stats: avg=299.96ms min=201.84ms max=333.21ms count=4
11-10 16:10:20.570   736   762 D EGL_emulation: app_time_stats: avg=316.62ms min=299.78ms max=334.47ms count=4
11-10 16:10:20.855 31629   934 W System  : ClassLoader referenced unknown path:
11-10 16:10:20.857 31629   934 D nativeloader: Configuring clns-8 for other apk . target_sdk_version=34, uses_libraries=, library_path=/data/app/~~L6MhiqsLcjc5LDpAaD54qA==/com.google.android.gms-PGkFTla6aLLo_UapmEZ1yA==/lib/arm64:/data/app/~~L6MhiqsLcjc5LDpAaD54qA==/com.google.android.gms-PGkFTla6aLLo_UapmEZ1yA==/base.apk!/lib/arm64-v8a, permitted_path=/data:/mnt/expand:/data/user/0/com.google.android.gms
11-10 16:10:20.885 30085 30896 I FastPair: (REDACTED) FastPair: provider is called with method [%s]
11-10 16:10:20.921 31629   934 D CompatibilityChangeReporter: Compat change id reported: 247079863; UID 10126; state: ENABLED
11-10 16:10:21.656   736   897 D BufferPoolAccessor2.0: bufferpool2 0xb400006d8cc486a8 : 5(31457280 size) total buffers - 5(31457280 size) used buffers - 282/287 (recycle/alloc) - 6/286 (fetch/transfer)
11-10 16:10:21.736   736   762 D EGL_emulation: app_time_stats: avg=291.67ms min=200.83ms max=333.81ms count=4
11-10 16:10:22.165   736   914 D BufferPoolAccessor2.0: bufferpool2 0xb400006d8cc3ee08 : 5(40960 size) total buffers - 1(8192 size) used buffers - 423/428 (recycle/alloc) - 9/427 (fetch/transfer)
11-10 16:10:22.167   431   919 D BufferPoolAccessor2.0: bufferpool2 0xb400007192952c28 : 5(20480 size) total buffers - 1(4096 size) used buffers - 419/424 (recycle/alloc) - 5/423 (fetch/transfer)
11-10 16:10:22.643  2220  2220 W adbd    : timeout expired while flushing socket, closing
11-10 16:10:22.904   736   762 D EGL_emulation: app_time_stats: avg=291.88ms min=199.51ms max=336.91ms count=4
11-10 16:10:23.713   383   478 D AudioFlinger: mixer(0xb4000079ab52f930) throttle end: throttle time(4)
11-10 16:10:23.987   383   478 D AudioFlinger: mixer(0xb4000079ab52f930) throttle end: throttle time(37)
11-10 16:10:24.238   383   478 D AudioFlinger: mixer(0xb4000079ab52f930) throttle end: throttle time(3)
11-10 16:10:24.244   736   762 D EGL_emulation: app_time_stats: avg=334.91ms min=200.46ms max=425.65ms count=4
11-10 16:10:24.275   383   478 D AudioFlinger: mixer(0xb4000079ab52f930) throttle end: throttle time(9)
11-10 16:10:24.332   383   478 D AudioFlinger: mixer(0xb4000079ab52f930) throttle end: throttle time(5)
11-10 16:10:24.465   383   478 D AudioFlinger: mixer(0xb4000079ab52f930) throttle end: throttle time(21)
11-10 16:10:24.555   383   478 D AudioFlinger: mixer(0xb4000079ab52f930) throttle end: throttle time(20)
11-10 16:10:24.636   383   478 D AudioFlinger: mixer(0xb4000079ab52f930) throttle end: throttle time(33)
11-10 16:10:24.663   383   478 D AudioFlinger: mixer(0xb4000079ab52f930) throttle end: throttle time(11)
11-10 16:10:24.746   383   478 D AudioFlinger: mixer(0xb4000079ab52f930) throttle end: throttle time(3)
11-10 16:10:24.884   857   857 D StatusBarIconController: ignoring old pipeline callbacks, because the new mobile icons are enabled
11-10 16:10:24.964   383   478 D AudioFlinger: mixer(0xb4000079ab52f930) throttle end: throttle time(11)
11-10 16:10:24.995   383   478 D AudioFlinger: mixer(0xb4000079ab52f930) throttle end: throttle time(1)
11-10 16:10:25.231   383   478 D AudioFlinger: mixer(0xb4000079ab52f930) throttle end: throttle time(9)
11-10 16:10:25.377   736   762 D EGL_emulation: app_time_stats: avg=283.32ms min=184.23ms max=396.84ms count=4
11-10 16:10:25.413   383   478 D AudioFlinger: mixer(0xb4000079ab52f930) throttle end: throttle time(87)
11-10 16:10:25.806   383   478 D AudioFlinger: mixer(0xb4000079ab52f930) throttle end: throttle time(20)
11-10 16:10:26.180   383   478 D AudioFlinger: mixer(0xb4000079ab52f930) throttle end: throttle time(2)
11-10 16:10:26.385   383   478 D AudioFlinger: mixer(0xb4000079ab52f930) throttle end: throttle time(35)
11-10 16:10:26.439   736   762 D EGL_emulation: app_time_stats: avg=265.28ms min=156.23ms max=374.40ms count=4
11-10 16:10:26.780   736   897 D BufferPoolAccessor2.0: bufferpool2 0xb400006d8cc486a8 : 5(31457280 size) total buffers - 5(31457280 size) used buffers - 436/441 (recycle/alloc) - 6/440 (fetch/transfer)
11-10 16:10:27.005   736   773 D MuxStatsEventQueue: attempt to send 1 events, total queue size 1
11-10 16:10:27.005   736   773 D MuxStatsEventQueue:     sending hb with 15 dims
11-10 16:10:27.005   736   773 D MuxStatsEventQueue: submit 1 events to batch handler
11-10 16:10:27.005   736   773 D MuxStatsEventQueue:     [hb, ]
11-10 16:10:27.006   736   773 V MockNetworkRequest: Mock network postWithCompletion called with body
11-10 16:10:27.006   736   773 V MockNetworkRequest: {"events":[{"xid":"b3f768c1-521b-4bb7-993b-6f2df3319755","xwati":"12819","uti":"1699661422939","xsqno":"6","xctpbti":"9921","xmaphps":"9921","pinid":"72f4132e-8d48-4ea3-bc9a-7d67046dd9cd","pphti":"9921","psqno":"6","ake":"","mapve":"2.1","sex":"1699662922937","udvnm":"","udvcg":"","e":"hb"}],"metadata":{"rtt_ms":3,"transmission_timestamp":1699661427005}}
11-10 16:10:27.006   736   773 D MuxStatsEventQueue: last batch handler result true
11-10 16:10:27.504   736   914 D BufferPoolAccessor2.0: bufferpool2 0xb400006d8cc3ee08 : 5(40960 size) total buffers - 1(8192 size) used buffers - 642/647 (recycle/alloc) - 9/646 (fetch/transfer)
11-10 16:10:27.517   431   919 D BufferPoolAccessor2.0: bufferpool2 0xb400007192952c28 : 5(20480 size) total buffers - 1(4096 size) used buffers - 638/643 (recycle/alloc) - 6/642 (fetch/transfer)
11-10 16:10:27.527   859   933 W ziparchive: Unable to open '/data/user_de/0/com.google.android.gms/app_chimera/m/00000009/dl-MlkitBarcodeUi.optional_231818100000.dm': No such file or directory
11-10 16:10:27.527   859   933 W ziparchive: Unable to open '/data/user_de/0/com.google.android.gms/app_chimera/m/00000009/dl-MlkitBarcodeUi.optional_231818100000.dm': No such file or directory
11-10 16:10:27.529   859   933 W ziparchive: Unable to open '/data/user_de/0/com.google.android.gms/app_chimera/m/0000000e/dl-TfliteDynamiteDynamite.integ_231810005100400.dm': No such file or directory
11-10 16:10:27.529   859   933 W ziparchive: Unable to open '/data/user_de/0/com.google.android.gms/app_chimera/m/0000000e/dl-TfliteDynamiteDynamite.integ_231810005100400.dm': No such file or directory
11-10 16:10:27.529   859   933 W ziparchive: Unable to open '/data/user_de/0/com.google.android.gms/app_chimera/m/00000001/CronetDynamite.dm': No such file or directory
11-10 16:10:27.529   859   933 W ziparchive: Unable to open '/data/user_de/0/com.google.android.gms/app_chimera/m/00000001/CronetDynamite.dm': No such file or directory
11-10 16:10:27.531   859   933 W ziparchive: Unable to open '/data/user_de/0/com.google.android.gms/app_chimera/m/0000001a/dl-MlkitBarcodeUi.optional_234212100400.dm': No such file or directory
11-10 16:10:27.531   859   933 W ziparchive: Unable to open '/data/user_de/0/com.google.android.gms/app_chimera/m/0000001a/dl-MlkitBarcodeUi.optional_234212100400.dm': No such file or directory
11-10 16:10:27.532   859   933 W ziparchive: Unable to open '/data/user_de/0/com.google.android.gms/app_chimera/m/00000010/AdsDynamite.dm': No such file or directory
11-10 16:10:27.532   859   933 W ziparchive: Unable to open '/data/user_de/0/com.google.android.gms/app_chimera/m/00000010/AdsDynamite.dm': No such file or directory
11-10 16:10:27.534   859   933 W ziparchive: Unable to open '/data/user_de/0/com.google.android.gms/app_chimera/m/00000002/DynamiteLoader.dm': No such file or directory
11-10 16:10:27.534   859   933 W ziparchive: Unable to open '/data/user_de/0/com.google.android.gms/app_chimera/m/00000002/DynamiteLoader.dm': No such file or directory
11-10 16:10:27.538   859   933 W ziparchive: Unable to open '/data/user_de/0/com.google.android.gms/app_chimera/m/0000001e/dl-VisionOcr.optional_234212100000.dm': No such file or directory
11-10 16:10:27.538   859   933 W ziparchive: Unable to open '/data/user_de/0/com.google.android.gms/app_chimera/m/0000001e/dl-VisionOcr.optional_234212100000.dm': No such file or directory
11-10 16:10:27.539   859   933 W ziparchive: Unable to open '/data/user_de/0/com.google.android.gms/app_chimera/m/0000001b/dl-MlkitOcrCommon.optional_234212100400.dm': No such file or directory
11-10 16:10:27.539   859   933 W ziparchive: Unable to open '/data/user_de/0/com.google.android.gms/app_chimera/m/0000001b/dl-MlkitOcrCommon.optional_234212100400.dm': No such file or directory
11-10 16:10:27.540   859   933 W ziparchive: Unable to open '/data/user_de/0/com.google.android.gms/app_chimera/m/00000005/GoogleCertificates.dm': No such file or directory
11-10 16:10:27.540   859   933 W ziparchive: Unable to open '/data/user_de/0/com.google.android.gms/app_chimera/m/00000005/GoogleCertificates.dm': No such file or directory
11-10 16:10:27.541   859   933 W ziparchive: Unable to open '/data/user_de/0/com.google.android.gms/app_chimera/m/0000000d/dl-VisionOcrDynamite.integ_231602402100000.dm': No such file or directory
11-10 16:10:27.541   859   933 W ziparchive: Unable to open '/data/user_de/0/com.google.android.gms/app_chimera/m/0000000d/dl-VisionOcrDynamite.integ_231602402100000.dm': No such file or directory
11-10 16:10:27.542   859   933 W ziparchive: Unable to open '/data/user_de/0/com.google.android.gms/app_chimera/m/0000001f/dl-AdsFdrDynamite.integ_233702200100000.dm': No such file or directory
11-10 16:10:27.542   859   933 W ziparchive: Unable to open '/data/user_de/0/com.google.android.gms/app_chimera/m/0000001f/dl-AdsFdrDynamite.integ_233702200100000.dm': No such file or directory
11-10 16:10:27.545   859   933 W ziparchive: Unable to open '/data/user_de/0/com.google.android.gms/app_chimera/m/00000000/AdsDynamite.dm': No such file or directory
11-10 16:10:27.545   859   933 W ziparchive: Unable to open '/data/user_de/0/com.google.android.gms/app_chimera/m/00000000/AdsDynamite.dm': No such file or directory
11-10 16:10:27.546   859   933 W ziparchive: Unable to open '/data/user_de/0/com.google.android.gms/app_chimera/m/00000017/MeasurementDynamite.dm': No such file or directory
11-10 16:10:27.546   859   933 W ziparchive: Unable to open '/data/user_de/0/com.google.android.gms/app_chimera/m/00000017/MeasurementDynamite.dm': No such file or directory
11-10 16:10:27.551   859   933 W ziparchive: Unable to open '/data/user_de/0/com.google.android.gms/app_chimera/m/0000000c/dl-PlayCloudSearch.optional_231818100000.dm': No such file or directory
11-10 16:10:27.551   859   933 W ziparchive: Unable to open '/data/user_de/0/com.google.android.gms/app_chimera/m/0000000c/dl-PlayCloudSearch.optional_231818100000.dm': No such file or directory
11-10 16:10:27.556   859   933 W ziparchive: Unable to open '/data/user_de/0/com.google.android.gms/app_chimera/m/0000001c/dl-PlayCloudSearch.optional_234212100000.dm': No such file or directory
11-10 16:10:27.556   859   933 W ziparchive: Unable to open '/data/user_de/0/com.google.android.gms/app_chimera/m/0000001c/dl-PlayCloudSearch.optional_234212100000.dm': No such file or directory
11-10 16:10:27.557   859   933 W ziparchive: Unable to open '/data/user_de/0/com.google.android.gms/app_chimera/m/00000011/CronetDynamite.dm': No such file or directory
11-10 16:10:27.557   859   933 W ziparchive: Unable to open '/data/user_de/0/com.google.android.gms/app_chimera/m/00000011/CronetDynamite.dm': No such file or directory
11-10 16:10:27.557   859   933 W ziparchive: Unable to open '/data/user_de/0/com.google.android.gms/app_chimera/m/00000012/DynamiteLoader.dm': No such file or directory
11-10 16:10:27.557   859   933 W ziparchive: Unable to open '/data/user_de/0/com.google.android.gms/app_chimera/m/00000012/DynamiteLoader.dm': No such file or directory
11-10 16:10:27.558   859   860 W ziparchive: Unable to open '/data/user_de/0/com.google.android.gms/app_chimera/m/00000007/MeasurementDynamite.dm': No such file or directory
11-10 16:10:27.558   859   860 W ziparchive: Unable to open '/data/user_de/0/com.google.android.gms/app_chimera/m/00000007/MeasurementDynamite.dm': No such file or directory
11-10 16:10:27.637   736   762 D EGL_emulation: app_time_stats: avg=299.49ms min=200.04ms max=333.89ms count=4
11-10 16:10:28.903   736   762 D EGL_emulation: app_time_stats: avg=316.56ms min=299.08ms max=333.62ms count=4
11-10 16:10:29.937   736   762 D EGL_emulation: app_time_stats: avg=258.34ms min=199.84ms max=336.68ms count=4
11-10 16:10:31.103   736   762 D EGL_emulation: app_time_stats: avg=291.48ms min=199.30ms max=333.27ms count=4
11-10 16:10:31.884   736   897 D BufferPoolAccessor2.0: bufferpool2 0xb400006d8cc486a8 : 5(31457280 size) total buffers - 5(31457280 size) used buffers - 588/593 (recycle/alloc) - 6/592 (fetch/transfer)
11-10 16:10:32.303   736   762 D EGL_emulation: app_time_stats: avg=299.93ms min=201.28ms max=334.78ms count=4
11-10 16:10:32.538   736   914 D BufferPoolAccessor2.0: bufferpool2 0xb400006d8cc3ee08 : 5(40960 size) total buffers - 1(8192 size) used buffers - 859/864 (recycle/alloc) - 9/863 (fetch/transfer)
11-10 16:10:32.539   431   919 D BufferPoolAccessor2.0: bufferpool2 0xb400007192952c28 : 5(20480 size) total buffers - 1(4096 size) used buffers - 855/860 (recycle/alloc) - 6/859 (fetch/transfer)
11-10 16:10:33.437   736   762 D EGL_emulation: app_time_stats: avg=283.52ms min=201.65ms max=333.75ms count=4
11-10 16:10:34.636   736   762 D EGL_emulation: app_time_stats: avg=299.88ms min=199.74ms max=333.74ms count=4
11-10 16:10:34.851   857   857 D StatusBarIconController: ignoring old pipeline callbacks, because the new mobile icons are enabled
11-10 16:10:35.067   383   478 D audioserver: FGS Logger Transaction failed
11-10 16:10:35.067   383   478 D audioserver: -129
11-10 16:10:35.942   736   762 D EGL_emulation: app_time_stats: avg=652.53ms min=307.28ms max=997.79ms count=2
11-10 16:10:36.513   361   906 W C2BqBuffer: last successful dequeue was 1575576 us ago, 131 consecutive failures
11-10 16:10:37.013   736   773 D MuxStatsEventQueue: attempt to send 2 events, total queue size 2
11-10 16:10:37.014   736   773 D MuxStatsEventQueue:     sending hb with 15 dims
11-10 16:10:37.015   736   773 D MuxStatsEventQueue:     sending pause with 16 dims
11-10 16:10:37.015   736   773 D MuxStatsEventQueue: submit 2 events to batch handler
11-10 16:10:37.015   736   773 D MuxStatsEventQueue:     [hb, pause, ]
11-10 16:10:37.017   736   773 V MockNetworkRequest: Mock network postWithCompletion called with body
11-10 16:10:37.017   736   773 V MockNetworkRequest: {"events":[{"xid":"b3f768c1-521b-4bb7-993b-6f2df3319755","xwati":"22916","uti":"1699661433034","xsqno":"7","xctpbti":"20029","xmaphps":"20029","pinid":"72f4132e-8d48-4ea3-bc9a-7d67046dd9cd","pphti":"20029","psqno":"7","ake":"","mapve":"2.1","sex":"1699662933034","udvnm":"","udvcg":"","e":"hb"},{"xid":"b3f768c1-521b-4bb7-993b-6f2df3319755","xwati":"24793","uti":"1699661434911","xsqno":"8","xctpbti":"21697","xmaphps":"21697","pinid":"72f4132e-8d48-4ea3-bc9a-7d67046dd9cd","pispa":"true","pphti":"21697","psqno":"8","ake":"","mapve":"2.1","sex":"1699662934910","udvnm":"","udvcg":"","e":"pause"}],"metadata":{"rtt_ms":1,"transmission_timestamp":1699661437015}}
11-10 16:10:37.017   736   773 D MuxStatsEventQueue: last batch handler result true
11-10 16:10:37.526   859   860 W ziparchive: Unable to open '/data/user_de/0/com.google.android.gms/app_chimera/m/00000009/dl-MlkitBarcodeUi.optional_231818100000.dm': No such file or directory
11-10 16:10:37.526   859   860 W ziparchive: Unable to open '/data/user_de/0/com.google.android.gms/app_chimera/m/00000009/dl-MlkitBarcodeUi.optional_231818100000.dm': No such file or directory
11-10 16:10:37.527   859   860 W ziparchive: Unable to open '/data/user_de/0/com.google.android.gms/app_chimera/m/0000000e/dl-TfliteDynamiteDynamite.integ_231810005100400.dm': No such file or directory
11-10 16:10:37.527   859   860 W ziparchive: Unable to open '/data/user_de/0/com.google.android.gms/app_chimera/m/0000000e/dl-TfliteDynamiteDynamite.integ_231810005100400.dm': No such file or directory
11-10 16:10:37.528   859   860 W ziparchive: Unable to open '/data/user_de/0/com.google.android.gms/app_chimera/m/00000001/CronetDynamite.dm': No such file or directory
11-10 16:10:37.528   859   860 W ziparchive: Unable to open '/data/user_de/0/com.google.android.gms/app_chimera/m/00000001/CronetDynamite.dm': No such file or directory
11-10 16:10:37.529   859   860 W ziparchive: Unable to open '/data/user_de/0/com.google.android.gms/app_chimera/m/0000001a/dl-MlkitBarcodeUi.optional_234212100400.dm': No such file or directory
11-10 16:10:37.529   859   860 W ziparchive: Unable to open '/data/user_de/0/com.google.android.gms/app_chimera/m/0000001a/dl-MlkitBarcodeUi.optional_234212100400.dm': No such file or directory
11-10 16:10:37.531   859   860 W ziparchive: Unable to open '/data/user_de/0/com.google.android.gms/app_chimera/m/00000010/AdsDynamite.dm': No such file or directory
11-10 16:10:37.531   859   860 W ziparchive: Unable to open '/data/user_de/0/com.google.android.gms/app_chimera/m/00000010/AdsDynamite.dm': No such file or directory
11-10 16:10:37.531   859   860 W ziparchive: Unable to open '/data/user_de/0/com.google.android.gms/app_chimera/m/00000002/DynamiteLoader.dm': No such file or directory
11-10 16:10:37.531   859   860 W ziparchive: Unable to open '/data/user_de/0/com.google.android.gms/app_chimera/m/00000002/DynamiteLoader.dm': No such file or directory
11-10 16:10:37.535   859   860 W ziparchive: Unable to open '/data/user_de/0/com.google.android.gms/app_chimera/m/0000001e/dl-VisionOcr.optional_234212100000.dm': No such file or directory
11-10 16:10:37.535   859   860 W ziparchive: Unable to open '/data/user_de/0/com.google.android.gms/app_chimera/m/0000001e/dl-VisionOcr.optional_234212100000.dm': No such file or directory
11-10 16:10:37.537   859   860 W ziparchive: Unable to open '/data/user_de/0/com.google.android.gms/app_chimera/m/0000001b/dl-MlkitOcrCommon.optional_234212100400.dm': No such file or directory
11-10 16:10:37.537   859   860 W ziparchive: Unable to open '/data/user_de/0/com.google.android.gms/app_chimera/m/0000001b/dl-MlkitOcrCommon.optional_234212100400.dm': No such file or directory
11-10 16:10:37.537   859   860 W ziparchive: Unable to open '/data/user_de/0/com.google.android.gms/app_chimera/m/00000005/GoogleCertificates.dm': No such file or directory
11-10 16:10:37.537   859   860 W ziparchive: Unable to open '/data/user_de/0/com.google.android.gms/app_chimera/m/00000005/GoogleCertificates.dm': No such file or directory
11-10 16:10:37.538   859   860 W ziparchive: Unable to open '/data/user_de/0/com.google.android.gms/app_chimera/m/0000000d/dl-VisionOcrDynamite.integ_231602402100000.dm': No such file or directory
11-10 16:10:37.538   859   860 W ziparchive: Unable to open '/data/user_de/0/com.google.android.gms/app_chimera/m/0000000d/dl-VisionOcrDynamite.integ_231602402100000.dm': No such file or directory
11-10 16:10:37.540   859   860 W ziparchive: Unable to open '/data/user_de/0/com.google.android.gms/app_chimera/m/0000001f/dl-AdsFdrDynamite.integ_233702200100000.dm': No such file or directory
11-10 16:10:37.540   859   860 W ziparchive: Unable to open '/data/user_de/0/com.google.android.gms/app_chimera/m/0000001f/dl-AdsFdrDynamite.integ_233702200100000.dm': No such file or directory
11-10 16:10:37.543   859   860 W ziparchive: Unable to open '/data/user_de/0/com.google.android.gms/app_chimera/m/00000000/AdsDynamite.dm': No such file or directory
11-10 16:10:37.543   859   860 W ziparchive: Unable to open '/data/user_de/0/com.google.android.gms/app_chimera/m/00000000/AdsDynamite.dm': No such file or directory
11-10 16:10:37.543   859   860 W ziparchive: Unable to open '/data/user_de/0/com.google.android.gms/app_chimera/m/00000017/MeasurementDynamite.dm': No such file or directory
11-10 16:10:37.543   859   860 W ziparchive: Unable to open '/data/user_de/0/com.google.android.gms/app_chimera/m/00000017/MeasurementDynamite.dm': No such file or directory
11-10 16:10:37.545   859   860 W ziparchive: Unable to open '/data/user_de/0/com.google.android.gms/app_chimera/m/0000000c/dl-PlayCloudSearch.optional_231818100000.dm': No such file or directory
11-10 16:10:37.545   859   860 W ziparchive: Unable to open '/data/user_de/0/com.google.android.gms/app_chimera/m/0000000c/dl-PlayCloudSearch.optional_231818100000.dm': No such file or directory
11-10 16:10:37.548   859   860 W ziparchive: Unable to open '/data/user_de/0/com.google.android.gms/app_chimera/m/0000001c/dl-PlayCloudSearch.optional_234212100000.dm': No such file or directory
11-10 16:10:37.548   859   860 W ziparchive: Unable to open '/data/user_de/0/com.google.android.gms/app_chimera/m/0000001c/dl-PlayCloudSearch.optional_234212100000.dm': No such file or directory
11-10 16:10:37.549   859   860 W ziparchive: Unable to open '/data/user_de/0/com.google.android.gms/app_chimera/m/00000011/CronetDynamite.dm': No such file or directory
11-10 16:10:37.549   859   860 W ziparchive: Unable to open '/data/user_de/0/com.google.android.gms/app_chimera/m/00000011/CronetDynamite.dm': No such file or directory
11-10 16:10:37.549   859   860 W ziparchive: Unable to open '/data/user_de/0/com.google.android.gms/app_chimera/m/00000012/DynamiteLoader.dm': No such file or directory
11-10 16:10:37.549   859   860 W ziparchive: Unable to open '/data/user_de/0/com.google.android.gms/app_chimera/m/00000012/DynamiteLoader.dm': No such file or directory
11-10 16:10:37.551   859   860 W ziparchive: Unable to open '/data/user_de/0/com.google.android.gms/app_chimera/m/00000007/MeasurementDynamite.dm': No such file or directory
11-10 16:10:37.551   859   860 W ziparchive: Unable to open '/data/user_de/0/com.google.android.gms/app_chimera/m/00000007/MeasurementDynamite.dm': No such file or directory
11-10 16:10:37.915   383 15355 D audioserver: FGS Logger Transaction failed
11-10 16:10:37.915   383 15355 D audioserver: -129
11-10 16:10:37.916   736   768 D AudioTrack: getTimestamp_l(32): device stall time corrected using current time 28881275806241
11-10 16:10:37.937   736   914 D BufferPoolAccessor2.0: bufferpool2 0xb400006d8cc3ee08 : 5(40960 size) total buffers - 1(8192 size) used buffers - 963/968 (recycle/alloc) - 9/967 (fetch/transfer)
11-10 16:10:37.949   431   919 D BufferPoolAccessor2.0: bufferpool2 0xb400007192952c28 : 5(20480 size) total buffers - 1(4096 size) used buffers - 959/964 (recycle/alloc) - 6/963 (fetch/transfer)
11-10 16:10:37.971   736   762 D EGL_emulation: app_time_stats: avg=1014.71ms min=996.67ms max=1032.76ms count=2
11-10 16:10:37.981   736   897 D BufferPoolAccessor2.0: bufferpool2 0xb400006d8cc486a8 : 5(31457280 size) total buffers - 5(31457280 size) used buffers - 674/679 (recycle/alloc) - 7/678 (fetch/transfer)
11-10 16:10:39.136   736   762 D EGL_emulation: app_time_stats: avg=291.13ms min=231.33ms max=334.03ms count=4
11-10 16:10:39.655  2220  2220 W adbd    : timeout expired while flushing socket, closing
11-10 16:10:40.304   736   762 D EGL_emulation: app_time_stats: avg=291.97ms min=201.31ms max=334.41ms count=4
11-10 16:10:41.502   736   762 D EGL_emulation: app_time_stats: avg=299.51ms min=199.88ms max=333.52ms count=4
11-10 16:10:42.196   519   530 W System  : A resource failed to call release.
11-10 16:10:42.803   736   762 D EGL_emulation: app_time_stats: avg=325.17ms min=299.39ms max=335.10ms count=4
11-10 16:10:43.032   736   914 D BufferPoolAccessor2.0: bufferpool2 0xb400006d8cc3ee08 : 5(40960 size) total buffers - 1(8192 size) used buffers - 1183/1188 (recycle/alloc) - 13/1187 (fetch/transfer)
11-10 16:10:43.034   431   919 D BufferPoolAccessor2.0: bufferpool2 0xb400007192952c28 : 5(20480 size) total buffers - 1(4096 size) used buffers - 1179/1184 (recycle/alloc) - 6/1183 (fetch/transfer)
11-10 16:10:43.082   736   897 D BufferPoolAccessor2.0: bufferpool2 0xb400006d8cc486a8 : 5(31457280 size) total buffers - 5(31457280 size) used buffers - 827/832 (recycle/alloc) - 8/831 (fetch/transfer)
11-10 16:10:43.969   736   762 D EGL_emulation: app_time_stats: avg=291.58ms min=200.02ms max=333.61ms count=4
11-10 16:10:44.850   857   857 D StatusBarIconController: ignoring old pipeline callbacks, because the new mobile icons are enabled
11-10 16:10:45.137   736   762 D EGL_emulation: app_time_stats: avg=291.85ms min=200.35ms max=333.89ms count=4
11-10 16:10:46.203   736   762 D EGL_emulation: app_time_stats: avg=266.57ms min=199.68ms max=334.46ms count=4
11-10 16:10:46.528   859   860 I AidlLazyServiceRegistrar: Process has 0 (of 1 available) client(s) in use after notification artd has clients: 0
11-10 16:10:46.528   859   860 I AidlLazyServiceRegistrar: Trying to shut down the service. No clients in use for any service in process.
11-10 16:10:46.529   859   860 I AidlLazyServiceRegistrar: Unregistered all clients and exiting
11-10 16:10:47.023   736   774 D MuxStatsEventQueue: attempt to send 2 events, total queue size 2
11-10 16:10:47.024   736   774 D MuxStatsEventQueue:     sending play with 13 dims
11-10 16:10:47.024   736   774 D MuxStatsEventQueue:     sending playing with 13 dims
11-10 16:10:47.025   736   774 D MuxStatsEventQueue: submit 2 events to batch handler
11-10 16:10:47.025   736   774 D MuxStatsEventQueue:     [play, playing, ]
11-10 16:10:47.026   736   774 V MockNetworkRequest: Mock network postWithCompletion called with body
11-10 16:10:47.026   736   774 V MockNetworkRequest: {"events":[{"xid":"b3f768c1-521b-4bb7-993b-6f2df3319755","uti":"1699661437915","xsqno":"9","pinid":"72f4132e-8d48-4ea3-bc9a-7d67046dd9cd","pispa":"false","pphti":"21762","psqno":"9","ake":"","mapve":"2.1","sex":"1699662937915","udvnm":"","udvcg":"","e":"play"},{"xid":"b3f768c1-521b-4bb7-993b-6f2df3319755","xwati":"24809","uti":"1699661437931","xsqno":"10","pinid":"72f4132e-8d48-4ea3-bc9a-7d67046dd9cd","pphti":"21762","psqno":"10","ake":"","mapve":"2.1","sex":"1699662937931","udvnm":"","udvcg":"","e":"playing"}],"metadata":{"rtt_ms":2,"transmission_timestamp":1699661447025}}
11-10 16:10:47.026   736   774 D MuxStatsEventQueue: last batch handler result true
11-10 16:10:47.471   736   762 D EGL_emulation: app_time_stats: avg=317.02ms min=299.26ms max=335.64ms count=4
11-10 16:10:47.578   968   968 I artd    : Starting artd
11-10 16:10:47.581   968   968 I AidlLazyServiceRegistrar: Registering service artd
11-10 16:10:47.593   968   969 I AidlLazyServiceRegistrar: Process has 1 (of 1 available) client(s) in use after notification artd has clients: 1
11-10 16:10:47.602   968   968 W ziparchive: Unable to open '/data/user_de/0/com.google.android.gms/app_chimera/m/00000009/dl-MlkitBarcodeUi.optional_231818100000.dm': No such file or directory
11-10 16:10:47.602   968   968 W ziparchive: Unable to open '/data/user_de/0/com.google.android.gms/app_chimera/m/00000009/dl-MlkitBarcodeUi.optional_231818100000.dm': No such file or directory
11-10 16:10:47.603   968   968 W ziparchive: Unable to open '/data/user_de/0/com.google.android.gms/app_chimera/m/0000000e/dl-TfliteDynamiteDynamite.integ_231810005100400.dm': No such file or directory
11-10 16:10:47.603   968   968 W ziparchive: Unable to open '/data/user_de/0/com.google.android.gms/app_chimera/m/0000000e/dl-TfliteDynamiteDynamite.integ_231810005100400.dm': No such file or directory
11-10 16:10:47.603   968   970 W ziparchive: Unable to open '/data/user_de/0/com.google.android.gms/app_chimera/m/00000001/CronetDynamite.dm': No such file or directory
11-10 16:10:47.603   968   970 W ziparchive: Unable to open '/data/user_de/0/com.google.android.gms/app_chimera/m/00000001/CronetDynamite.dm': No such file or directory
11-10 16:10:47.605   968   970 W ziparchive: Unable to open '/data/user_de/0/com.google.android.gms/app_chimera/m/0000001a/dl-MlkitBarcodeUi.optional_234212100400.dm': No such file or directory
11-10 16:10:47.605   968   970 W ziparchive: Unable to open '/data/user_de/0/com.google.android.gms/app_chimera/m/0000001a/dl-MlkitBarcodeUi.optional_234212100400.dm': No such file or directory
11-10 16:10:47.606   968   970 W ziparchive: Unable to open '/data/user_de/0/com.google.android.gms/app_chimera/m/00000010/AdsDynamite.dm': No such file or directory
11-10 16:10:47.606   968   970 W ziparchive: Unable to open '/data/user_de/0/com.google.android.gms/app_chimera/m/00000010/AdsDynamite.dm': No such file or directory
11-10 16:10:47.606   968   970 W ziparchive: Unable to open '/data/user_de/0/com.google.android.gms/app_chimera/m/00000002/DynamiteLoader.dm': No such file or directory
11-10 16:10:47.606   968   970 W ziparchive: Unable to open '/data/user_de/0/com.google.android.gms/app_chimera/m/00000002/DynamiteLoader.dm': No such file or directory
11-10 16:10:47.609   968   970 W ziparchive: Unable to open '/data/user_de/0/com.google.android.gms/app_chimera/m/0000001e/dl-VisionOcr.optional_234212100000.dm': No such file or directory
11-10 16:10:47.609   968   970 W ziparchive: Unable to open '/data/user_de/0/com.google.android.gms/app_chimera/m/0000001e/dl-VisionOcr.optional_234212100000.dm': No such file or directory
11-10 16:10:47.611   968   970 W ziparchive: Unable to open '/data/user_de/0/com.google.android.gms/app_chimera/m/0000001b/dl-MlkitOcrCommon.optional_234212100400.dm': No such file or directory
11-10 16:10:47.611   968   970 W ziparchive: Unable to open '/data/user_de/0/com.google.android.gms/app_chimera/m/0000001b/dl-MlkitOcrCommon.optional_234212100400.dm': No such file or directory
11-10 16:10:47.611   968   970 W ziparchive: Unable to open '/data/user_de/0/com.google.android.gms/app_chimera/m/00000005/GoogleCertificates.dm': No such file or directory
11-10 16:10:47.611   968   970 W ziparchive: Unable to open '/data/user_de/0/com.google.android.gms/app_chimera/m/00000005/GoogleCertificates.dm': No such file or directory
11-10 16:10:47.615   968   970 W ziparchive: Unable to open '/data/user_de/0/com.google.android.gms/app_chimera/m/0000000d/dl-VisionOcrDynamite.integ_231602402100000.dm': No such file or directory
11-10 16:10:47.615   968   970 W ziparchive: Unable to open '/data/user_de/0/com.google.android.gms/app_chimera/m/0000000d/dl-VisionOcrDynamite.integ_231602402100000.dm': No such file or directory
11-10 16:10:47.616   968   970 W ziparchive: Unable to open '/data/user_de/0/com.google.android.gms/app_chimera/m/0000001f/dl-AdsFdrDynamite.integ_233702200100000.dm': No such file or directory
11-10 16:10:47.616   968   970 W ziparchive: Unable to open '/data/user_de/0/com.google.android.gms/app_chimera/m/0000001f/dl-AdsFdrDynamite.integ_233702200100000.dm': No such file or directory
11-10 16:10:47.618   968   970 W ziparchive: Unable to open '/data/user_de/0/com.google.android.gms/app_chimera/m/00000000/AdsDynamite.dm': No such file or directory
11-10 16:10:47.618   968   970 W ziparchive: Unable to open '/data/user_de/0/com.google.android.gms/app_chimera/m/00000000/AdsDynamite.dm': No such file or directory
11-10 16:10:47.619   968   970 W ziparchive: Unable to open '/data/user_de/0/com.google.android.gms/app_chimera/m/00000017/MeasurementDynamite.dm': No such file or directory
11-10 16:10:47.619   968   970 W ziparchive: Unable to open '/data/user_de/0/com.google.android.gms/app_chimera/m/00000017/MeasurementDynamite.dm': No such file or directory
11-10 16:10:47.620   968   970 W ziparchive: Unable to open '/data/user_de/0/com.google.android.gms/app_chimera/m/0000000c/dl-PlayCloudSearch.optional_231818100000.dm': No such file or directory
11-10 16:10:47.620   968   970 W ziparchive: Unable to open '/data/user_de/0/com.google.android.gms/app_chimera/m/0000000c/dl-PlayCloudSearch.optional_231818100000.dm': No such file or directory
11-10 16:10:47.624   968   970 W ziparchive: Unable to open '/data/user_de/0/com.google.android.gms/app_chimera/m/0000001c/dl-PlayCloudSearch.optional_234212100000.dm': No such file or directory
11-10 16:10:47.624   968   970 W ziparchive: Unable to open '/data/user_de/0/com.google.android.gms/app_chimera/m/0000001c/dl-PlayCloudSearch.optional_234212100000.dm': No such file or directory
11-10 16:10:47.624   968   968 W ziparchive: Unable to open '/data/user_de/0/com.google.android.gms/app_chimera/m/00000011/CronetDynamite.dm': No such file or directory
11-10 16:10:47.624   968   968 W ziparchive: Unable to open '/data/user_de/0/com.google.android.gms/app_chimera/m/00000011/CronetDynamite.dm': No such file or directory
11-10 16:10:47.625   968   968 W ziparchive: Unable to open '/data/user_de/0/com.google.android.gms/app_chimera/m/00000012/DynamiteLoader.dm': No such file or directory
11-10 16:10:47.625   968   968 W ziparchive: Unable to open '/data/user_de/0/com.google.android.gms/app_chimera/m/00000012/DynamiteLoader.dm': No such file or directory
11-10 16:10:47.627   968   968 W ziparchive: Unable to open '/data/user_de/0/com.google.android.gms/app_chimera/m/00000007/MeasurementDynamite.dm': No such file or directory
11-10 16:10:47.627   968   968 W ziparchive: Unable to open '/data/user_de/0/com.google.android.gms/app_chimera/m/00000007/MeasurementDynamite.dm': No such file or directory
11-10 16:10:48.108   736   914 D BufferPoolAccessor2.0: bufferpool2 0xb400006d8cc3ee08 : 5(40960 size) total buffers - 1(8192 size) used buffers - 1401/1406 (recycle/alloc) - 13/1405 (fetch/transfer)
11-10 16:10:48.111   431   919 D BufferPoolAccessor2.0: bufferpool2 0xb400007192952c28 : 5(20480 size) total buffers - 1(4096 size) used buffers - 1397/1402 (recycle/alloc) - 6/1401 (fetch/transfer)
11-10 16:10:48.185   736   897 D BufferPoolAccessor2.0: bufferpool2 0xb400006d8cc486a8 : 5(31457280 size) total buffers - 5(31457280 size) used buffers - 978/983 (recycle/alloc) - 8/980 (fetch/transfer)
11-10 16:10:48.215   383   478 D AudioFlinger: mixer(0xb4000079ab52f930) throttle end: throttle time(11)
11-10 16:10:48.306   383   478 D AudioFlinger: mixer(0xb4000079ab52f930) throttle end: throttle time(31)
11-10 16:10:48.486   383   478 D AudioFlinger: mixer(0xb4000079ab52f930) throttle end: throttle time(14)
11-10 16:10:48.670   736   762 D EGL_emulation: app_time_stats: avg=299.64ms min=112.58ms max=422.82ms count=4
11-10 16:10:49.385  6744  8653 I PhenotypeProcessReaper: Memory state is: 125
11-10 16:10:49.836   736   762 D EGL_emulation: app_time_stats: avg=291.52ms min=200.60ms max=333.40ms count=4
11-10 16:10:51.103   736   762 D EGL_emulation: app_time_stats: avg=316.62ms min=299.68ms max=336.30ms count=4
11-10 16:10:52.169   736   762 D EGL_emulation: app_time_stats: avg=266.62ms min=199.38ms max=333.77ms count=4
11-10 16:10:52.382  6744 31552 I AlarmManager: setExactAndAllowWhileIdle [name: GCM_HB_ALARM type: 2 triggerAtMillis: 29365741]
11-10 16:10:52.386  6744 31552 I AlarmManager: setExactAndAllowWhileIdle [name: GCM_HB_ALARM type: 2 triggerAtMillis: 29365746]
11-10 16:10:52.784   857   857 D StatusBarIconController: ignoring old pipeline callback because the new wifi icon is enabled
11-10 16:10:53.182   736   914 D BufferPoolAccessor2.0: bufferpool2 0xb400006d8cc3ee08 : 5(40960 size) total buffers - 1(8192 size) used buffers - 1620/1625 (recycle/alloc) - 13/1624 (fetch/transfer)
11-10 16:10:53.183   431   919 D BufferPoolAccessor2.0: bufferpool2 0xb400007192952c28 : 5(20480 size) total buffers - 1(4096 size) used buffers - 1616/1621 (recycle/alloc) - 6/1620 (fetch/transfer)
11-10 16:10:53.289   736   886 D BufferPoolAccessor2.0: bufferpool2 0xb400006d8cc486a8 : 5(31457280 size) total buffers - 4(25165824 size) used buffers - 1133/1138 (recycle/alloc) - 8/1138 (fetch/transfer)
11-10 16:10:53.469   736   762 D EGL_emulation: app_time_stats: avg=325.01ms min=300.23ms max=333.69ms count=4
11-10 16:10:54.636   736   762 D EGL_emulation: app_time_stats: avg=291.61ms min=201.23ms max=334.22ms count=4
11-10 16:10:54.850   857   857 D StatusBarIconController: ignoring old pipeline callbacks, because the new mobile icons are enabled
11-10 16:10:55.784   857   857 D StatusBarIconController: ignoring old pipeline callback because the new wifi icon is enabled
11-10 16:10:55.803   736   762 D EGL_emulation: app_time_stats: avg=291.69ms min=200.22ms max=333.48ms count=4
11-10 16:10:56.658  2220  2220 W adbd    : timeout expired while flushing socket, closing
11-10 16:10:57.003   736   762 D EGL_emulation: app_time_stats: avg=300.02ms min=200.36ms max=333.59ms count=4
11-10 16:10:57.030   736   773 D MuxStatsEventQueue: attempt to send 1 events, total queue size 1
11-10 16:10:57.031   736   773 D MuxStatsEventQueue:     sending hb with 15 dims
11-10 16:10:57.031   736   773 D MuxStatsEventQueue: submit 1 events to batch handler
11-10 16:10:57.031   736   773 D MuxStatsEventQueue:     [hb, ]
11-10 16:10:57.032   736   773 V MockNetworkRequest: Mock network postWithCompletion called with body
11-10 16:10:57.032   736   773 V MockNetworkRequest: {"events":[{"xid":"b3f768c1-521b-4bb7-993b-6f2df3319755","xwati":"34947","uti":"1699661448069","xsqno":"11","xctpbti":"31820","xmaphps":"31885","pinid":"72f4132e-8d48-4ea3-bc9a-7d67046dd9cd","pphti":"31885","psqno":"11","ake":"","mapve":"2.1","sex":"1699662948069","udvnm":"","udvcg":"","e":"hb"}],"metadata":{"rtt_ms":1,"transmission_timestamp":1699661457031}}
11-10 16:10:57.032   736   773 D MuxStatsEventQueue: last batch handler result true
11-10 16:10:57.498   968   968 W ziparchive: Unable to open '/data/user_de/0/com.google.android.gms/app_chimera/m/00000009/dl-MlkitBarcodeUi.optional_231818100000.dm': No such file or directory
11-10 16:10:57.498   968   968 W ziparchive: Unable to open '/data/user_de/0/com.google.android.gms/app_chimera/m/00000009/dl-MlkitBarcodeUi.optional_231818100000.dm': No such file or directory
11-10 16:10:57.500   968   968 W ziparchive: Unable to open '/data/user_de/0/com.google.android.gms/app_chimera/m/0000000e/dl-TfliteDynamiteDynamite.integ_231810005100400.dm': No such file or directory
11-10 16:10:57.500   968   968 W ziparchive: Unable to open '/data/user_de/0/com.google.android.gms/app_chimera/m/0000000e/dl-TfliteDynamiteDynamite.integ_231810005100400.dm': No such file or directory
11-10 16:10:57.501   968   968 W ziparchive: Unable to open '/data/user_de/0/com.google.android.gms/app_chimera/m/00000001/CronetDynamite.dm': No such file or directory
11-10 16:10:57.501   968   968 W ziparchive: Unable to open '/data/user_de/0/com.google.android.gms/app_chimera/m/00000001/CronetDynamite.dm': No such file or directory
11-10 16:10:57.504   968   968 W ziparchive: Unable to open '/data/user_de/0/com.google.android.gms/app_chimera/m/0000001a/dl-MlkitBarcodeUi.optional_234212100400.dm': No such file or directory
11-10 16:10:57.504   968   968 W ziparchive: Unable to open '/data/user_de/0/com.google.android.gms/app_chimera/m/0000001a/dl-MlkitBarcodeUi.optional_234212100400.dm': No such file or directory
11-10 16:10:57.505   968   968 W ziparchive: Unable to open '/data/user_de/0/com.google.android.gms/app_chimera/m/00000010/AdsDynamite.dm': No such file or directory
11-10 16:10:57.505   968   968 W ziparchive: Unable to open '/data/user_de/0/com.google.android.gms/app_chimera/m/00000010/AdsDynamite.dm': No such file or directory
11-10 16:10:57.506   968   968 W ziparchive: Unable to open '/data/user_de/0/com.google.android.gms/app_chimera/m/00000002/DynamiteLoader.dm': No such file or directory
11-10 16:10:57.506   968   968 W ziparchive: Unable to open '/data/user_de/0/com.google.android.gms/app_chimera/m/00000002/DynamiteLoader.dm': No such file or directory
11-10 16:10:57.509   968   968 W ziparchive: Unable to open '/data/user_de/0/com.google.android.gms/app_chimera/m/0000001e/dl-VisionOcr.optional_234212100000.dm': No such file or directory
11-10 16:10:57.509   968   968 W ziparchive: Unable to open '/data/user_de/0/com.google.android.gms/app_chimera/m/0000001e/dl-VisionOcr.optional_234212100000.dm': No such file or directory
11-10 16:10:57.511   968   968 W ziparchive: Unable to open '/data/user_de/0/com.google.android.gms/app_chimera/m/0000001b/dl-MlkitOcrCommon.optional_234212100400.dm': No such file or directory
11-10 16:10:57.514   968   968 W ziparchive: Unable to open '/data/user_de/0/com.google.android.gms/app_chimera/m/0000001b/dl-MlkitOcrCommon.optional_234212100400.dm': No such file or directory
11-10 16:10:57.514   968   968 W ziparchive: Unable to open '/data/user_de/0/com.google.android.gms/app_chimera/m/00000005/GoogleCertificates.dm': No such file or directory
