11-10 16:11:31.430   383   478 D AudioFlinger: mixer(0xb4000079ab52f930) throttle end: throttle time(4)
11-10 16:11:31.841   857   857 D StatusBarIconController: ignoring old pipeline callback because the new wifi icon is enabled
11-10 16:11:32.104   736   762 D EGL_emulation: app_time_stats: avg=266.83ms min=199.75ms max=332.16ms count=4
11-10 16:11:32.951   383   478 D AudioFlinger: mixer(0xb4000079ab52f930) throttle end: throttle time(18)
11-10 16:11:33.403   736   762 D EGL_emulation: app_time_stats: avg=324.62ms min=299.64ms max=335.40ms count=4
11-10 16:11:34.602   736   762 D EGL_emulation: app_time_stats: avg=299.90ms min=201.57ms max=334.84ms count=4
11-10 16:11:34.861   857   857 D StatusBarIconController: ignoring old pipeline callbacks, because the new mobile icons are enabled
11-10 16:11:35.289   736   897 D BufferPoolAccessor2.0: bufferpool2 0xb400006d8cc486a8 : 5(31457280 size) total buffers - 5(31457280 size) used buffers - 2330/2335 (recycle/alloc) - 10/2337 (fetch/transfer)
11-10 16:11:35.769   736   762 D EGL_emulation: app_time_stats: avg=291.64ms min=197.46ms max=336.67ms count=4
11-10 16:11:36.169   431   919 D BufferPoolAccessor2.0: bufferpool2 0xb400007192952c28 : 5(20480 size) total buffers - 1(4096 size) used buffers - 3199/3204 (recycle/alloc) - 14/3203 (fetch/transfer)
11-10 16:11:36.309   383   478 D AudioFlinger: mixer(0xb4000079ab52f930) throttle end: throttle time(2)
11-10 16:11:36.630   736   914 D BufferPoolAccessor2.0: bufferpool2 0xb400006d8cc3ee08 : 5(40960 size) total buffers - 1(8192 size) used buffers - 3229/3234 (recycle/alloc) - 29/3231 (fetch/transfer)
11-10 16:11:36.952   736   762 D EGL_emulation: app_time_stats: avg=295.62ms min=244.75ms max=348.84ms count=4
11-10 16:11:37.105   736   773 D MuxStatsEventQueue: attempt to send 1 events, total queue size 1
11-10 16:11:37.105   736   773 D MuxStatsEventQueue:     sending hb with 15 dims
11-10 16:11:37.106   736   773 D MuxStatsEventQueue: submit 1 events to batch handler
11-10 16:11:37.106   736   773 D MuxStatsEventQueue:     [hb, ]
11-10 16:11:37.106   736   773 V MockNetworkRequest: Mock network postWithCompletion called with body
11-10 16:11:37.106   736   773 V MockNetworkRequest: {"events":[{"xid":"b3f768c1-521b-4bb7-993b-6f2df3319755","xwati":"82002","uti":"1699661495135","xsqno":"22","xctpbti":"71288","xmaphps":"94009","pinid":"72f4132e-8d48-4ea3-bc9a-7d67046dd9cd","pphti":"94009","psqno":"22","ake":"","mapve":"2.1","sex":"1699662995134","udvnm":"","udvcg":"","e":"hb"}],"metadata":{"rtt_ms":2,"transmission_timestamp":1699661497106}}
11-10 16:11:37.106   736   773 D MuxStatsEventQueue: last batch handler result true
11-10 16:11:37.517   968   968 W ziparchive: Unable to open '/data/user_de/0/com.google.android.gms/app_chimera/m/00000009/dl-MlkitBarcodeUi.optional_231818100000.dm': No such file or directory
11-10 16:11:37.517   968   968 W ziparchive: Unable to open '/data/user_de/0/com.google.android.gms/app_chimera/m/00000009/dl-MlkitBarcodeUi.optional_231818100000.dm': No such file or directory
11-10 16:11:37.519   968   968 W ziparchive: Unable to open '/data/user_de/0/com.google.android.gms/app_chimera/m/0000000e/dl-TfliteDynamiteDynamite.integ_231810005100400.dm': No such file or directory
11-10 16:11:37.519   968   968 W ziparchive: Unable to open '/data/user_de/0/com.google.android.gms/app_chimera/m/0000000e/dl-TfliteDynamiteDynamite.integ_231810005100400.dm': No such file or directory
11-10 16:11:37.520   968   968 W ziparchive: Unable to open '/data/user_de/0/com.google.android.gms/app_chimera/m/00000001/CronetDynamite.dm': No such file or directory
11-10 16:11:37.520   968   968 W ziparchive: Unable to open '/data/user_de/0/com.google.android.gms/app_chimera/m/00000001/CronetDynamite.dm': No such file or directory
11-10 16:11:37.521   968   968 W ziparchive: Unable to open '/data/user_de/0/com.google.android.gms/app_chimera/m/0000001a/dl-MlkitBarcodeUi.optional_234212100400.dm': No such file or directory
11-10 16:11:37.521   968   968 W ziparchive: Unable to open '/data/user_de/0/com.google.android.gms/app_chimera/m/0000001a/dl-MlkitBarcodeUi.optional_234212100400.dm': No such file or directory
11-10 16:11:37.522   968   968 W ziparchive: Unable to open '/data/user_de/0/com.google.android.gms/app_chimera/m/00000010/AdsDynamite.dm': No such file or directory
11-10 16:11:37.522   968   968 W ziparchive: Unable to open '/data/user_de/0/com.google.android.gms/app_chimera/m/00000010/AdsDynamite.dm': No such file or directory
11-10 16:11:37.523   968   968 W ziparchive: Unable to open '/data/user_de/0/com.google.android.gms/app_chimera/m/00000002/DynamiteLoader.dm': No such file or directory
11-10 16:11:37.523   968   968 W ziparchive: Unable to open '/data/user_de/0/com.google.android.gms/app_chimera/m/00000002/DynamiteLoader.dm': No such file or directory
11-10 16:11:37.526   968   968 W ziparchive: Unable to open '/data/user_de/0/com.google.android.gms/app_chimera/m/0000001e/dl-VisionOcr.optional_234212100000.dm': No such file or directory
11-10 16:11:37.526   968   968 W ziparchive: Unable to open '/data/user_de/0/com.google.android.gms/app_chimera/m/0000001e/dl-VisionOcr.optional_234212100000.dm': No such file or directory
11-10 16:11:37.527   968   968 W ziparchive: Unable to open '/data/user_de/0/com.google.android.gms/app_chimera/m/0000001b/dl-MlkitOcrCommon.optional_234212100400.dm': No such file or directory
11-10 16:11:37.527   968   968 W ziparchive: Unable to open '/data/user_de/0/com.google.android.gms/app_chimera/m/0000001b/dl-MlkitOcrCommon.optional_234212100400.dm': No such file or directory
11-10 16:11:37.528   968   968 W ziparchive: Unable to open '/data/user_de/0/com.google.android.gms/app_chimera/m/00000005/GoogleCertificates.dm': No such file or directory
11-10 16:11:37.528   968   968 W ziparchive: Unable to open '/data/user_de/0/com.google.android.gms/app_chimera/m/00000005/GoogleCertificates.dm': No such file or directory
11-10 16:11:37.530   968   968 W ziparchive: Unable to open '/data/user_de/0/com.google.android.gms/app_chimera/m/0000000d/dl-VisionOcrDynamite.integ_231602402100000.dm': No such file or directory
11-10 16:11:37.530   968   968 W ziparchive: Unable to open '/data/user_de/0/com.google.android.gms/app_chimera/m/0000000d/dl-VisionOcrDynamite.integ_231602402100000.dm': No such file or directory
11-10 16:11:37.531   968   968 W ziparchive: Unable to open '/data/user_de/0/com.google.android.gms/app_chimera/m/0000001f/dl-AdsFdrDynamite.integ_233702200100000.dm': No such file or directory
11-10 16:11:37.531   968   968 W ziparchive: Unable to open '/data/user_de/0/com.google.android.gms/app_chimera/m/0000001f/dl-AdsFdrDynamite.integ_233702200100000.dm': No such file or directory
11-10 16:11:37.533   968   970 W ziparchive: Unable to open '/data/user_de/0/com.google.android.gms/app_chimera/m/00000000/AdsDynamite.dm': No such file or directory
11-10 16:11:37.533   968   970 W ziparchive: Unable to open '/data/user_de/0/com.google.android.gms/app_chimera/m/00000000/AdsDynamite.dm': No such file or directory
11-10 16:11:37.533   968   970 W ziparchive: Unable to open '/data/user_de/0/com.google.android.gms/app_chimera/m/00000017/MeasurementDynamite.dm': No such file or directory
11-10 16:11:37.533   968   970 W ziparchive: Unable to open '/data/user_de/0/com.google.android.gms/app_chimera/m/00000017/MeasurementDynamite.dm': No such file or directory
11-10 16:11:37.534   968   970 W ziparchive: Unable to open '/data/user_de/0/com.google.android.gms/app_chimera/m/0000000c/dl-PlayCloudSearch.optional_231818100000.dm': No such file or directory
11-10 16:11:37.534   968   970 W ziparchive: Unable to open '/data/user_de/0/com.google.android.gms/app_chimera/m/0000000c/dl-PlayCloudSearch.optional_231818100000.dm': No such file or directory
11-10 16:11:37.537   968   970 W ziparchive: Unable to open '/data/user_de/0/com.google.android.gms/app_chimera/m/0000001c/dl-PlayCloudSearch.optional_234212100000.dm': No such file or directory
11-10 16:11:37.537   968   970 W ziparchive: Unable to open '/data/user_de/0/com.google.android.gms/app_chimera/m/0000001c/dl-PlayCloudSearch.optional_234212100000.dm': No such file or directory
11-10 16:11:37.538   968   970 W ziparchive: Unable to open '/data/user_de/0/com.google.android.gms/app_chimera/m/00000011/CronetDynamite.dm': No such file or directory
11-10 16:11:37.538   968   970 W ziparchive: Unable to open '/data/user_de/0/com.google.android.gms/app_chimera/m/00000011/CronetDynamite.dm': No such file or directory
11-10 16:11:37.539   968   970 W ziparchive: Unable to open '/data/user_de/0/com.google.android.gms/app_chimera/m/00000012/DynamiteLoader.dm': No such file or directory
11-10 16:11:37.539   968   970 W ziparchive: Unable to open '/data/user_de/0/com.google.android.gms/app_chimera/m/00000012/DynamiteLoader.dm': No such file or directory
11-10 16:11:37.540   968   970 W ziparchive: Unable to open '/data/user_de/0/com.google.android.gms/app_chimera/m/00000007/MeasurementDynamite.dm': No such file or directory
11-10 16:11:37.540   968   970 W ziparchive: Unable to open '/data/user_de/0/com.google.android.gms/app_chimera/m/00000007/MeasurementDynamite.dm': No such file or directory
11-10 16:11:38.071   736   762 D EGL_emulation: app_time_stats: avg=279.83ms min=185.25ms max=333.49ms count=4
11-10 16:11:39.073   736   762 D EGL_emulation: app_time_stats: avg=334.00ms min=326.61ms max=338.63ms count=3
11-10 16:11:39.862   383   478 D AudioFlinger: mixer(0xb4000079ab52f930) throttle end: throttle time(8)
11-10 16:11:40.146   736   762 D EGL_emulation: app_time_stats: avg=268.17ms min=195.97ms max=334.88ms count=4
11-10 16:11:40.416   736   897 D BufferPoolAccessor2.0: bufferpool2 0xb400006d8cc486a8 : 5(31457280 size) total buffers - 5(31457280 size) used buffers - 2484/2489 (recycle/alloc) - 10/2491 (fetch/transfer)
11-10 16:11:41.270   736   762 D EGL_emulation: app_time_stats: avg=280.85ms min=199.03ms max=332.89ms count=4
11-10 16:11:41.694   431   919 D BufferPoolAccessor2.0: bufferpool2 0xb400007192952c28 : 5(20480 size) total buffers - 1(4096 size) used buffers - 3437/3442 (recycle/alloc) - 14/3441 (fetch/transfer)
11-10 16:11:41.792   383   478 D AudioFlinger: mixer(0xb4000079ab52f930) throttle end: throttle time(1)
11-10 16:11:42.163   736   914 D BufferPoolAccessor2.0: bufferpool2 0xb400006d8cc3ee08 : 5(40960 size) total buffers - 1(8192 size) used buffers - 3467/3472 (recycle/alloc) - 29/3469 (fetch/transfer)
11-10 16:11:42.470   736   762 D EGL_emulation: app_time_stats: avg=300.05ms min=200.28ms max=336.49ms count=4
11-10 16:11:42.771   383   478 D AudioFlinger: mixer(0xb4000079ab52f930) throttle end: throttle time(8)
11-10 16:11:43.080   383   478 D AudioFlinger: mixer(0xb4000079ab52f930) throttle end: throttle time(4)
11-10 16:11:43.148   383   478 D AudioFlinger: mixer(0xb4000079ab52f930) throttle end: throttle time(1)
11-10 16:11:43.330   383   478 D AudioFlinger: mixer(0xb4000079ab52f930) throttle end: throttle time(12)
11-10 16:11:43.739   736   762 D EGL_emulation: app_time_stats: avg=317.11ms min=294.10ms max=345.84ms count=4
11-10 16:11:43.923   736   736 D PlayerUtils: entering IDLE
11-10 16:11:43.927   361   906 D SimpleC2Component: work form old generation: was 3 now 2
11-10 16:11:43.928   736   768 D MediaCodec: keep callback message for reclaim
11-10 16:11:43.928   736   886 I CCodecConfig: query failed after returning 12 values (BAD_INDEX)
11-10 16:11:43.929   736   886 W Codec2Client: query -- param skipped: index = 1342179345.
11-10 16:11:43.929   736   886 W Codec2Client: query -- param skipped: index = 2415921170.
11-10 16:11:43.929   736   886 W Codec2Client: query -- param skipped: index = 1610614798.
11-10 16:11:43.943   736   914 D CCodecBuffers: [c2.android.aac.decoder#753:1D-Output.Impl[N]] Client returned a buffer it does not own according to our record: 0
11-10 16:11:43.943   736   914 D CCodecBuffers: [c2.android.aac.decoder#753:1D-Output.Impl[N]] Client returned a buffer it does not own according to our record: 1
11-10 16:11:43.943   736   768 D MediaCodec: keep callback message for reclaim
11-10 16:11:43.944   736   914 I CCodecConfig: query failed after returning 20 values (BAD_INDEX)
11-10 16:11:43.944   736   914 W Codec2Client: query -- param skipped: index = 1342179345.
11-10 16:11:43.944   736   914 W Codec2Client: query -- param skipped: index = 2415921170.
11-10 16:11:43.944   736   914 W Codec2Client: query -- param skipped: index = 1610614798.
11-10 16:11:43.946   736   886 D SurfaceUtils: connecting to surface 0xb400006dbcc3eb70, reason connectToSurface
11-10 16:11:43.947   736   886 I MediaCodec: [c2.goldfish.h264.decoder] setting surface generation to 753666
11-10 16:11:43.947   736   886 D SurfaceUtils: disconnecting from surface 0xb400006dbcc3eb70, reason connectToSurface(reconnect)
11-10 16:11:43.947   736   886 D SurfaceUtils: connecting to surface 0xb400006dbcc3eb70, reason connectToSurface(reconnect)
11-10 16:11:43.947   736   886 D Codec2-OutputBufferQueue: remote graphic buffer migration 0/0
11-10 16:11:43.947   736   886 D Codec2Client: setOutputSurface -- failed to set consumer usage (6/BAD_INDEX)
11-10 16:11:43.947   736   886 D Codec2Client: setOutputSurface -- generation=753666 consumer usage=0x900
11-10 16:11:43.950   361   361 D C2BqBuffer: local generation change 753666 , bqId: 3161095929858 migrated buffers # 0
11-10 16:11:43.950   736   886 D Codec2Client: Surface configure completed
11-10 16:11:43.950   736   886 D SurfaceUtils: disconnecting from surface 0xb400006dbcc36330, reason disconnectFromSurface
11-10 16:11:43.951   736   886 D CCodecBufferChannel: [c2.goldfish.h264.decoder#928] MediaCodec discarded an unknown buffer
11-10 16:11:43.951   736   886 D CCodecBufferChannel: [c2.goldfish.h264.decoder#928] MediaCodec discarded an unknown buffer
11-10 16:11:43.951   736   886 D CCodecBufferChannel: [c2.goldfish.h264.decoder#928] MediaCodec discarded an unknown buffer
11-10 16:11:43.951   736   886 D CCodecBufferChannel: [c2.goldfish.h264.decoder#928] MediaCodec discarded an unknown buffer
11-10 16:11:43.953   736   914 D CCodecBufferChannel: [c2.android.aac.decoder#753] MediaCodec discarded an unknown buffer
11-10 16:11:43.953   736   914 D CCodecBufferChannel: [c2.android.aac.decoder#753] MediaCodec discarded an unknown buffer
11-10 16:11:43.953   736   914 D CCodecBufferChannel: [c2.android.aac.decoder#753] MediaCodec discarded an unknown buffer
11-10 16:11:43.953   736   914 D CCodecBufferChannel: [c2.android.aac.decoder#753] MediaCodec discarded an unknown buffer
11-10 16:11:43.955   736   914 I hw-BpHwBinder: onLastStrongRef automatically unlinking death recipients
11-10 16:11:43.955   431   893 I hw-BpHwBinder: onLastStrongRef automatically unlinking death recipients
11-10 16:11:43.955   431   893 I hw-BpHwBinder: onLastStrongRef automatically unlinking death recipients
11-10 16:11:43.956   736   914 D MediaCodec: flushMediametrics
11-10 16:11:43.957   736   914 D MediaCodec: flushMediametrics
11-10 16:11:43.957   736   914 W MediaCodec: no metrics handle found
11-10 16:11:43.963   361   361 D C2BqBuffer: configuring null producer: igbp_information(0)
11-10 16:11:43.963   736   887 I hw-BpHwBinder: onLastStrongRef automatically unlinking death recipients
11-10 16:11:43.963   361   361 I hw-BpHwBinder: onLastStrongRef automatically unlinking death recipients
11-10 16:11:43.964   361   361 I GoldfishComponentStore: in ~ComponentModule
11-10 16:11:43.964   361   361 I GoldfishComponentStore: unloading dll
11-10 16:11:43.965   736   886 D SurfaceUtils: disconnecting from surface 0xb400006dbcc3eb70, reason disconnectFromSurface
11-10 16:11:43.967   736   886 D MediaCodec: flushMediametrics
11-10 16:11:43.968   736   886 D MediaCodec: flushMediametrics
11-10 16:11:43.968   736   886 W MediaCodec: no metrics handle found
11-10 16:11:43.973   736  1007 E HTTPTestConnSender: Connection closed by the client !!!
11-10 16:11:43.973   736  1007 E HTTPTestConnSender: java.net.SocketException: Broken pipe
11-10 16:11:43.973   736  1007 E HTTPTestConnSender: 	at java.net.SocketOutputStream.socketWrite0(Native Method)
11-10 16:11:43.973   736  1007 E HTTPTestConnSender: 	at java.net.SocketOutputStream.socketWrite(SocketOutputStream.java:116)
11-10 16:11:43.973   736  1007 E HTTPTestConnSender: 	at java.net.SocketOutputStream.write(SocketOutputStream.java:156)
11-10 16:11:43.973   736  1007 E HTTPTestConnSender: 	at com.mux.player.media3.automatedtests.mockup.http.ConnectionSender.serveStaticData(ConnectionSender.java:332)
11-10 16:11:43.973   736  1007 E HTTPTestConnSender: 	at com.mux.player.media3.automatedtests.mockup.http.ConnectionSender.run(ConnectionSender.java:163)
11-10 16:11:44.057   383   478 D audioserver: FGS Logger Transaction failed
11-10 16:11:44.057   383   478 D audioserver: -129
11-10 16:11:44.070   383   478 D audioserver: FGS Logger Transaction failed
11-10 16:11:44.070   383   478 D audioserver: -129
11-10 16:11:44.872   857   857 D StatusBarIconController: ignoring old pipeline callbacks, because the new mobile icons are enabled
11-10 16:11:46.923   351  8021 D android.hardware.audio@7.1-impl.ranchu: threadLoop: entering standby, frames: 17320960
11-10 16:11:47.132   736   773 D MuxStatsEventQueue: attempt to send 1 events, total queue size 1
11-10 16:11:47.133   736   773 D MuxStatsEventQueue:     sending pause with 16 dims
11-10 16:11:47.133   736   773 D MuxStatsEventQueue: submit 1 events to batch handler
11-10 16:11:47.133   736   773 D MuxStatsEventQueue:     [pause, ]
11-10 16:11:47.134   736   773 V MockNetworkRequest: Mock network postWithCompletion called with body
11-10 16:11:47.134   736   773 V MockNetworkRequest: {"events":[{"xid":"b3f768c1-521b-4bb7-993b-6f2df3319755","xwati":"90792","uti":"1699661503924","xsqno":"23","xctpbti":"80123","xmaphps":"102844","pinid":"72f4132e-8d48-4ea3-bc9a-7d67046dd9cd","pispa":"true","pphti":"102844","psqno":"23","ake":"","mapve":"2.1","sex":"1699663003924","udvnm":"","udvcg":"","e":"pause"}],"metadata":{"rtt_ms":0,"transmission_timestamp":1699661507133}}
11-10 16:11:47.134   736   773 D MuxStatsEventQueue: last batch handler result true
11-10 16:11:47.506   968   968 W ziparchive: Unable to open '/data/user_de/0/com.google.android.gms/app_chimera/m/00000009/dl-MlkitBarcodeUi.optional_231818100000.dm': No such file or directory
11-10 16:11:47.506   968   968 W ziparchive: Unable to open '/data/user_de/0/com.google.android.gms/app_chimera/m/00000009/dl-MlkitBarcodeUi.optional_231818100000.dm': No such file or directory
11-10 16:11:47.508   968   968 W ziparchive: Unable to open '/data/user_de/0/com.google.android.gms/app_chimera/m/0000000e/dl-TfliteDynamiteDynamite.integ_231810005100400.dm': No such file or directory
11-10 16:11:47.508   968   968 W ziparchive: Unable to open '/data/user_de/0/com.google.android.gms/app_chimera/m/0000000e/dl-TfliteDynamiteDynamite.integ_231810005100400.dm': No such file or directory
11-10 16:11:47.508   968   968 W ziparchive: Unable to open '/data/user_de/0/com.google.android.gms/app_chimera/m/00000001/CronetDynamite.dm': No such file or directory
11-10 16:11:47.508   968   968 W ziparchive: Unable to open '/data/user_de/0/com.google.android.gms/app_chimera/m/00000001/CronetDynamite.dm': No such file or directory
11-10 16:11:47.511   968   968 W ziparchive: Unable to open '/data/user_de/0/com.google.android.gms/app_chimera/m/0000001a/dl-MlkitBarcodeUi.optional_234212100400.dm': No such file or directory
11-10 16:11:47.511   968   968 W ziparchive: Unable to open '/data/user_de/0/com.google.android.gms/app_chimera/m/0000001a/dl-MlkitBarcodeUi.optional_234212100400.dm': No such file or directory
11-10 16:11:47.511   968   968 W ziparchive: Unable to open '/data/user_de/0/com.google.android.gms/app_chimera/m/00000010/AdsDynamite.dm': No such file or directory
11-10 16:11:47.511   968   968 W ziparchive: Unable to open '/data/user_de/0/com.google.android.gms/app_chimera/m/00000010/AdsDynamite.dm': No such file or directory
11-10 16:11:47.512   968   968 W ziparchive: Unable to open '/data/user_de/0/com.google.android.gms/app_chimera/m/00000002/DynamiteLoader.dm': No such file or directory
11-10 16:11:47.512   968   968 W ziparchive: Unable to open '/data/user_de/0/com.google.android.gms/app_chimera/m/00000002/DynamiteLoader.dm': No such file or directory
11-10 16:11:47.515   968   968 W ziparchive: Unable to open '/data/user_de/0/com.google.android.gms/app_chimera/m/0000001e/dl-VisionOcr.optional_234212100000.dm': No such file or directory
11-10 16:11:47.515   968   968 W ziparchive: Unable to open '/data/user_de/0/com.google.android.gms/app_chimera/m/0000001e/dl-VisionOcr.optional_234212100000.dm': No such file or directory
11-10 16:11:47.517   968   968 W ziparchive: Unable to open '/data/user_de/0/com.google.android.gms/app_chimera/m/0000001b/dl-MlkitOcrCommon.optional_234212100400.dm': No such file or directory
11-10 16:11:47.517   968   968 W ziparchive: Unable to open '/data/user_de/0/com.google.android.gms/app_chimera/m/0000001b/dl-MlkitOcrCommon.optional_234212100400.dm': No such file or directory
11-10 16:11:47.517   968   968 W ziparchive: Unable to open '/data/user_de/0/com.google.android.gms/app_chimera/m/00000005/GoogleCertificates.dm': No such file or directory
11-10 16:11:47.517   968   968 W ziparchive: Unable to open '/data/user_de/0/com.google.android.gms/app_chimera/m/00000005/GoogleCertificates.dm': No such file or directory
11-10 16:11:47.518   968   968 W ziparchive: Unable to open '/data/user_de/0/com.google.android.gms/app_chimera/m/0000000d/dl-VisionOcrDynamite.integ_231602402100000.dm': No such file or directory
11-10 16:11:47.518   968   968 W ziparchive: Unable to open '/data/user_de/0/com.google.android.gms/app_chimera/m/0000000d/dl-VisionOcrDynamite.integ_231602402100000.dm': No such file or directory
11-10 16:11:47.519   968   968 W ziparchive: Unable to open '/data/user_de/0/com.google.android.gms/app_chimera/m/0000001f/dl-AdsFdrDynamite.integ_233702200100000.dm': No such file or directory
11-10 16:11:47.519   968   968 W ziparchive: Unable to open '/data/user_de/0/com.google.android.gms/app_chimera/m/0000001f/dl-AdsFdrDynamite.integ_233702200100000.dm': No such file or directory
11-10 16:11:47.522   968   968 W ziparchive: Unable to open '/data/user_de/0/com.google.android.gms/app_chimera/m/00000000/AdsDynamite.dm': No such file or directory
11-10 16:11:47.523   968   968 W ziparchive: Unable to open '/data/user_de/0/com.google.android.gms/app_chimera/m/00000000/AdsDynamite.dm': No such file or directory
11-10 16:11:47.523   968   968 W ziparchive: Unable to open '/data/user_de/0/com.google.android.gms/app_chimera/m/00000017/MeasurementDynamite.dm': No such file or directory
11-10 16:11:47.523   968   968 W ziparchive: Unable to open '/data/user_de/0/com.google.android.gms/app_chimera/m/00000017/MeasurementDynamite.dm': No such file or directory
11-10 16:11:47.524   968   970 W ziparchive: Unable to open '/data/user_de/0/com.google.android.gms/app_chimera/m/0000000c/dl-PlayCloudSearch.optional_231818100000.dm': No such file or directory
11-10 16:11:47.524   968   970 W ziparchive: Unable to open '/data/user_de/0/com.google.android.gms/app_chimera/m/0000000c/dl-PlayCloudSearch.optional_231818100000.dm': No such file or directory
11-10 16:11:47.528   968   970 W ziparchive: Unable to open '/data/user_de/0/com.google.android.gms/app_chimera/m/0000001c/dl-PlayCloudSearch.optional_234212100000.dm': No such file or directory
11-10 16:11:47.528   968   970 W ziparchive: Unable to open '/data/user_de/0/com.google.android.gms/app_chimera/m/0000001c/dl-PlayCloudSearch.optional_234212100000.dm': No such file or directory
11-10 16:11:47.528   968   970 W ziparchive: Unable to open '/data/user_de/0/com.google.android.gms/app_chimera/m/00000011/CronetDynamite.dm': No such file or directory
11-10 16:11:47.528   968   970 W ziparchive: Unable to open '/data/user_de/0/com.google.android.gms/app_chimera/m/00000011/CronetDynamite.dm': No such file or directory
11-10 16:11:47.529   968   970 W ziparchive: Unable to open '/data/user_de/0/com.google.android.gms/app_chimera/m/00000012/DynamiteLoader.dm': No such file or directory
11-10 16:11:47.529   968   970 W ziparchive: Unable to open '/data/user_de/0/com.google.android.gms/app_chimera/m/00000012/DynamiteLoader.dm': No such file or directory
11-10 16:11:47.530   968   970 W ziparchive: Unable to open '/data/user_de/0/com.google.android.gms/app_chimera/m/00000007/MeasurementDynamite.dm': No such file or directory
11-10 16:11:47.530   968   970 W ziparchive: Unable to open '/data/user_de/0/com.google.android.gms/app_chimera/m/00000007/MeasurementDynamite.dm': No such file or directory
11-10 16:11:47.724  2220  2220 W adbd    : timeout expired while flushing socket, closing
11-10 16:11:48.208  6744 18472 I PhenotypeProcessReaper: Memory state is: 125
11-10 16:11:48.541   736   896 D BufferPoolAccessor2.0: bufferpool2 0xb400006d8cc486a8 : 0(0 size) total buffers - 0(0 size) used buffers - 2592/2597 (recycle/alloc) - 10/2599 (fetch/transfer)
11-10 16:11:48.541   736   896 D BufferPoolAccessor2.0: evictor expired: 1, evicted: 1
11-10 16:11:49.543   736   896 D BufferPoolAccessor2.0: bufferpool2 0xb400006d8cc3ee08 : 0(0 size) total buffers - 0(0 size) used buffers - 3549/3554 (recycle/alloc) - 29/3547 (fetch/transfer)
11-10 16:11:49.543   736   896 D BufferPoolAccessor2.0: evictor expired: 1, evicted: 1
11-10 16:11:49.608   431   855 D BufferPoolAccessor2.0: bufferpool2 0xb400007192952c28 : 0(0 size) total buffers - 0(0 size) used buffers - 3534/3539 (recycle/alloc) - 14/3539 (fetch/transfer)
11-10 16:11:49.608   431   855 D BufferPoolAccessor2.0: evictor expired: 1, evicted: 1
11-10 16:11:54.747  6744  6744 D BoundBrokerSvc: onBind: Intent { act=com.google.android.contextmanager.service.ContextManagerLogsUploadBoundService.ACTION_TASK_READY dat=chimera-action:/... cmp=com.google.android.gms/.chimera.PersistentInternalBoundBrokerService }
11-10 16:11:54.747  6744  6744 D BoundBrokerSvc: Loading bound service for intent: Intent { act=com.google.android.contextmanager.service.ContextManagerLogsUploadBoundService.ACTION_TASK_READY dat=chimera-action:/... cmp=com.google.android.gms/.chimera.PersistentInternalBoundBrokerService }
11-10 16:11:54.750  7641  7641 I BgTaskExecutorImpl: (REDACTED) Starting %s background task %s.
11-10 16:11:54.757  6744   972 I NetworkScheduler.Stats: (REDACTED) Task %s/%s started execution. cause:%s exec_start_elapsed_seconds: %s
11-10 16:11:54.762  6744 31625 I NetworkScheduler.Stats: (REDACTED) Task %s/%s finished executing. cause:%s result: %s elapsed_millis: %s uptime_millis: %s exec_start_elapsed_seconds: %s
11-10 16:11:54.764  6744  6744 D BoundBrokerSvc: onUnbind: Intent { act=com.google.android.contextmanager.service.ContextManagerLogsUploadBoundService.ACTION_TASK_READY dat=chimera-action:/... cmp=com.google.android.gms/.chimera.PersistentInternalBoundBrokerService }
11-10 16:11:54.867   857   857 D StatusBarIconController: ignoring old pipeline callbacks, because the new mobile icons are enabled
11-10 16:11:54.889   857   946 D EGL_emulation: app_time_stats: avg=54855.09ms min=54855.09ms max=54855.09ms count=1
11-10 16:11:57.509   968   970 W ziparchive: Unable to open '/data/user_de/0/com.google.android.gms/app_chimera/m/00000009/dl-MlkitBarcodeUi.optional_231818100000.dm': No such file or directory
11-10 16:11:57.509   968   970 W ziparchive: Unable to open '/data/user_de/0/com.google.android.gms/app_chimera/m/00000009/dl-MlkitBarcodeUi.optional_231818100000.dm': No such file or directory
11-10 16:11:57.510   968   970 W ziparchive: Unable to open '/data/user_de/0/com.google.android.gms/app_chimera/m/0000000e/dl-TfliteDynamiteDynamite.integ_231810005100400.dm': No such file or directory
11-10 16:11:57.510   968   970 W ziparchive: Unable to open '/data/user_de/0/com.google.android.gms/app_chimera/m/0000000e/dl-TfliteDynamiteDynamite.integ_231810005100400.dm': No such file or directory
11-10 16:11:57.511   968   968 W ziparchive: Unable to open '/data/user_de/0/com.google.android.gms/app_chimera/m/00000001/CronetDynamite.dm': No such file or directory
11-10 16:11:57.511   968   968 W ziparchive: Unable to open '/data/user_de/0/com.google.android.gms/app_chimera/m/00000001/CronetDynamite.dm': No such file or directory
11-10 16:11:57.512   968   970 W ziparchive: Unable to open '/data/user_de/0/com.google.android.gms/app_chimera/m/0000001a/dl-MlkitBarcodeUi.optional_234212100400.dm': No such file or directory
11-10 16:11:57.512   968   970 W ziparchive: Unable to open '/data/user_de/0/com.google.android.gms/app_chimera/m/0000001a/dl-MlkitBarcodeUi.optional_234212100400.dm': No such file or directory
11-10 16:11:57.513   968   970 W ziparchive: Unable to open '/data/user_de/0/com.google.android.gms/app_chimera/m/00000010/AdsDynamite.dm': No such file or directory
11-10 16:11:57.513   968   970 W ziparchive: Unable to open '/data/user_de/0/com.google.android.gms/app_chimera/m/00000010/AdsDynamite.dm': No such file or directory
11-10 16:11:57.513   968   970 W ziparchive: Unable to open '/data/user_de/0/com.google.android.gms/app_chimera/m/00000002/DynamiteLoader.dm': No such file or directory
11-10 16:11:57.513   968   970 W ziparchive: Unable to open '/data/user_de/0/com.google.android.gms/app_chimera/m/00000002/DynamiteLoader.dm': No such file or directory
11-10 16:11:57.516   968   970 W ziparchive: Unable to open '/data/user_de/0/com.google.android.gms/app_chimera/m/0000001e/dl-VisionOcr.optional_234212100000.dm': No such file or directory
11-10 16:11:57.516   968   970 W ziparchive: Unable to open '/data/user_de/0/com.google.android.gms/app_chimera/m/0000001e/dl-VisionOcr.optional_234212100000.dm': No such file or directory
11-10 16:11:57.517   968   970 W ziparchive: Unable to open '/data/user_de/0/com.google.android.gms/app_chimera/m/0000001b/dl-MlkitOcrCommon.optional_234212100400.dm': No such file or directory
11-10 16:11:57.518   968   970 W ziparchive: Unable to open '/data/user_de/0/com.google.android.gms/app_chimera/m/0000001b/dl-MlkitOcrCommon.optional_234212100400.dm': No such file or directory
11-10 16:11:57.518   968   970 W ziparchive: Unable to open '/data/user_de/0/com.google.android.gms/app_chimera/m/00000005/GoogleCertificates.dm': No such file or directory
11-10 16:11:57.518   968   970 W ziparchive: Unable to open '/data/user_de/0/com.google.android.gms/app_chimera/m/00000005/GoogleCertificates.dm': No such file or directory
11-10 16:11:57.520   968   970 W ziparchive: Unable to open '/data/user_de/0/com.google.android.gms/app_chimera/m/0000000d/dl-VisionOcrDynamite.integ_231602402100000.dm': No such file or directory
11-10 16:11:57.520   968   970 W ziparchive: Unable to open '/data/user_de/0/com.google.android.gms/app_chimera/m/0000000d/dl-VisionOcrDynamite.integ_231602402100000.dm': No such file or directory
11-10 16:11:57.521   968   970 W ziparchive: Unable to open '/data/user_de/0/com.google.android.gms/app_chimera/m/0000001f/dl-AdsFdrDynamite.integ_233702200100000.dm': No such file or directory
11-10 16:11:57.521   968   970 W ziparchive: Unable to open '/data/user_de/0/com.google.android.gms/app_chimera/m/0000001f/dl-AdsFdrDynamite.integ_233702200100000.dm': No such file or directory
11-10 16:11:57.523   968   970 W ziparchive: Unable to open '/data/user_de/0/com.google.android.gms/app_chimera/m/00000000/AdsDynamite.dm': No such file or directory
11-10 16:11:57.523   968   970 W ziparchive: Unable to open '/data/user_de/0/com.google.android.gms/app_chimera/m/00000000/AdsDynamite.dm': No such file or directory
11-10 16:11:57.524   968   970 W ziparchive: Unable to open '/data/user_de/0/com.google.android.gms/app_chimera/m/00000017/MeasurementDynamite.dm': No such file or directory
11-10 16:11:57.524   968   970 W ziparchive: Unable to open '/data/user_de/0/com.google.android.gms/app_chimera/m/00000017/MeasurementDynamite.dm': No such file or directory
11-10 16:11:57.525   968   970 W ziparchive: Unable to open '/data/user_de/0/com.google.android.gms/app_chimera/m/0000000c/dl-PlayCloudSearch.optional_231818100000.dm': No such file or directory
11-10 16:11:57.526   968   970 W ziparchive: Unable to open '/data/user_de/0/com.google.android.gms/app_chimera/m/0000000c/dl-PlayCloudSearch.optional_231818100000.dm': No such file or directory
11-10 16:11:57.529   968   970 W ziparchive: Unable to open '/data/user_de/0/com.google.android.gms/app_chimera/m/0000001c/dl-PlayCloudSearch.optional_234212100000.dm': No such file or directory
11-10 16:11:57.529   968   970 W ziparchive: Unable to open '/data/user_de/0/com.google.android.gms/app_chimera/m/0000001c/dl-PlayCloudSearch.optional_234212100000.dm': No such file or directory
11-10 16:11:57.530   968   970 W ziparchive: Unable to open '/data/user_de/0/com.google.android.gms/app_chimera/m/00000011/CronetDynamite.dm': No such file or directory
11-10 16:11:57.530   968   970 W ziparchive: Unable to open '/data/user_de/0/com.google.android.gms/app_chimera/m/00000011/CronetDynamite.dm': No such file or directory
11-10 16:11:57.530   968   970 W ziparchive: Unable to open '/data/user_de/0/com.google.android.gms/app_chimera/m/00000012/DynamiteLoader.dm': No such file or directory
11-10 16:11:57.530   968   970 W ziparchive: Unable to open '/data/user_de/0/com.google.android.gms/app_chimera/m/00000012/DynamiteLoader.dm': No such file or directory
11-10 16:11:57.531   968   970 W ziparchive: Unable to open '/data/user_de/0/com.google.android.gms/app_chimera/m/00000007/MeasurementDynamite.dm': No such file or directory
11-10 16:11:57.532   968   970 W ziparchive: Unable to open '/data/user_de/0/com.google.android.gms/app_chimera/m/00000007/MeasurementDynamite.dm': No such file or directory
11-10 16:12:00.040  1678  2040 I AiAiEcho: Predicting[0]:
11-10 16:12:00.040  1678  2040 I AiAiEcho: EchoTargets:
11-10 16:12:00.040  1678  2040 I AiAiEcho: Filtered by AiAi flag check:
11-10 16:12:00.040  1678  2040 I AiAiEcho: Ranked targets strategy: SORT, count: 0, ranking metadata:
11-10 16:12:00.043  1678  2040 I AiAiEcho: #postPredictionTargets: Sending updates to UISurface lockscreen with targets# 0 (types=[])
11-10 16:12:00.045   857   857 W PageIndicator: Total number of pages invalid: 0. Assuming 1 page.
11-10 16:12:00.048   857   946 D EGL_emulation: app_time_stats: avg=5158.46ms min=5158.46ms max=5158.46ms count=1
11-10 16:12:04.733  2220  2220 W adbd    : timeout expired while flushing socket, closing
11-10 16:12:04.875   857   857 D StatusBarIconController: ignoring old pipeline callbacks, because the new mobile icons are enabled
11-10 16:12:05.924   736   760 I playbackTest: Starting checks
11-10 16:12:05.927   736   760 E playbackTest: Events so far: [playerready, viewstart, play, renditionchange, playing, hb, hb, pause, play, playing, hb, hb, pause, seeking, seeked, playing, hb, pause, seeking, seeked, playing, hb, pause]
11-10 16:12:05.930   736   828 E SimpleHTTPServer: thrown while acceptConnection()
11-10 16:12:05.930   736   828 E SimpleHTTPServer: java.net.SocketException: Socket closed
11-10 16:12:05.930   736   828 E SimpleHTTPServer: 	at java.net.PlainSocketImpl.socketAccept(PlainSocketImpl.java:213)
11-10 16:12:05.930   736   828 E SimpleHTTPServer: 	at java.net.AbstractPlainSocketImpl.accept(AbstractPlainSocketImpl.java:451)
11-10 16:12:05.930   736   828 E SimpleHTTPServer: 	at java.net.ServerSocket.implAccept(ServerSocket.java:569)
11-10 16:12:05.930   736   828 E SimpleHTTPServer: 	at java.net.ServerSocket.accept(ServerSocket.java:537)
11-10 16:12:05.930   736   828 E SimpleHTTPServer: 	at com.mux.player.media3.automatedtests.mockup.http.SimpleHTTPServer.acceptConnection(SimpleHTTPServer.java:139)
11-10 16:12:05.930   736   828 E SimpleHTTPServer: 	at com.mux.player.media3.automatedtests.mockup.http.SimpleHTTPServer.run(SimpleHTTPServer.java:102)
11-10 16:12:05.938   736   736 D LifecycleMonitor: Lifecycle status change: com.mux.player.media3.automatedtests.SimplePlayerTestActivity@9fdd109 in: PAUSED
11-10 16:12:05.938   736   736 V ActivityScenario: Update currentActivityStage to PAUSED, currentActivity=com.mux.player.media3.automatedtests.SimplePlayerTestActivity@9fdd109
11-10 16:12:05.950   386   386 I BpBinder: onLastStrongRef automatically unlinking death recipients:
11-10 16:12:05.964  7641  7641 I A       : (REDACTED) onApplyWindowInsets: systemWindowInsets=%s
11-10 16:12:05.964  7641  7641 I A       : (REDACTED) onApplyWindowInsets: systemWindowInsets=%s
11-10 16:12:05.966  1112  1155 D QuickstepModelDelegate: notifyAppTargetEvent action=1 launchLocation=workspace/0/[-1,-1]/[1,1]
11-10 16:12:05.968  1678  2040 I AiAiEcho: Predicting[0]:
11-10 16:12:05.968  1678  2040 I AiAiEcho: EchoTargets:
11-10 16:12:05.968  1678  2040 I AiAiEcho: Filtered by AiAi flag check:
11-10 16:12:05.969  1678  2040 I AiAiEcho: Ranked targets strategy: SORT, count: 0, ranking metadata:
11-10 16:12:05.970  7641  7734 E OpenGLRenderer: Unable to match the desired swap behavior.
11-10 16:12:05.970  1678  2040 I AiAiEcho: #postPredictionTargets: Sending updates to UISurface home with targets# 0 (types=[])
11-10 16:12:05.979   736   762 D EGL_emulation: app_time_stats: avg=7413.41ms min=11.58ms max=22007.84ms count=3
11-10 16:12:05.993  1112  2155 E OpenGLRenderer: Unable to match the desired swap behavior.
11-10 16:12:06.013   519  1724 W AppSearchIcing: icing-search-engine.cc:283: Error: 5, Message: Document (com.google.android.googlequicksearchbox$OneSearchZeroStateGoogleSuggestions/default, zp) not found.
11-10 16:12:06.017   857   946 E OpenGLRenderer: Unable to match the desired swap behavior.
11-10 16:12:06.026  1112  2306 E OneSearchSuggestProvider: Failed to fetch suggestions from AppSearch, fallback to AGA
11-10 16:12:06.026  1112  2306 E OneSearchSuggestProvider: java.util.concurrent.CompletionException: java.util.NoSuchElementException: No value present
11-10 16:12:06.026  1112  2306 E OneSearchSuggestProvider: 	at java.util.concurrent.CompletableFuture.encodeThrowable(CompletableFuture.java:308)
11-10 16:12:06.026  1112  2306 E OneSearchSuggestProvider: 	at java.util.concurrent.CompletableFuture.completeThrowable(CompletableFuture.java:323)
11-10 16:12:06.026  1112  2306 E OneSearchSuggestProvider: 	at java.util.concurrent.CompletableFuture$UniAccept.tryFire(CompletableFuture.java:684)
11-10 16:12:06.026  1112  2306 E OneSearchSuggestProvider: 	at java.util.concurrent.CompletableFuture.postComplete(CompletableFuture.java:486)
11-10 16:12:06.026  1112  2306 E OneSearchSuggestProvider: 	at java.util.concurrent.CompletableFuture.completeExceptionally(CompletableFuture.java:2138)
11-10 16:12:06.026  1112  2306 E OneSearchSuggestProvider: 	at com.google.android.apps.nexuslauncher.allapps.H0.onResult(Unknown Source:59)
11-10 16:12:06.026  1112  2306 E OneSearchSuggestProvider: 	at android.app.appsearch.SearchSessionUtil$1.lambda$onResult$0(SearchSessionUtil.java:129)
11-10 16:12:06.026  1112  2306 E OneSearchSuggestProvider: 	at android.app.appsearch.SearchSessionUtil$1.$r8$lambda$_nlk9WiPjSfaAsqKYmp0aPvSRC0(SearchSessionUtil.java:1)
11-10 16:12:06.026  1112  2306 E OneSearchSuggestProvider: 	at android.app.appsearch.SearchSessionUtil$1$$ExternalSyntheticLambda0.run(R8$$SyntheticClass:13)
11-10 16:12:06.026  1112  2306 E OneSearchSuggestProvider: 	at android.os.Handler.handleCallback(Handler.java:958)
11-10 16:12:06.026  1112  2306 E OneSearchSuggestProvider: 	at android.os.Handler.dispatchMessage(Handler.java:99)
11-10 16:12:06.026  1112  2306 E OneSearchSuggestProvider: 	at android.os.Looper.loopOnce(Looper.java:205)
11-10 16:12:06.026  1112  2306 E OneSearchSuggestProvider: 	at android.os.Looper.loop(Looper.java:294)
11-10 16:12:06.026  1112  2306 E OneSearchSuggestProvider: 	at android.os.HandlerThread.run(HandlerThread.java:67)
11-10 16:12:06.026  1112  2306 E OneSearchSuggestProvider: Caused by: java.util.NoSuchElementException: No value present
11-10 16:12:06.026  1112  2306 E OneSearchSuggestProvider: 	at java.util.Optional.get(Optional.java:144)
11-10 16:12:06.026  1112  2306 E OneSearchSuggestProvider: 	at com.google.android.apps.nexuslauncher.allapps.H0.onResult(Unknown Source:16)
11-10 16:12:06.026  1112  2306 E OneSearchSuggestProvider: 	... 8 more
11-10 16:12:06.028  1112  2306 D OneSearchSuggestProvider: Created the binder channel successfully for end point service =com.google.android.apps.search.googleapp.search.suggest.plugins.onesearch.server.OneSearchSuggestService , mChannel=z1{delegate=s1{logId=102, target=directaddress:///AndroidComponentAddress%5BIntent%20%7B%20act=grpc.io.action.BIND%20cmp=com.google.android.googlequicksearchbox/com.google.android.apps.search.googleapp.search.suggest.plugins.onesearch.server.OneSearchSuggestService%20%7D%5D}} , mOneSearchConnection=X1.T@38cedbd
11-10 16:12:06.045   349   349 D Zygote  : Forked child process 1052
11-10 16:12:06.055  1052  1052 I yer.media3.test: Late-enabling -Xcheck:jni
11-10 16:12:06.071  1681  1681 I GsaVoiceInteractionSrv: Handling ACTION_START_HOTWORD
11-10 16:12:06.072  1681  2112 I GsaVoiceInteractionSrv: (REDACTED) disregardVoiceMatch: %b
11-10 16:12:06.072  1681  2112 I GsaVoiceInteractionSrv: Cannot start hotword, hotword has been explicitly disabled.
11-10 16:12:06.073  1052  1052 I yer.media3.test: Using CollectorTypeCC GC.
11-10 16:12:06.084  2220  2264 I adbd    : jdwp connection from 1052
11-10 16:12:06.092  7641  7641 I A       : (REDACTED) Created gRPC endpoint for service %s
11-10 16:12:06.098  7641  7641 I A       : (REDACTED) onApplyWindowInsets: systemWindowInsets=%s
11-10 16:12:06.098  7641  7641 I A       : (REDACTED) onApplyWindowInsets: systemWindowInsets=%s
11-10 16:12:06.126  1112  1112 D SearchTargetUtil:  query= size=15
11-10 16:12:06.126  1112  1112 D SearchTargetUtil: layoutType=short_icon_row resultType=131072 packageName=com.google.android.googlequicksearchbox extras=Bundle{suggestion_type=33,suggest_truncate_start=false,is_answer=false,is_entity=false,is_personal=false,suggest_raw_text=halloween baking championship season 9,group_id=web349818,response_id=d6a981db-1372-4ba9-97ca-4bdba9c04666,support_query_builder=false,} searchAction=halloween baking championship season 9 searchActionExtras=Bundle{learn_more_url=https://support.google.com/websearch/answer/106230?hl=106230,suggestion_action_text=Report this,should_start_for_result=true,allow_pinning=true,skip_logging_in_target_handler=false,suggestion_action_rpc=2,}ParentID: null targetID: a2720130-4f0a-4e91-892e-4574d790f43f
11-10 16:12:06.126  1112  1112 D SearchTargetUtil: layoutType=short_icon_row resultType=131072 packageName=com.google.android.googlequicksearchbox extras=Bundle{suggestion_type=33,suggest_truncate_start=false,is_answer=false,is_entity=false,is_personal=false,suggest_raw_text=eye drops eye infection,group_id=web349818,response_id=d6a981db-1372-4ba9-97ca-4bdba9c04666,support_query_builder=false,} searchAction=eye drops eye infection searchActionExtras=Bundle{learn_more_url=https://support.google.com/websearch/answer/106230?hl=106230,suggestion_action_text=Report this,should_start_for_result=true,allow_pinning=true,skip_logging_in_target_handler=false,suggestion_action_rpc=2,}ParentID: null targetID: b41ab581-8434-4bbf-b20f-bee580c38b35
11-10 16:12:06.126  1112  1112 D SearchTargetUtil: layoutType=short_icon_row resultType=131072 packageName=com.google.android.googlequicksearchbox extras=Bundle{suggestion_type=33,suggest_truncate_start=false,is_answer=false,is_entity=false,is_personal=false,suggest_raw_text=panera bread caffeinated lemonade,group_id=web349818,response_id=d6a981db-1372-4ba9-97ca-4bdba9c04666,support_query_builder=false,} searchAction=panera bread caffeinated lemonade searchActionExtras=Bundle{learn_more_url=https://support.google.com/websearch/answer/106230?hl=106230,suggestion_action_text=Report this,should_start_for_result=true,allow_pinning=true,skip_logging_in_target_handler=false,suggestion_action_rpc=2,}ParentID: null targetID: 434a64e3-c714-476a-bffc-b331b9348788
11-10 16:12:06.127  1112  1112 D SearchTargetUtil: layoutType=short_icon_row resultType=131072 packageName=com.google.android.googlequicksearchbox extras=Bundle{suggestion_type=33,suggest_truncate_start=false,is_answer=false,is_entity=false,is_personal=false,suggest_raw_text=1980s housing recession housing market,group_id=web349818,response_id=d6a981db-1372-4ba9-97ca-4bdba9c04666,support_query_builder=false,} searchAction=1980s housing recession housing market searchActionExtras=Bundle{learn_more_url=https://support.google.com/websearch/answer/106230?hl=106230,suggestion_action_text=Report this,should_start_for_result=true,allow_pinning=true,skip_logging_in_target_handler=false,suggestion_action_rpc=2,}ParentID: null targetID: c04d57c8-8900-4a3b-b8ab-4ebe9620cd28
11-10 16:12:06.127  1112  1112 D SearchTargetUtil: layoutType=short_icon_row resultType=131072 packageName=com.google.android.googlequicksearchbox extras=Bundle{suggestion_type=33,suggest_truncate_start=false,is_answer=false,is_entity=false,is_personal=false,suggest_raw_text=denver broncos kansas city chiefs,group_id=web349818,response_id=d6a981db-1372-4ba9-97ca-4bdba9c04666,support_query_builder=false,} searchAction=denver broncos kansas city chiefs searchActionExtras=Bundle{learn_more_url=https://support.google.com/websearch/answer/106230?hl=106230,suggestion_action_text=Report this,should_start_for_result=true,allow_pinning=true,skip_logging_in_target_handler=false,suggestion_action_rpc=2,}ParentID: null targetID: ab313010-7088-4a2d-82b4-0975f72d320a
11-10 16:12:06.127  1112  1112 D SearchTargetUtil: layoutType=extra_tall_icon_row resultType=131072 packageName=com.google.android.googlequicksearchbox extras=Bundle{bitmap_url=data:image/jpeg;base64,/9j/4AAQSkZJRgABAQAAAQABAAD/2wCEAAkGBwgHBgkIBwgKCgkLDRYPDQwMDRsUFRAWIB0iIiAdHx8kKDQsJCYxJx8fLT0tMTU3Ojo6Iys/RD84QzQ5OjcBCgoKDQwNGg8PGjclHyU3Nzc3Nzc3Nzc3Nzc3Nzc3Nzc3Nzc3Nzc3Nzc3Nzc3Nzc3Nzc3Nzc3Nzc3Nzc3Nzc3N//AABEIAHwAfAMBIgACEQEDEQH/xAAbAAACAwEBAQAAAAAAAAAAAAAEBgIDBQcBAP/EADoQAAIBAwIDBgMFCAEFAAAAAAECAwAEEQUhBhIxEyJBUWFxFDKBByOhscEVM0JSYnKR0RYkQ4Ki8P/EABkBAAIDAQAAAAAAAAAAAAAAAAMEAQIFAP/EACMRAAICAgMAAgIDAAAAAAAAAAABAhEDIQQSMQVBUWETIiP/2gAMAwEAAhEDEQA/AOWSqexkK9Quao0jSptSkcRp3VQsTkD2qWoOViCg45j4eVC2d1JZ3CzxEgoemdiKZmBh4E2lw2lSOJYw0hBTGema1m4O1FdHOpfdlAQyFXyOXzzWQ1u+oLJdBo48vzEE1pf8hvl0JdJAjFmqFGQDc58c1Xf0XIQuZIlYnJI3NTxQ2mHmgx4rRhFMpqhOV9jxetWrvVYFXR49KrKi0UzwrVbJRWFPiKiwBFCbQWgXlqLbCrXGKqfpXHFL4NVkZqZBr0LU+EAzrVRXejXUVQV3qGyUFyvajTrhJW5ZztHkZrN0yK1kuSLucwpykju5ycdK+mt7i47W5jQtEpILeWKDkVo8o/zg4PpUN22EiqQYrtbmEgdzm723WtfiD4EtEmnwxhDEHaVWyXY9c15cz2H/AAqOIQql98WMuG3dcdcUNw6YF1C3+KgjngLhZEkOF5ScHeuXpDIaarxvyurDnGVyOoou4nEZ5VVmf0GQPemzji54ee0t5tGjhkeLMLPHJ+7CjZcfrSPFI9x3YufrjI6E1SeZpUi0cSbtlhEkm0krgMM7nAqKmOBVBIIzjfqD71u2nCGsX8YYp2anoZNs1OXgLUBIFd15cbkGlHkV7Y2sMq0hdku0jJ5VwfEA1ZFdMRmOQ+zHNbs/A3JHtcZYde7tWDfaNdWOSuHUHOVrlki/GdLFJLaL4rrndY5l5XI6+GavK1gyyNJKx8TvitTT7pZh2bHEg2xnrTeLJemJZIVtFjrg1DpRbJVDLRwBS1UN1q9xQznvGqUXsuh194tGFgYoypfc4xtnP1NZk0wuLlpHTLSEkY2waK/Zb/tZLCQFedzj+2hJ0MN3yDI7NyvqMGqBzQ1XR7210qy1C4hdIbhmVeZCCCD+tMPCHBl3r+mXd3bSwns4z2aB9+0Hg3kKG1jiC51/StI0KWQAxN3riVureFR0TWtS4alurG2dApkPa7fvNsdfKpXbZV0ZtxCbX4qOYDmTusFORkdd6evs94dFvENQu1zKyAQKR8i+Le58/wDdJ1nCkzshAwdseh6/oK7JpsQWBeXAAAC0jyZPtRocTGnthbRhADkfSqbgA4NEvATGCGINCPGzFRkEdMg0rRoaMy97NY2JznFKV/FnJHlmnK9iXsmyw/zSxcxd1wSDnYb1CsrOmhL1ew5OSdBgAjOPKsmBzDOkv8rDIpp1gcttJgdFpUblkk5gNsZA9qcxSdGZmirGgqDVMqDFXQj7iIZyeRck+O1RlrSXhnMAlWhGXej5FyaGdcNXMgP40BWSCeLKuvcLCl21jW5vooJbhYFcgGR8kD1NNnE1vJdWBaFeblYOQPKlCKNpLuJYlLOxHKB4mgx8Gn6Pn2k8MWXD8VhfadK7STMo5AByqQuc/Wh9XutKm0WCSzihkvSwSZ3bLoMZ2rD/AGk51EPqsssyIx50dicMBjpVEiql9K0ahVLcyDHQEZG1TFPtTKN6CbXIlUqTksvj/VXVbe8uXgeVHhtokJAedsD3NKN1ax6pf6dqNnFEsTQwJMsS8qhw/KcD3p7vtEtb/ke4jEqJ0iJ2/wAeNZ+eSczT4+OSiK51e7jvQW1pbjf5YVbl/KmWR5DpS3Sk7DPe2NepolkJjKttGjDBwEUZx0ycb17qL4sZ1B25SOvpQG78G8cZJbES7umvpjHNLMik7cgyW/GhZJdMVeyg1G4D5xi4RlGfQ1vaLGJJjGcggZGPA+1at9psDIXuo+1xv1wD/up7UCeKTd2Ix554ZVkw2ASpBzkUqopCgEbgla6FOkQYJHGEUbYA6Ur2ulpPdXIc9yNs4HjvRYSpCs8bckg63Je2iYjBKDII6HFfOmavI2X+0flUSK1Y7imZklTaAnTFDMu+9HyrQrDeuZCN/huQXMcTMMr2WCDQEFtp+i8cWk1xAJLR35gGfAibrmruCZkezZQe/HsR6edQ1HS7jXdYNtagllBbOMgYGwPvS0XY7kjTZX9ouoadrdzbvohjEUfP2qCPlPNn5ifHNZ/BekDiHVYrN7uOF2YbPnMijqF9cZrK1m0uNHuPhLjkE6jEiq2eXPgalod5c2NylxZyNHMAVVl6jPWix14A9OqabpDaDd6lpZnjmELLMgU5KIxBAPkfu8/Wme3vooYGeXl2GSSaROEZ9W1TUbu6nXty0CxSyk4bIzy++xNMM1mNUtlh37MMGkUHHMvl9azuQuuSzY40rxpP1BNtqEuoM89uAtqucOTjtT/T6evSs3U9agg02RJrSUTHKqpUksd99qInv0tLq3tJbKcNP3YVVQEY4zyhs4zgdOtHXFpcsySro13nBUYKnr9aEkFc/qxB0+6n+IaRee2cdC3ifbNMTay89uYZxyycvTwb1HmKztbt5bX7x9MmhHUAyxknr4Z9DXmhWU18yGeJ4k5gwD4BUefptXP8lFIClmLs3gSa85AykIAuT3m8TkCvLoJ8VKY8dmr4FBJqDy3U1t2XKsOMSZ+bIBx+NEhFz0haeRQdsIcAk1URVo3FRYVrpUqMdvdg8g60I4w1GSbZoOQ96oZJmaVdy2DiaE+hXwYVstr8tg8ep2bkPKWXlB9PH2rCKGJWRxgrkEGtPhTTrXVZpoL65WKNFyFI3OfEHwpHG97NrmQSgmjM1i/k1WV7u95PiHUZZFxznpk+tHXNgLG7SJflKK4+orN1eFYdQeFIyixyFQpOdgfOnDiS1b4WwvMdV5GI/Cr5X+CnxyX8qs2PsyuuTULy2JwJEDr7j/4U2XafAXYlX9xITuP4Seo/UfWub8JXfwev2chOFZ+Q/XauuXEayW8ySAFXUrigde0aG+feHkKS+zMkMdzDy4yBjY1n3MyoxVbZmwNzydf91Vp2odgyrcDp8rH8q1firSSMB2VieuQDS+zozQpXCNJISkLRgdO6ABv4D/NWG9Fnbycpw2OUVfrWoRQH7qQHIwFI6UrT3ZZi2CcHC+9Sotg8mRI8uZSMRLuxO4HnVq26h5Co3Ztz54AH6V7oWmXGo33dBJG7P4IPP/XmaK1uSPT+JX05hyxSxJJCfIkYKn6g05xUlLZmcptrRQExUXGxolhVLjatChCwKUbUIy70dKMUIxHNUNFkwzi7SgIPjbde90kUePrSfEXyUViFYYYDxFdO1dQ8CrjIJ3HpXP7m2FveyBR93zHk9qz3/XaNrF/tUJBDw276YzIv/Uoe8xOSd9q6FfWfxnCMg5e/EgkX6VzRWPxHIOjbGunScQ6PpOlG3vrlWlaPlMEQ533HiB0+pFdbki+TrgyLr4mIEbmJlkX5kIYe43ruNhOl5b2sme5JyEn0NcBlvS5IhiwCdufrj2rd4Qvr+74p0G3ur2eSJbuILEZDyKA3Tl6V0INel/keVizV03Q93FqS8qyph0kZJExjDA4P0/TFA3WmMkXawSN7Zrp2ucPLfj4q1KpdhcNn5ZQOmfI+R+hyMYT3t3JeERuk4bla
