11-10 16:10:06.623   736   760 I TestRunner: started: testVodPlayback(com.mux.player.media3.automatedtests.PlaybackTests)
11-10 16:10:06.629   736   760 W Settings: Setting always_finish_activities has moved from android.provider.Settings.System to android.provider.Settings.Global, returning read-only value.
11-10 16:10:06.683   386   386 I BpBinder: onLastStrongRef automatically unlinking death recipients:
11-10 16:10:06.697   736   763 D libEGL  : loaded /vendor/lib64/egl/libEGL_emulation.so
11-10 16:10:06.703   736   763 D libEGL  : loaded /vendor/lib64/egl/libGLESv1_CM_emulation.so
11-10 16:10:06.704   736   736 D AppCompatDelegate: Checking for metadata for AppLocalesMetadataHolderService : Service not found
11-10 16:10:06.707   736   763 D libEGL  : loaded /vendor/lib64/egl/libGLESv2_emulation.so
11-10 16:10:06.709   736   736 D LifecycleMonitor: Lifecycle status change: com.mux.player.media3.automatedtests.SimplePlayerTestActivity@9fdd109 in: PRE_ON_CREATE
11-10 16:10:06.710   736   736 V ActivityScenario: Activity lifecycle changed event received but ignored because the reported transition was not ON_CREATE while the last known transition was PRE_ON_CREATE
11-10 16:10:06.720   857   946 E OpenGLRenderer: Unable to match the desired swap behavior.
11-10 16:10:06.722  1112  2155 D EGL_emulation: app_time_stats: avg=163099.27ms min=163099.27ms max=163099.27ms count=1
11-10 16:10:06.760   736   736 W x.player.media3: Accessing hidden method Landroid/view/View;->computeFitSystemWindows(Landroid/graphics/Rect;Landroid/graphics/Rect;)Z (unsupported, reflection, allowed)
11-10 16:10:06.760   736   736 W x.player.media3: Accessing hidden method Landroid/view/ViewGroup;->makeOptionalFitsSystemWindows()V (unsupported, reflection, allowed)
11-10 16:10:06.763   736   736 D CompatibilityChangeReporter: Compat change id reported: 210923482; UID 10205; state: ENABLED
11-10 16:10:06.792  1681  1681 I GsaVoiceInteractionSrv: Handling ACTION_STOP_HOTWORD
11-10 16:10:06.807  1681  2113 I HwDetectorWithState: (REDACTED) a: %d
11-10 16:10:06.809   736   736 D CompatibilityChangeReporter: Compat change id reported: 171228096; UID 10205; state: ENABLED
11-10 16:10:06.858   736   736 I ExoPlayerImpl: Init 5029766 [AndroidXMedia3/1.1.1] [emu64a, sdk_gphone64_arm64, Google, 34]
11-10 16:10:06.879   736   736 W x.player.media3: Accessing hidden method Landroid/media/AudioTrack;->getLatency()I (unsupported, reflection, allowed)
11-10 16:10:06.948   736   736 D LifecycleMonitor: Lifecycle status change: com.mux.player.media3.automatedtests.SimplePlayerTestActivity@9fdd109 in: CREATED
11-10 16:10:06.948   736   736 V ActivityScenario: Update currentActivityStage to CREATED, currentActivity=com.mux.player.media3.automatedtests.SimplePlayerTestActivity@9fdd109
11-10 16:10:06.951   736   736 D LifecycleMonitor: Lifecycle status change: com.mux.player.media3.automatedtests.SimplePlayerTestActivity@9fdd109 in: STARTED
11-10 16:10:06.951   736   736 V ActivityScenario: Update currentActivityStage to STARTED, currentActivity=com.mux.player.media3.automatedtests.SimplePlayerTestActivity@9fdd109
11-10 16:10:06.954   736   736 D LifecycleMonitor: Lifecycle status change: com.mux.player.media3.automatedtests.SimplePlayerTestActivity@9fdd109 in: RESUMED
11-10 16:10:06.954   736   736 V ActivityScenario: Update currentActivityStage to RESUMED, currentActivity=com.mux.player.media3.automatedtests.SimplePlayerTestActivity@9fdd109
11-10 16:10:06.963   736   736 D CompatibilityChangeReporter: Compat change id reported: 237531167; UID 10205; state: DISABLED
11-10 16:10:06.965   736   736 W OpenGLRenderer: Unknown dataspace 0
11-10 16:10:07.005   386  1115 W ServiceManagerCppClient: Permission failure: android.permission.ROTATE_SURFACE_FLINGER from uid=10205 pid=0
11-10 16:10:07.005   386   575 W ServiceManagerCppClient: Permission failure: android.permission.ROTATE_SURFACE_FLINGER from uid=10205 pid=736
11-10 16:10:07.005   386   575 D PermissionCache: checking android.permission.ROTATE_SURFACE_FLINGER for uid=10205 => denied (135 us)
11-10 16:10:07.005   386  1115 D PermissionCache: checking android.permission.ROTATE_SURFACE_FLINGER for uid=10205 => denied (274 us)
11-10 16:10:07.005   386   575 W ServiceManagerCppClient: Permission failure: android.permission.INTERNAL_SYSTEM_WINDOW from uid=10205 pid=736
11-10 16:10:07.005   386   575 D PermissionCache: checking android.permission.INTERNAL_SYSTEM_WINDOW for uid=10205 => denied (31 us)
11-10 16:10:07.005   386  1115 W ServiceManagerCppClient: Permission failure: android.permission.INTERNAL_SYSTEM_WINDOW from uid=10205 pid=0
11-10 16:10:07.005   386  1115 D PermissionCache: checking android.permission.INTERNAL_SYSTEM_WINDOW for uid=10205 => denied (277 us)
11-10 16:10:07.005   386   575 W ServiceManagerCppClient: Permission failure: android.permission.ACCESS_SURFACE_FLINGER from uid=10205 pid=736
11-10 16:10:07.005   386   575 D PermissionCache: checking android.permission.ACCESS_SURFACE_FLINGER for uid=10205 => denied (409 us)
11-10 16:10:07.005   386  1115 W ServiceManagerCppClient: Permission failure: android.permission.ACCESS_SURFACE_FLINGER from uid=10205 pid=0
11-10 16:10:07.005   386  1115 D PermissionCache: checking android.permission.ACCESS_SURFACE_FLINGER for uid=10205 => denied (490 us)
11-10 16:10:07.012   386   468 I BpBinder: onLastStrongRef automatically unlinking death recipients:
11-10 16:10:07.012   736   762 W OpenGLRenderer: Failed to choose config with EGL_SWAP_BEHAVIOR_PRESERVED, retrying without...
11-10 16:10:07.013   736   762 W OpenGLRenderer: Failed to initialize 101010-2 format, error = EGL_SUCCESS
11-10 16:10:07.023   162   162 I hwservicemanager: getTransport: Cannot find entry android.hardware.graphics.mapper@4.0::IMapper/default in either framework or device VINTF manifest.
11-10 16:10:07.023   736   762 I Gralloc4: mapper 4.x is not supported
11-10 16:10:07.027   736   762 E OpenGLRenderer: Unable to match the desired swap behavior.
11-10 16:10:07.045   519   955 W ServiceManagerCppClient: Permission failure: android.permission.ROTATE_SURFACE_FLINGER from uid=10205 pid=0
11-10 16:10:07.045   519   955 D PermissionCache: checking android.permission.ROTATE_SURFACE_FLINGER for uid=10205 => denied (86 us)
11-10 16:10:07.045   519   955 W ServiceManagerCppClient: Permission failure: android.permission.INTERNAL_SYSTEM_WINDOW from uid=10205 pid=0
11-10 16:10:07.045   519   955 D PermissionCache: checking android.permission.INTERNAL_SYSTEM_WINDOW for uid=10205 => denied (9 us)
11-10 16:10:07.045   519   955 W ServiceManagerCppClient: Permission failure: android.permission.ACCESS_SURFACE_FLINGER from uid=10205 pid=0
11-10 16:10:07.045   519   955 D PermissionCache: checking android.permission.ACCESS_SURFACE_FLINGER for uid=10205 => denied (5 us)
11-10 16:10:07.048   519   535 W ziparchive: Unable to open '/data/app/~~GDWz33pUYIqNBemk7rpdAw==/com.mux.player.media3-1u8pkXXQpvv4Dl50jwhgrA==/base.dm': No such file or directory
11-10 16:10:07.054   519   535 I ActivityTaskManager: Displayed com.mux.player.media3/.automatedtests.SimplePlayerTestActivity for user 0: +410ms
11-10 16:10:07.064   519   922 I ImeTracker: com.mux.player.media3:b49f282d: onRequestHide at ORIGIN_SERVER_HIDE_INPUT reason HIDE_UNSPECIFIED_WINDOW
11-10 16:10:07.065   519   922 I ImeTracker: com.mux.player.media3:b49f282d: onCancelled at PHASE_SERVER_SHOULD_HIDE
11-10 16:10:07.082  7662  7662 I GoogleInputMethodService: GoogleInputMethodService.onFinishInput():3227
11-10 16:10:07.099  1112  1154 I ImeTracker: com.google.android.apps.nexuslauncher:51457a05: onRequestHide at ORIGIN_CLIENT_HIDE_SOFT_INPUT reason HIDE_SOFT_INPUT
11-10 16:10:07.099  1112  1154 I ImeTracker: com.google.android.apps.nexuslauncher:51457a05: onFailed at PHASE_CLIENT_VIEW_SERVED
11-10 16:10:07.101  1112  2306 D OneSearchSuggestProvider: Shut down the binder channel
11-10 16:10:07.106  1112  6892 I IPCThreadState: oneway function results for code 2 on binder at 0xb400006e3cc6bdd0 will be dropped but finished with status UNKNOWN_TRANSACTION
11-10 16:10:07.107   736   760 D TrafficStats: tagSocket(129) with statsTag=0xffffffff, statsUid=-1
11-10 16:10:07.108  7662  7662 I GoogleInputMethodService: GoogleInputMethodService.updateDeviceLockedStatus():2087 repeatCheckTimes = 0, unlocked = true
11-10 16:10:07.108  7662  7662 I GoogleInputMethodService: GoogleInputMethodService.onStartInput():1877 onStartInput(EditorInfo{inputType=0x0(NULL) imeOptions=0x0 privateImeOptions=null actionName=UNSPECIFIED actionLabel=null actionId=0 initialSelStart=-1 initialSelEnd=-1 initialCapsMode=0x0 hintText=null label=null packageName=com.mux.player.media3 fieldId=0 fieldName=null extras=null}, false)
11-10 16:10:07.109  7662  7662 I GoogleInputMethodService: GoogleInputMethodService.shouldHideHeaderOnInitialState():4008 ShouldHideHeaderOnInitialState = false
11-10 16:10:07.110  7662  7662 I GoogleInputMethodService: GoogleInputMethodService.updateDeviceLockedStatus():2087 repeatCheckTimes = 2, unlocked = true
11-10 16:10:07.326   857   939 W WindowOnBackDispatcher: sendCancelIfRunning: isInProgress=falsecallback=android.view.ViewRootImpl$$ExternalSyntheticLambda17@c433eed
11-10 16:10:07.327   519   922 W InputManager-JNI: Input channel object '8925751 Splash Screen com.mux.player.media3 (client)' was disposed without first being removed with the input manager!
11-10 16:10:07.465  6744  6774 I FontLog : (REDACTED) Received query %s, URI %s
11-10 16:10:07.469  6744  6774 I FontLog : (REDACTED) Query [%s] resolved to %s
11-10 16:10:07.485  6744  6774 I FontLog : (REDACTED) Fetch %s end status %s
11-10 16:10:07.507  6744  6788 I FontLog : (REDACTED) Pulling font file for id = %d, cache size = %d
11-10 16:10:07.524  6744  6788 I FontLog : (REDACTED) Pulling font file for id = %d, cache size = %d
11-10 16:10:07.566   859   859 I artd    : Starting artd
11-10 16:10:07.566   859   859 I AidlLazyServiceRegistrar: Registering service artd
11-10 16:10:07.586   859   860 I AidlLazyServiceRegistrar: Process has 1 (of 1 available) client(s) in use after notification artd has clients: 1
11-10 16:10:07.614   859   860 W ziparchive: Unable to open '/data/user_de/0/com.google.android.gms/app_chimera/m/00000009/dl-MlkitBarcodeUi.optional_231818100000.dm': No such file or directory
11-10 16:10:07.614   859   860 W ziparchive: Unable to open '/data/user_de/0/com.google.android.gms/app_chimera/m/00000009/dl-MlkitBarcodeUi.optional_231818100000.dm': No such file or directory
11-10 16:10:07.618   859   860 W ziparchive: Unable to open '/data/user_de/0/com.google.android.gms/app_chimera/m/0000000e/dl-TfliteDynamiteDynamite.integ_231810005100400.dm': No such file or directory
11-10 16:10:07.618   859   860 W ziparchive: Unable to open '/data/user_de/0/com.google.android.gms/app_chimera/m/0000000e/dl-TfliteDynamiteDynamite.integ_231810005100400.dm': No such file or directory
11-10 16:10:07.620   859   860 W ziparchive: Unable to open '/data/user_de/0/com.google.android.gms/app_chimera/m/00000001/CronetDynamite.dm': No such file or directory
11-10 16:10:07.620   859   860 W ziparchive: Unable to open '/data/user_de/0/com.google.android.gms/app_chimera/m/00000001/CronetDynamite.dm': No such file or directory
11-10 16:10:07.622   859   860 W ziparchive: Unable to open '/data/user_de/0/com.google.android.gms/app_chimera/m/0000001a/dl-MlkitBarcodeUi.optional_234212100400.dm': No such file or directory
11-10 16:10:07.622   859   860 W ziparchive: Unable to open '/data/user_de/0/com.google.android.gms/app_chimera/m/0000001a/dl-MlkitBarcodeUi.optional_234212100400.dm': No such file or directory
11-10 16:10:07.625   859   860 W ziparchive: Unable to open '/data/user_de/0/com.google.android.gms/app_chimera/m/00000010/AdsDynamite.dm': No such file or directory
11-10 16:10:07.625   859   860 W ziparchive: Unable to open '/data/user_de/0/com.google.android.gms/app_chimera/m/00000010/AdsDynamite.dm': No such file or directory
11-10 16:10:07.627   859   860 W ziparchive: Unable to open '/data/user_de/0/com.google.android.gms/app_chimera/m/00000002/DynamiteLoader.dm': No such file or directory
11-10 16:10:07.627   859   860 W ziparchive: Unable to open '/data/user_de/0/com.google.android.gms/app_chimera/m/00000002/DynamiteLoader.dm': No such file or directory
11-10 16:10:07.633   859   860 W ziparchive: Unable to open '/data/user_de/0/com.google.android.gms/app_chimera/m/0000001e/dl-VisionOcr.optional_234212100000.dm': No such file or directory
11-10 16:10:07.633   859   860 W ziparchive: Unable to open '/data/user_de/0/com.google.android.gms/app_chimera/m/0000001e/dl-VisionOcr.optional_234212100000.dm': No such file or directory
11-10 16:10:07.636   859   860 W ziparchive: Unable to open '/data/user_de/0/com.google.android.gms/app_chimera/m/0000001b/dl-MlkitOcrCommon.optional_234212100400.dm': No such file or directory
11-10 16:10:07.636   859   860 W ziparchive: Unable to open '/data/user_de/0/com.google.android.gms/app_chimera/m/0000001b/dl-MlkitOcrCommon.optional_234212100400.dm': No such file or directory
11-10 16:10:07.638   859   860 W ziparchive: Unable to open '/data/user_de/0/com.google.android.gms/app_chimera/m/00000005/GoogleCertificates.dm': No such file or directory
11-10 16:10:07.638   859   860 W ziparchive: Unable to open '/data/user_de/0/com.google.android.gms/app_chimera/m/00000005/GoogleCertificates.dm': No such file or directory
11-10 16:10:07.640   859   860 W ziparchive: Unable to open '/data/user_de/0/com.google.android.gms/app_chimera/m/0000000d/dl-VisionOcrDynamite.integ_231602402100000.dm': No such file or directory
11-10 16:10:07.640   859   860 W ziparchive: Unable to open '/data/user_de/0/com.google.android.gms/app_chimera/m/0000000d/dl-VisionOcrDynamite.integ_231602402100000.dm': No such file or directory
11-10 16:10:07.644   859   860 W ziparchive: Unable to open '/data/user_de/0/com.google.android.gms/app_chimera/m/0000001f/dl-AdsFdrDynamite.integ_233702200100000.dm': No such file or directory
11-10 16:10:07.644   859   860 W ziparchive: Unable to open '/data/user_de/0/com.google.android.gms/app_chimera/m/0000001f/dl-AdsFdrDynamite.integ_233702200100000.dm': No such file or directory
11-10 16:10:07.651   859   860 W ziparchive: Unable to open '/data/user_de/0/com.google.android.gms/app_chimera/m/00000000/AdsDynamite.dm': No such file or directory
11-10 16:10:07.651   859   860 W ziparchive: Unable to open '/data/user_de/0/com.google.android.gms/app_chimera/m/00000000/AdsDynamite.dm': No such file or directory
11-10 16:10:07.653   859   860 W ziparchive: Unable to open '/data/user_de/0/com.google.android.gms/app_chimera/m/00000017/MeasurementDynamite.dm': No such file or directory
11-10 16:10:07.653   859   860 W ziparchive: Unable to open '/data/user_de/0/com.google.android.gms/app_chimera/m/00000017/MeasurementDynamite.dm': No such file or directory
11-10 16:10:07.656   859   860 W ziparchive: Unable to open '/data/user_de/0/com.google.android.gms/app_chimera/m/0000000c/dl-PlayCloudSearch.optional_231818100000.dm': No such file or directory
11-10 16:10:07.656   859   860 W ziparchive: Unable to open '/data/user_de/0/com.google.android.gms/app_chimera/m/0000000c/dl-PlayCloudSearch.optional_231818100000.dm': No such file or directory
11-10 16:10:07.663   859   860 W ziparchive: Unable to open '/data/user_de/0/com.google.android.gms/app_chimera/m/0000001c/dl-PlayCloudSearch.optional_234212100000.dm': No such file or directory
11-10 16:10:07.664   859   860 W ziparchive: Unable to open '/data/user_de/0/com.google.android.gms/app_chimera/m/0000001c/dl-PlayCloudSearch.optional_234212100000.dm': No such file or directory
11-10 16:10:07.666   859   860 W ziparchive: Unable to open '/data/user_de/0/com.google.android.gms/app_chimera/m/00000011/CronetDynamite.dm': No such file or directory
11-10 16:10:07.666   859   860 W ziparchive: Unable to open '/data/user_de/0/com.google.android.gms/app_chimera/m/00000011/CronetDynamite.dm': No such file or directory
11-10 16:10:07.669   859   860 W ziparchive: Unable to open '/data/user_de/0/com.google.android.gms/app_chimera/m/00000012/DynamiteLoader.dm': No such file or directory
11-10 16:10:07.669   859   860 W ziparchive: Unable to open '/data/user_de/0/com.google.android.gms/app_chimera/m/00000012/DynamiteLoader.dm': No such file or directory
11-10 16:10:07.673   859   860 W ziparchive: Unable to open '/data/user_de/0/com.google.android.gms/app_chimera/m/00000007/MeasurementDynamite.dm': No such file or directory
11-10 16:10:07.673   859   860 W ziparchive: Unable to open '/data/user_de/0/com.google.android.gms/app_chimera/m/00000007/MeasurementDynamite.dm': No such file or directory
11-10 16:10:08.226   857   944 D ControlsListingControllerImpl: Subscribing callback, service count: 0
11-10 16:10:08.228   857   944 D ControlsListingControllerImpl: Unsubscribing callback
11-10 16:10:10.113   736   736 D PlayerUtils: entering BUFFERING
11-10 16:10:10.119   736   736 D MuxStatsEventQueue: attempt to send 2 events, total queue size 2
11-10 16:10:10.119   736   736 D MuxStatsEventQueue:     sending playerready with 34 dims
11-10 16:10:10.121   736   736 D MuxStatsEventQueue:     sending viewstart with 44 dims
11-10 16:10:10.121   736   736 D MuxStatsEventQueue: flush 2 events to batch handler
11-10 16:10:10.121   736   736 D MuxStatsEventQueue:     [playerready, viewstart, ]
11-10 16:10:10.123   736   736 V MockNetworkRequest: Mock network postWithCompletion called with body
11-10 16:10:10.123   736   736 V MockNetworkRequest: {"events":[{"xid":"b3f768c1-521b-4bb7-993b-6f2df3319755","xwati":"0","xdrfrco":"0","uti":"1699661406933","xsqno":"1","pinid":"72f4132e-8d48-4ea3-bc9a-7d67046dd9cd","pmxpinm":"mux-media3","pmxpive":"dev-releases-v1.1.0-d0df6cf","pswnm":"media3-generic","pswve":"1.1.x","pispa":"true","pphti":"0","pht":"0","pwd":"0","psqno":"1","ake":"","mapve":"2.1","memve":"7.8.0","mem":"mux-stats-sdk-java","mvrid":"215e5499-e50e-40a3-ac82-b000c951422b","sst":"1699661406924","sex":"1699662906933","sid":"13fa1311-788b-4f5b-8dae-368e10bdaac5","uosfm":"Android","uosar":"ranchu","uosve":"14 (34)","udvmn":"Google","udvmo":"sdk_gphone64_arm64","udvnm":"","udvcg":"","ucxty":"wifi","ualnm":"com.mux.player.media3","ualve":"1.0","e":"playerready"},{"xid":"b3f768c1-521b-4bb7-993b-6f2df3319755","xwati":"0","xdrfrco":"0","uti":"1699661410118","xsqno":"2","xreco":"0","xredu":"0","vsodm":"localhost:5000","vsour":"http:\/\/localhost:5000\/vod.mp4","vtt":"Basic MuxExoPlayer Example","vsowd":"0","vsoht":"0","vsodu":"-9223372036854775807","vsobi":"0","vsofp":"0.0","pinid":"72f4132e-8d48-4ea3-bc9a-7d67046dd9cd","pmxpinm":"mux-media3","pmxpive":"dev-releases-v1.1.0-d0df6cf","pswnm":"media3-generic","pswve":"1.1.x","pispa":"false","pphti":"-1","pht":"0","pwd":"0","psqno":"2","ake":"","mapve":"2.1","memve":"7.8.0","mem":"mux-stats-sdk-java","mvrid":"215e5499-e50e-40a3-ac82-b000c951422b","sst":"1699661406924","sex":"1699662910118","sid":"13fa1311-788b-4f5b-8dae-368e10bdaac5","uosfm":"Android","uosar":"ranchu","uosve":"14 (34)","udvmn":"Google","udvmo":"sdk_gphone64_arm64","udvnm":"","udvcg":"","ucxty":"wifi","ualnm":"com.mux.player.media3","ualve":"1.0","e":"viewstart"}],"metadata":{"transmission_timestamp":1699661410121}}
11-10 16:10:10.123   736   736 D MuxStatsEventQueue: last batch handler result true
11-10 16:10:10.142   736   863 D TrafficStats: tagSocket(148) with statsTag=0xffffffff, statsUid=-1
11-10 16:10:10.146   736   828 D TrafficStats: tagSocket(150) with statsTag=0xffffffff, statsUid=-1
11-10 16:10:10.148   736   867 W HTTPTest: Received request:
11-10 16:10:10.148   736   867 W HTTPTest: GET /vod.mp4 HTTP/1.1
11-10 16:10:10.148   736   867 W HTTPTest: Icy-MetaData: 1
11-10 16:10:10.148   736   867 W HTTPTest: Accept-Encoding: identity
11-10 16:10:10.148   736   867 W HTTPTest: User-Agent: Dalvik/2.1.0 (Linux; U; Android 14; sdk_gphone64_arm64 Build/UE1A.230829.030)
11-10 16:10:10.148   736   867 W HTTPTest: Host: localhost:5000
11-10 16:10:10.148   736   867 W HTTPTest: Connection: Keep-Alive
11-10 16:10:10.149   736   866 I HTTPTestConnSender: Serving file from position: 0, remaining bytes: 17342534, total file size: 17342534
11-10 16:10:10.151   736   762 D EGL_emulation: app_time_stats: avg=227.81ms min=0.72ms max=2899.10ms count=13
11-10 16:10:10.151   736   866 W HTTPTestConnSender: Sending response:
11-10 16:10:10.151   736   866 W HTTPTestConnSender: HTTP/1.1 206 Partial Content
11-10 16:10:10.151   736   866 W HTTPTestConnSender: Server: SimpleHttpServer/1.0
11-10 16:10:10.151   736   866 W HTTPTestConnSender: Content-Type: video/mp4
11-10 16:10:10.151   736   866 W HTTPTestConnSender: Content-Range: bytes 0-17342533/17342534
11-10 16:10:10.151   736   866 W HTTPTestConnSender: Accept-Ranges: bytes
11-10 16:10:10.151   736   866 W HTTPTestConnSender: Content-Length: 17342534
11-10 16:10:10.151   736   866 W HTTPTestConnSender: Automated-Test-File-Name: vod.mp4
11-10 16:10:10.151   736   866 W HTTPTestConnSender: Request-segment-uuid: 1fabfd4c-9217-4c18-b0fe-2e7e8c91365c
11-10 16:10:10.151   736   866 W HTTPTestConnSender: Request-Delay: 0
11-10 16:10:10.151   736   866 W HTTPTestConnSender: Connection: close
11-10 16:10:10.151   736   866 W HTTPTestConnSender:
11-10 16:10:10.266   736   863 D TrafficStats: tagSocket(120) with statsTag=0xffffffff, statsUid=-1
11-10 16:10:10.267   736   828 D TrafficStats: tagSocket(126) with statsTag=0xffffffff, statsUid=-1
11-10 16:10:10.268   736   873 W HTTPTest: Received request:
11-10 16:10:10.268   736   873 W HTTPTest: GET /vod.mp4 HTTP/1.1
11-10 16:10:10.268   736   873 W HTTPTest: Icy-MetaData: 1
11-10 16:10:10.268   736   873 W HTTPTest: Range: bytes=17180897-
11-10 16:10:10.268   736   873 W HTTPTest: Accept-Encoding: identity
11-10 16:10:10.268   736   873 W HTTPTest: User-Agent: Dalvik/2.1.0 (Linux; U; Android 14; sdk_gphone64_arm64 Build/UE1A.230829.030)
11-10 16:10:10.268   736   873 W HTTPTest: Host: localhost:5000
11-10 16:10:10.268   736   873 W HTTPTest: Connection: Keep-Alive
11-10 16:10:10.268   736   872 D CompatibilityChangeReporter: Compat change id reported: 247079863; UID 10205; state: DISABLED
11-10 16:10:10.269   736   872 I HTTPTestConnSender: Got range header value: 17180897
11-10 16:10:10.270   736   872 I HTTPTestConnSender: Serving file from position: 17180897, remaining bytes: 161637, total file size: 17342534
11-10 16:10:10.270   736   872 W HTTPTestConnSender: Sending response:
11-10 16:10:10.270   736   872 W HTTPTestConnSender: HTTP/1.1 206 Partial Content
11-10 16:10:10.270   736   872 W HTTPTestConnSender: Server: SimpleHttpServer/1.0
11-10 16:10:10.270   736   872 W HTTPTestConnSender: Content-Type: video/mp4
11-10 16:10:10.270   736   872 W HTTPTestConnSender: Content-Range: bytes 17180897-17342533/17342534
11-10 16:10:10.270   736   872 W HTTPTestConnSender: Accept-Ranges: bytes
11-10 16:10:10.270   736   872 W HTTPTestConnSender: Content-Length: 161637
11-10 16:10:10.270   736   872 W HTTPTestConnSender: Automated-Test-File-Name: vod.mp4
11-10 16:10:10.270   736   872 W HTTPTestConnSender: Request-segment-uuid: d8a0bde8-014d-4914-894d-25b8a2ade618
11-10 16:10:10.270   736   872 W HTTPTestConnSender: Request-Delay: 0
11-10 16:10:10.270   736   872 W HTTPTestConnSender: Connection: close
11-10 16:10:10.270   736   872 W HTTPTestConnSender:
11-10 16:10:10.278   736   871 E HTTPTestConnSender: Connection closed by the client !!!
11-10 16:10:10.278   736   871 E HTTPTestConnSender: java.net.SocketException: Broken pipe
11-10 16:10:10.278   736   871 E HTTPTestConnSender: 	at java.net.SocketOutputStream.socketWrite0(Native Method)
11-10 16:10:10.278   736   871 E HTTPTestConnSender: 	at java.net.SocketOutputStream.socketWrite(SocketOutputStream.java:116)
11-10 16:10:10.278   736   871 E HTTPTestConnSender: 	at java.net.SocketOutputStream.write(SocketOutputStream.java:156)
11-10 16:10:10.278   736   871 E HTTPTestConnSender: 	at com.mux.player.media3.automatedtests.mockup.http.ConnectionSender.serveStaticData(ConnectionSender.java:332)
11-10 16:10:10.278   736   871 E HTTPTestConnSender: 	at com.mux.player.media3.automatedtests.mockup.http.ConnectionSender.run(ConnectionSender.java:163)
11-10 16:10:11.157   736   762 D EGL_emulation: app_time_stats: avg=49.19ms min=0.99ms max=756.72ms count=16
11-10 16:10:11.317   736   874 E HTTPTestConnSender: EOF reached !!!
11-10 16:10:11.370   736   863 D TrafficStats: tagSocket(120) with statsTag=0xffffffff, statsUid=-1
11-10 16:10:11.371   736   828 D TrafficStats: tagSocket(143) with statsTag=0xffffffff, statsUid=-1
11-10 16:10:11.372   736   878 W HTTPTest: Received request:
11-10 16:10:11.372   736   878 W HTTPTest: GET /vod.mp4 HTTP/1.1
11-10 16:10:11.372   736   878 W HTTPTest: Icy-MetaData: 1
11-10 16:10:11.372   736   878 W HTTPTest: Range: bytes=48-
11-10 16:10:11.372   736   878 W HTTPTest: Accept-Encoding: identity
11-10 16:10:11.372   736   878 W HTTPTest: User-Agent: Dalvik/2.1.0 (Linux; U; Android 14; sdk_gphone64_arm64 Build/UE1A.230829.030)
11-10 16:10:11.372   736   878 W HTTPTest: Host: localhost:5000
11-10 16:10:11.372   736   878 W HTTPTest: Connection: Keep-Alive
11-10 16:10:11.373   736   876 I HTTPTestConnSender: Got range header value: 48
11-10 16:10:11.374   736   876 I HTTPTestConnSender: Serving file from position: 48, remaining bytes: 17342486, total file size: 17342534
11-10 16:10:11.374   736   876 W HTTPTestConnSender: Sending response:
11-10 16:10:11.374   736   876 W HTTPTestConnSender: HTTP/1.1 206 Partial Content
11-10 16:10:11.374   736   876 W HTTPTestConnSender: Server: SimpleHttpServer/1.0
11-10 16:10:11.374   736   876 W HTTPTestConnSender: Content-Type: video/mp4
11-10 16:10:11.374   736   876 W HTTPTestConnSender: Content-Range: bytes 48-17342533/17342534
11-10 16:10:11.374   736   876 W HTTPTestConnSender: Accept-Ranges: bytes
11-10 16:10:11.374   736   876 W HTTPTestConnSender: Content-Length: 17342486
11-10 16:10:11.374   736   876 W HTTPTestConnSender: Automated-Test-File-Name: vod.mp4
11-10 16:10:11.374   736   876 W HTTPTestConnSender: Request-segment-uuid: 000964cb-25ee-4003-994f-9cef661a5ef3
11-10 16:10:11.374   736   876 W HTTPTestConnSender: Request-Delay: 0
11-10 16:10:11.374   736   876 W HTTPTestConnSender: Connection: close
11-10 16:10:11.374   736   876 W HTTPTestConnSender:
11-10 16:10:11.416   736   736 D ExoPlayerBinding: onTracksChanged
11-10 16:10:11.416   736   768 I DMCodecAdapterFactory: Creating an asynchronous MediaCodec adapter for track type video
11-10 16:10:11.423   736   736 D BandwidthMetrics: onTracksChanged: Got 2 tracks
11-10 16:10:11.424   736   887 D CCodec  : allocate(c2.goldfish.h264.decoder)
11-10 16:10:11.425   736   736 D BandwidthMetrics: onTracksChanged: ended function with renditions: [{size: [1280x720], 29.970118fps, -1bps, name: 1280_720_-1_avc1.4D401F_29.970118 codec avc1.4D401F}]
11-10 16:10:11.425   736   887 I Codec2Client: Available Codec2 services: "default" "software"
11-10 16:10:11.432   736   887 I CCodec  : setting up 'default' as default (vendor) store
11-10 16:10:11.436   361 11592 I GoldfishComponentStore: in init
11-10 16:10:11.436   361 11592 I GoldfishComponentStore: loading dll of path libcodec2_goldfish_avcdec.so
11-10 16:10:11.438   361 11592 I GoldfishComponentStore: Create()
11-10 16:10:11.442   361 11592 I GoldfishComponentStore: created interface
11-10 16:10:11.444   361 11592 I GoldfishComponentStore: created component
11-10 16:10:11.446   736   887 I CCodec  : Created component [c2.goldfish.h264.decoder]
11-10 16:10:11.447   736   887 D CCodecConfig: read media type: video/avc
11-10 16:10:11.450   736   887 D ReflectedParamUpdater: extent() != 1 for single value type: algo.buffers.max-count.values
11-10 16:10:11.451   736   887 D ReflectedParamUpdater: extent() != 1 for single value type: output.subscribed-indices.values
11-10 16:10:11.451   736   887 D ReflectedParamUpdater: extent() != 1 for single value type: input.buffers.allocator-ids.values
11-10 16:10:11.452   736   887 D ReflectedParamUpdater: extent() != 1 for single value type: output.buffers.allocator-ids.values
11-10 16:10:11.452   736   887 D ReflectedParamUpdater: extent() != 1 for single value type: algo.buffers.allocator-ids.values
11-10 16:10:11.453   736   887 D ReflectedParamUpdater: extent() != 1 for single value type: output.buffers.pool-ids.values
11-10 16:10:11.453   736   887 D ReflectedParamUpdater: extent() != 1 for single value type: algo.buffers.pool-ids.values
11-10 16:10:11.454   736   887 D ReflectedParamUpdater: ignored struct field coded.color-format.locations
11-10 16:10:11.455   736   887 D CCodecConfig: ignoring local param raw.size (0xd2001800) as it is already supported
11-10 16:10:11.455   736   887 D CCodecConfig: ignoring local param default.color (0x5200180b) as it is already supported
11-10 16:10:11.455   736   887 D ReflectedParamUpdater: ignored struct field raw.hdr-static-info.mastering
11-10 16:10:11.456   736   887 I CCodecConfig: query failed after returning 12 values (BAD_INDEX)
11-10 16:10:11.456   736   887 D CCodecConfig: c2 config diff is Dict {
11-10 16:10:11.456   736   887 D CCodecConfig:   c2::u32 coded.pl.level = 20496
11-10 16:10:11.456   736   887 D CCodecConfig:   c2::u32 coded.pl.profile = 20481
11-10 16:10:11.456   736   887 D CCodecConfig:   c2::u32 coded.vui.color.matrix = 0
11-10 16:10:11.456   736   887 D CCodecConfig:   c2::u32 coded.vui.color.primaries = 0
11-10 16:10:11.456   736   887 D CCodecConfig:   c2::u32 coded.vui.color.range = 2
11-10 16:10:11.456   736   887 D CCodecConfig:   c2::u32 coded.vui.color.transfer = 0
11-10 16:10:11.456   736   887 D CCodecConfig:   c2::u32 default.color.matrix = 0
11-10 16:10:11.456   736   887 D CCodecConfig:   c2::u32 default.color.primaries = 0
11-10 16:10:11.456   736   887 D CCodecConfig:   c2::u32 default.color.range = 0
11-10 16:10:11.456   736   887 D CCodecConfig:   c2::u32 default.color.transfer = 0
11-10 16:10:11.456   736   887 D CCodecConfig:   c2::u32 input.buffers.max-size.value = 6291456
11-10 16:10:11.456   736   887 D CCodecConfig:   c2::u32 input.delay.value = 0
11-10 16:10:11.456   736   887 D CCodecConfig:   string input.media-type.value = "video/avc"
11-10 16:10:11.456   736   887 D CCodecConfig:   c2::u32 output.delay.value = 8
11-10 16:10:11.456   736   887 D CCodecConfig:   string output.media-type.value = "video/raw"
11-10 16:10:11.456   736   887 D CCodecConfig:   c2::u32 raw.color.matrix = 0
11-10 16:10:11.456   736   887 D CCodecConfig:   c2::u32 raw.color.primaries = 0
11-10 16:10:11.456   736   887 D CCodecConfig:   c2::u32 raw.color.range = 2
11-10 16:10:11.456   736   887 D CCodecConfig:   c2::u32 raw.color.transfer = 0
11-10 16:10:11.456   736   887 D CCodecConfig:   c2::u32 raw.max-size.height = 240
11-10 16:10:11.456   736   887 D CCodecConfig:   c2::u32 raw.max-size.width = 320
11-10 16:10:11.456   736   887 D CCodecConfig:   c2::u32 raw.pixel-format.value = 35
11-10 16:10:11.456   736   887 D CCodecConfig:   c2::i32 raw.rotation.flip = 0
11-10 16:10:11.456   736   887 D CCodecConfig:   c2::i32 raw.rotation.value = 0
11-10 16:10:11.456   736   887 D CCodecConfig:   c2::u32 raw.sar.height = 1
11-10 16:10:11.456   736   887 D CCodecConfig:   c2::u32 raw.sar.width = 1
11-10 16:10:11.456   736   887 D CCodecConfig:   c2::u32 raw.size.height = 240
11-10 16:10:11.456   736   887 D CCodecConfig:   c2::u32 raw.size.width = 320
11-10 16:10:11.456   736   887 D CCodecConfig:   c2:
11-10 16:10:11.457   736   887 W ColorUtils: expected specified color aspects (2:0:0:0)
11-10 16:10:11.460   736   886 I MediaCodec: MediaCodec will operate in async mode
11-10 16:10:11.460   736   886 D MediaCodec: flushMediametrics
11-10 16:10:11.460   736   886 D SurfaceUtils: connecting to surface 0xb400006dbcc36330, reason connectToSurface
11-10 16:10:11.460   736   886 I MediaCodec: [c2.goldfish.h264.decoder] setting surface generation to 753665
11-10 16:10:11.460   736   886 D SurfaceUtils: disconnecting from surface 0xb400006dbcc36330, reason connectToSurface(reconnect)
11-10 16:10:11.460   736   886 D SurfaceUtils: connecting to surface 0xb400006dbcc36330, reason connectToSurface(reconnect)
11-10 16:10:11.461   736   887 I CCodecBufferChannel: Using latch times for frame rendered signals - present fences not supported
11-10 16:10:11.461   736   887 D CCodec  : [c2.goldfish.h264.decoder] buffers are bound to CCodec for this session
11-10 16:10:11.461   736   887 D CCodecConfig: no c2 equivalents for csd-1
11-10 16:10:11.461   736   887 D CCodecConfig: no c2 equivalents for log-session-id
11-10 16:10:11.461   736   887 D CCodecConfig: no c2 equivalents for native-window
11-10 16:10:11.461   736   887 D CCodecConfig: no c2 equivalents for flags
11-10 16:10:11.462   736   887 D CCodecConfig: config failed => CORRUPTED
11-10 16:10:11.462   736   887 D CCodecConfig: c2 config diff is   c2::u32 raw.max-size.height = 720
11-10 16:10:11.462   736   887 D CCodecConfig:   c2::u32 raw.max-size.width = 1280
11-10 16:10:11.462   736   887 D CCodecConfig:   c2::u32 raw.size.height = 720
11-10 16:10:11.462   736   887 D CCodecConfig:   c2::u32 raw.size.width = 1280
11-10 16:10:11.463   736   887 W Codec2Client: query -- param skipped: index = 1107298332.
11-10 16:10:11.463   736   887 D CCodec  : client requested max input size 61725, which is smaller than what component recommended (6291456); overriding with component recommendation.
11-10 16:10:11.463   736   887 W CCodec  : This behavior is subject to change. It is recommended that app developers double check whether the requested max input size is in reasonable range.
11-10 16:10:11.463   736   887 D CCodec  : encoding statistics level = 0
11-10 16:10:11.463   736   887 D CCodec  : setup formats input: AMessage(what = 0x00000000) = {
11-10 16:10:11.463   736   887 D CCodec  :   int32_t height = 720
11-10 16:10:11.463   736   887 D CCodec  :   int32_t level = 65536
11-10 16:10:11.463   736   887 D CCodec  :   int32_t max-input-size = 6291456
11-10 16:10:11.463   736   887 D CCodec  :   string mime = "video/avc"
11-10 16:10:11.463   736   887 D CCodec  :   int32_t profile = 65536
11-10 16:10:11.463   736   887 D CCodec  :   int32_t width = 1280
11-10 16:10:11.463   736   887 D CCodec  :   Rect crop(0, 0, 1279, 719)
11-10 16:10:11.463   736   887 D CCodec  : }
11-10 16:10:11.463   736   887 D CCodec  : setup formats output: AMessage(what = 0x00000000) = {
11-10 16:10:11.463   736   887 D CCodec  :   int32_t android._color-format = 2135033992
11-10 16:10:11.463   736   887 D CCodec  :   int32_t android._video-scaling = 1
11-10 16:10:11.463   736   887 D CCodec  :   int32_t rotation-degrees = 0
11-10 16:10:11.463   736   887 D CCodec  :   int32_t color-standard = 1
11-10 16:10:11.463   736   887 D CCodec  :   int32_t color-range = 2
11-10 16:10:11.463   736   887 D CCodec  :   int32_t color-transfer = 3
11-10 16:10:11.463   736   887 D CCodec  :   int32_t sar-height = 1
11-10 16:10:11.463   736   887 D CCodec  :   int32_t sar-width = 1
11-10 16:10:11.463   736   887 D CCodec  :   Rect crop(0, 0, 1279, 719)
11-10 16:10:11.463   736   887 D CCodec  :   int32_t width = 1280
11-10 16:10:11.463   736   887 D CCodec  :   int32_t height = 720
11-10 16:10:11.463   736   887 D CCodec  :   int32_t max-height = 720
11-10 16:10:11.463   736   887 D CCodec  :   int32_t max-width = 1280
11-10 16:10:11.463   736   887 D CCodec  :   string mime = "video/raw"
11-10 16:10:11.463   736   887 D CCodec  :   int32_t android._dataspace = 260
11-10 16:10:11.463   736   887 D CCodec  :   int32_t color-format = 2130708361
11-10 16:10:11.463   736   887 D CCodec  : }
11-10 16:10:11.463   736   887 I CCodecConfig: query failed after returning 12 values (BAD_INDEX)
11-10 16:10:11.464   736   768 D MediaCodec: keep callback message for reclaim
11-10 16:10:11.464   361   906 D C2GoldfishAvcDec: calling onInit
11-10 16:10:11.464   736   887 W Codec2Client: query -- param skipped: index = 1342179345.
11-10 16:10:11.464   736   887 W Codec2Client: query -- param skipped: index = 2415921170.
11-10 16:10:11.464   736   887 W Codec2Client: query -- param skipped: index = 1610614798.
11-10 16:10:11.465   736   887 W Codec2Client: query -- param skipped: index = 2684356609.
11-10 16:10:11.465   736   887 D C2Store : Using DMABUF Heaps
11-10 16:10:11.466   736   887 D CCodecBufferChannel: [c2.goldfish.h264.decoder#928] Created input block pool with allocatorID 16 => poolID 17 - OK (0)
11-10 16:10:11.466   736   887 D CCodecBufferChannel: [c2.goldfish.h264.decoder#928] Query output surface allocator returned 0 params => BAD_INDEX (6)
11-10 16:10:11.467   736   887 I CCodecBufferChannel: [c2.goldfish.h264.decoder#928] Created output block pool with allocatorID 18 => poolID 30 - OK
11-10 16:10:11.468   736   887 D CCodecBufferChannel: [c2.goldfish.h264.decoder#928] Configured output block pool ids 30 => OK
11-10 16:10:11.468   736   887 D Codec2-OutputBufferQueue: remote graphic buffer migration 0/0
11-10 16:10:11.468   736   887 D Codec2Client: setOutputSurface -- failed to set consumer usage (6/BAD_INDEX)
11-10 16:10:11.468   736   887 D Codec2Client: setOutputSurface -- generation=753665 consumer usage=0x900
11-10 16:10:11.475   361   361 D C2BqBuffer: local generation change 753665 , bqId: 3161095929857 migrated buffers # 0
11-10 16:10:11.475   736   887 D Codec2Client: Surface configure completed
11-10 16:10:11.475   736   887 I DMABUFHEAPS: Using DMA-BUF heap named: system
11-10 16:10:11.479   427  3383 W ResourceManagerService: Ignoring request to add new resource entry with value <= 0
11-10 16:10:11.481   736   736 D ExoPlayerBinding: onVideoInputFormatChanged: new format: bitrate -1 and frameRate 29.970118
11-10 16:10:11.481   736   768 I DMCodecAdapterFactory: Creating an asynchronous MediaCodec adapter for track type audio
11-10 16:10:11.481   736   914 D CCodec  : allocate(c2.android.aac.decoder)
11-10 16:10:11.482   736   914 I CCodec  : setting up 'default' as default (vendor) store
11-10 16:10:11.485   361   906 D SimpleC2Component: Using output block pool with poolID 30 => got 30 - 0
11-10 16:10:11.509   736   914 I CCodec  : Created component [c2.android.aac.decoder]
11-10 16:10:11.509   736   914 D CCodecConfig: read media type: audio/mp4a-latm
11-10 16:10:11.512   736   914 D ReflectedParamUpdater: extent() != 1 for single value type: algo.buffers.max-count.values
11-10 16:10:11.512   736   914 D ReflectedParamUpdater: extent() != 1 for single value type: output.subscribed-indices.values
11-10 16:10:11.513   736   914 D ReflectedParamUpdater: extent() != 1 for single value type: input.buffers.allocator-ids.values
11-10 16:10:11.513   736   914 D ReflectedParamUpdater: extent() != 1 for single value type: output.buffers.allocator-ids.values
11-10 16:10:11.514   736   914 D ReflectedParamUpdater: extent() != 1 for single value type: algo.buffers.allocator-ids.values
11-10 16:10:11.514   736   914 D ReflectedParamUpdater: extent() != 1 for single value type: output.buffers.pool-ids.values
11-10 16:10:11.514   736   914 D ReflectedParamUpdater: extent() != 1 for single value type: algo.buffers.pool-ids.values
11-10 16:10:11.518   736   914 I CCodecConfig: query failed after returning 20 values (BAD_INDEX)
11-10 16:10:11.518   736   914 D CCodecConfig: c2 config diff is Dict {
11-10 16:10:11.518   736   914 D CCodecConfig:   c2::u32 coded.aac-packaging.value = 0
11-10 16:10:11.518   736   914 D CCodecConfig:   c2::u32 coded.bitrate.value = 64000
11-10 16:10:11.518   736   914 D CCodecConfig:   c2::u32 coded.pl.level = 0
11-10 16:10:11.518   736   914 D CCodecConfig:   c2::u32 coded.pl.profile = 8192
11-10 16:10:11.518   736   914 D CCodecConfig:   c2::i32 coding.drc.album-mode.value = 0
11-10 16:10:11.518   736   914 D CCodecConfig:   c2::float coding.drc.attenuation-factor.value = 1
11-10 16:10:11.518   736   914 D CCodecConfig:   c2::float coding.drc.boost-factor.value = 1
11-10 16:10:11.518   736   914 D CCodecConfig:   c2::i32 coding.drc.compression-mode.value = 3
11-10 16:10:11.518   736   914 D CCodecConfig:   c2::i32 coding.drc.effect-type.value = 3
11-10 16:10:11.518   736   914 D CCodecConfig:   c2::float coding.drc.encoded-level.value = 0.25
11-10 16:10:11.518   736   914 D CCodecConfig:   c2::float coding.drc.reference-level.value = -16
11-10 16:10:11.518   736   914 D CCodecConfig:   c2::u32 input.buffers.max-size.value = 8192
11-10 16:10:11.518   736   914 D CCodecConfig:   c2::u32 input.delay.value = 0
11-10 16:10:11.518   736   914 D CCodecConfig:   string input.media-type.value = "audio/mp4a-latm"
11-10 16:10:11.518   736   914 D CCodecConfig:   c2::u32 output.delay.value = 2
11-10 16:10:11.518   736   914 D CCodecConfig:   c2::float output.drc.output-loudness.value = 0.25
11-10 16:10:11.518   736   914 D CCodecConfig:   string output.media-type.value = "audio/raw"
11-10 16:10:11.518   736   914 D CCodecConfig:   c2::u32 raw.channel-count.value = 1
11-10 16:10:11.518   736   914 D CCodecConfig:   c2::u32 raw.channel-mask.value = 0
11-10 16:10:11.518   736   914 D CCodecConfig:   c2::u32 raw.max-channel-count.value = 8
11-10 16:10:11.518   736   914 D CCodecConfig:   c2::u32 raw.sample-rate.value = 44100
11-10 16:10:11.518   736   914 D CCodecConfig: }
11-10 16:10:11.520   736   914 I MediaCodec: MediaCodec will operate in async mode
11-10 16:10:11.520   736   914 D MediaCodec: flushMediametrics
11-10 16:10:11.520   736   914 D CCodec  : [c2.android.aac.decoder] buffers are bound to CCodec for this session
11-10 16:10:11.520   736   914 D CCodecConfig: no c2 equivalents for log-session-id
11-10 16:10:11.521   736   914 D CCodecConfig: no c2 equivalents for flags
11-10 16:10:11.522   736   914 D CCodecConfig: config failed => CORRUPTED
11-10 16:10:11.522   736   914 D CCodecConfig: c2 config diff is   c2::u32 raw.channel-count.value = 2
11-10 16:10:11.523   736   914 W Codec2Client: query -- param skipped: index = 1107298332.
11-10 16:10:11.523   736   914 D CCodec  : client requested max input size 559, which is smaller than what component recommended (8192); overriding with component recommendation.
11-10 16:10:11.523   736   914 W CCodec  : This behavior is subject to change. It is recommended that app developers double check whether the requested max input size is in reasonable range.
11-10 16:10:11.523   736   914 D CCodec  : encoding statistics level = 0
11-10 16:10:11.523   736   914 D CCodec  : setup formats input: AMessage(what = 0x00000000) = {
11-10 16:10:11.523   736   914 D CCodec  :   int32_t aac-drc-album-mode = 0
11-10 16:10:11.523   736   914 D CCodec  :   int32_t aac-drc-boost-level = 127
11-10 16:10:11.523   736   914 D CCodec  :   int32_t aac-drc-cut-level = 127
11-10 16:10:11.523   736   914 D CCodec  :   int32_t aac-drc-effect-type = 3
11-10 16:10:11.523   736   914 D CCodec  :   int32_t aac-encoded-target-level = -1
11-10 16:10:11.523   736   914 D CCodec  :   int32_t aac-max-output-channel_count = 8
11-10 16:10:11.523   736   914 D CCodec  :   int32_t aac-target-ref-level = 64
11-10 16:10:11.523   736   914 D CCodec  :   int32_t bitrate = 64000
11-10 16:10:11.523   736   914 D CCodec  :   int32_t channel-count = 2
11-10 16:10:11.523   736   914 D CCodec  :   int32_t channel-mask = 0
11-10 16:10:11.523   736   914 D CCodec  :   int32_t level = 0
11-10 16:10:11.523   736   914 D CCodec  :   int32_t max-input-size = 8192
11-10 16:10:11.523   736   914 D CCodec  :   int32_t max-output-channel-count = 8
11-10 16:10:11.523   736   914 D CCodec  :   string mime = "audio/mp4a-latm"
11-10 16:10:11.523   736   914 D CCodec  :   int32_t profile = 2
11-10 16:10:11.523   736   914 D CCodec  :   int32_t sample-rate = 44100
11-10 16:10:11.523   736   914 D CCodec  : }
11-10 16:10:11.523   736   914 D CCodec  : setup formats output: AMessage(what = 0x00000000) = {
11-10 16:10:11.523   736   914 D CCodec  :   int32_t aac-drc-album-mode = 0
11-10 16:10:11.523   736   914 D CCodec  :   int32_t aac-drc-boost-level = 127
11-10 16:10:11.523   736   914 D CCodec  :   int32_t aac-drc-cut-level = 127
11-10 16:10:11.523   736   914 D CCodec  :   int32_t aac-drc-effect-type = 3
11-10 16:10:11.523   736   914 D CCodec  :   int32_t aac-drc-output-loudness = -1
11-10 16:10:11.523   736   914 D CCodec  :   int32_t aac-encoded-target-level = -1
11-10 16:10:11.523   736   914 D CCodec  :   int32_t aac-max-output-channel_count = 8
11-10 16:10:11.523   736   914 D CCodec  :   int32_t aac-target-ref-level = 64
11-10 16:10:11.523   736   914 D CCodec  :   int32_t channel-count = 2
11-10 16:10:11.523   736   914 D CCodec  :   int32_t channel-mask = 0
11-10 16:10:11.523   736   914 D CCodec  :   int32_t max-output-channel-count = 8
11-10 16:10:11.523   736   914 D CCodec  :   string mime = "audio/raw"
11-10 16:10:11.523   736   914 D CCodec  :   int32_t sample-rate = 44100
11-10 16:10:11.523   736   914 D CCodec  :   int32_t android._config-pcm-encoding = 2
11-10 16:10:11.523   736   914 D CCodec  : }
11-10 16:10:11.524   736   914 I CCodecConfig: query failed after returning 20 values (BAD_INDEX)
11-10 16:10:11.525   736   768 D MediaCodec: keep callback message for reclaim
11-10 16:10:11.530   736   914 W Codec2Client: query -- param skipped: index = 1342179345.
11-10 16:10:11.530   736   914 W Codec2Client: query -- param skipped: index = 2415921170.
11-10 16:10:11.530   736   914 W Codec2Client: query -- param skipped: index = 1610614798.
11-10 16:10:11.531   736   914 D CCodecBufferChannel: [c2.android.aac.decoder#753] Created input block pool with allocatorID 16 => poolID 18 - OK (0)
11-10 16:10:11.534   736   914 I CCodecBufferChannel: [c2.android.aac.decoder#753] Created output block pool with allocatorID 16 => poolID 40 - OK
11-10 16:10:11.534   736   914 D CCodecBufferChannel: [c2.android.aac.decoder#753] Configured output block pool ids 40 => OK
11-10 16:10:11.535   431   919 D SimpleC2Component: Using output block pool with poolID 40 => got 40 - 0
11-10 16:10:11.560   431   919 I C2SoftAacDec: Reconfiguring decoder: 0->44100 Hz, 0->2 channels
11-10 16:10:11.571   736   914 D CCodecConfig: c2 config diff is   c2::u32 raw.channel-mask.value = 12
11-10 16:10:11.571   736   914 D CCodecBuffers: [c2.android.aac.decoder#753:Output[N]] popFromStashAndRegister: at 1000000000000us, output format changed to AMessage(what = 0x00000000) = {
11-10 16:10:11.571   736   914 D CCodecBuffers:   int32_t aac-drc-album-mode = 0
11-10 16:10:11.571   736   914 D CCodecBuffers:   int32_t aac-drc-boost-level = 127
11-10 16:10:11.571   736   914 D CCodecBuffers:   int32_t aac-drc-cut-level = 127
11-10 16:10:11.571   736   914 D CCodecBuffers:   int32_t aac-drc-effect-type = 3
11-10 16:10:11.571   736   914 D CCodecBuffers:   int32_t aac-drc-output-loudness = -1
11-10 16:10:11.571   736   914 D CCodecBuffers:   int32_t aac-encoded-target-level = -1
11-10 16:10:11.571   736   914 D CCodecBuffers:   int32_t aac-max-output-channel_count = 8
11-10 16:10:11.571   736   914 D CCodecBuffers:   int32_t aac-target-ref-level = 64
11-10 16:10:11.571   736   914 D CCodecBuffers:   int32_t channel-count = 2
11-10 16:10:11.571   736   914 D CCodecBuffers:   int32_t channel-mask = 12
11-10 16:10:11.571   736   914 D CCodecBuffers:   int32_t max-output-channel-count = 8
11-10 16:10:11.571   736   914 D CCodecBuffers:   string mime = "audio/raw"
11-10 16:10:11.571   736   914 D CCodecBuffers:   int32_t sample-rate = 44100
11-10 16:10:11.571   736   914 D CCodecBuffers:   int32_t android._config-pcm-encoding = 2
11-10 16:10:11.571   736   914 D CCodecBuffers: }
11-10 16:10:11.579   736   887 D CCodecConfig: c2 config diff is   c2::u32 raw.crop.height = 720
11-10 16:10:11.579   736   887 D CCodecConfig:   c2::u32 raw.crop.left = 0
11-10 16:10:11.579   736   887 D CCodecConfig:   c2::u32 raw.crop.top = 0
11-10 16:10:11.579   736   887 D CCodecConfig:   c2::u32 raw.crop.width = 1280
11-10 16:10:11.614   383 15355 W AudioFlinger: createTrack_l(): mismatch between requested flags (00000008) and output flags (00000002)
11-10 16:10:11.614   383 15355 D AudioFlinger: Client defaulted notificationFrames to 8024 for frameCount 16048
11-10 16:10:11.617   383 15355 D AF::TrackHandle: OpPlayAudio: track:72 usage:1 not muted
11-10 16:10:11.622   162   162 I hwservicemanager: getTransport: Cannot find entry android.hardware.graphics.mapper@4.0::IMapper/default in either framework or device VINTF manifest.
11-10 16:10:11.730 30085 30085 D BoundBrokerSvc: onUnbind: Intent { act=com.google.android.gms.feedback.internal.IFeedbackService dat=chimera-action:/... cmp=com.google.android.gms/.chimera.GmsBoundBrokerService }
11-10 16:10:11.837   736   926 D ProfileInstaller: Installing profile for com.mux.player.media3
11-10 16:10:12.426   736   762 D EGL_emulation: app_time_stats: avg=132.97ms min=0.83ms max=786.57ms count=9
11-10 16:10:12.885   383 15355 D audioserver: FGS Logger Transaction failed
11-10 16:10:12.885   383 15355 D audioserver: -129
11-10 16:10:12.889   736   736 D PlayerUtils: entering READY
11-10 16:10:12.903   736   768 D AudioTrack: getTimestamp_l(32): device stall time corrected using current time 28856263245312
11-10 16:10:12.962   383   478 D AudioFlinger: mixer(0xb4000079ab52f930) throttle end: throttle time(26)
11-10 16:10:13.496  1678  2154 I AiAiStatsd: No op: the most recent atoms from the date 2023-11-09 have been uploaded.
11-10 16:10:13.570   736   762 D EGL_emulation: app_time_stats: avg=381.35ms min=299.43ms max=516.57ms count=3
11-10 16:10:14.770   736   762 D EGL_emulation: app_time_stats: avg=299.86ms min=200.58ms max=334.79ms count=4
11-10 16:10:14.849   857   857 D StatusBarIconController: ignoring old pipeline callbacks, because the new mobile icons are enabled
11-10 16:10:14.872   857   946 D EGL_emulation: app_time_stats: avg=14825.00ms min=14825.00ms max=14825.00ms count=1
11-10 16:10:15.943   736   762 D EGL_emulation: app_time_stats: avg=293.26ms min=199.73ms max=339.56ms count=4
